47/55 Test #47: draft_policy_test ................   Passed    0.12 sec
      Start 48: conv_cache_test
48/55 Test #48: conv_cache_test ..................   Passed    0.13 sec
      Start 49: coupled_draft_test
49/55 Test #49: coupled_draft_test ...............   Passed    0.18 sec
      Start 50: bf16_bits_test
50/55 Test #50: bf16_bits_test ...................   Passed    5.29 sec
      Start 51: hip_prefill_mmq_parity
51/55 Test #51: hip_prefill_mmq_parity ...........***Failed    1.03 sec
MMQ parity screen failed: synthetic-Q2_0-GU-pass0: non-finite or unwritten MMQ output

      Start 52: expert_multi_test
52/55 Test #52: expert_multi_test ................   Passed    0.15 sec
      Start 53: expert_parity
53/55 Test #53: expert_parity ....................***Failed    0.14 sec
cannot read expert 0 (layer 0) from pack/full/experts.bin
  AVX512 F/BW/VL/VNNI/VBMI                     all present

      Start 54: pool_test
54/55 Test #54: pool_test ........................***Failed    0.13 sec
cannot read expert 0 of layer 0 from pack/full/experts.bin

      Start 55: pool_stress
55/55 Test #55: pool_stress ......................   Passed   20.31 sec

91% tests passed, 5 tests failed out of 55

Total Test time (real) = 108.09 sec

The following tests did not run:
	 15 - hip_prompt_attn_wmma (Skipped)
	 16 - hip_prefill_hipblaslt_gemm (Skipped)

The following tests FAILED:
	 10 - hip_handoff (Failed)
	 35 - ple_parity (Failed)
	 51 - hip_prefill_mmq_parity (Failed)
	 53 - expert_parity (Failed)
	 54 - pool_test (Failed)
ctest : Errors while running CTest
At line:1 char:466
+ ... ipts;$env:PATH"; ctest --output-on-failure --timeout 600 2>&1 | Tee-O ...
+                      ~~~~~~~~~~~~~~~~~~~~~~~~~~~~~~~~~~~~~~~~~~~~
    + CategoryInfo          : NotSpecified: (Errors while running CTest:String) [], RemoteException
    + FullyQualifiedErrorId : NativeCommandError
 

[exited with code 8]
