====BUILD DIRS
ggml/
====PKG
#!/usr/bin/env python3
"""Package the Windows HIP engine as the ready-made zip setup.py downloads (strata-windows-x64-hip.zip).

    python tools/hip/package_windows.py --build build-hip-win --rocm <rocm-sdk path --root> \\
        --archs "gfx1100;gfx1201" --rocm-version 10.2.0a20260930 --out dist

tools/hip/build_windows.bat runs it after the build.  The zip holds:

    strata.exe, strata-device.exe, BUILD.json      (backend "hip", the archs, the ROCm and hipBLASLt versions)
    rocm/bin/*.dll                                 the ROCm DLLs the two programs load (their import tables, followed
                                                   through the ROCm DLLs, + amd_comgr.dll, which the HIP runtime loads
                                                   by name) and the Microsoft C++ runtime they import
    rocm/bin/rocblas/library, rocm/bin/hipblaslt/library   the GEMM kernels, for these archs only
    rocm/.kpack/                                   rocBLAS's own device code for these archs (rocblas.dll finds it at
                                                   ../.kpack from its folder)
    rocm/licenses/                                 the shipped components' licenses, and NOTICE.txt

setup.py puts rocm/bin first on the engine's PATH (the config's lib_dirs).  The AMD display driver (AMD Software:
Adrenalin Edition) is the only thing the user installs: TheRock's HIP runtime runs on top of it.
"""
from __future__ import annotations

import argparse
import json
import os
import re
import shutil
import subprocess
import sys
import zipfile
from pathlib import Path

ROOT = Path(__file__).resolve().parents[2]
ASSET = "strata-windows-x64-hip.zip"
PROGRAMS = ("strata.exe", "strata-device.exe")
DYNAMIC = ("amd_comgr.dll",)                     # LoadLibrary'd by amdhip64_7.dll: not in any import table
CRT = ("msvcp140.dll", "msvcp140_1.dll", "msvcp140_2.dll", "vcruntime140.dll", "vcruntime140_1.dll")
KPACKS = ("blas_lib",)       # rocblas.dll's own device code; rocSOLVER's (27 MB per arch) is never launched by Strata
LICENSES = ("rocblas", "rocsolver", "hipblas", "hipblas-common", "hipblaslt", "amd_comgr", "rocm-core")
NOTICE = """Strata's Windows HIP engine ships these AMD ROCm components unmodified, from AMD's TheRock Python wheels
(ROCm {rocm}, https://nightly.repo.amd.com/rocm/whl-next/, built from https://github.com/ROCm/TheRock):

{dlls}

Licenses: rocBLAS, hipBLAS, hipBLAS-common, hipBLASLt (and its TensileLite host and origami libraries), rocm-core: MIT;
rocSOLVER: BSD 2-clause; amd_comgr: Apache 2.0 with LLVM exceptions (files in this folder).  The HIP runtime
(amdhip64_7.dll, https://github.com/ROCm/rocm-systems/tree/develop/projects/clr) and rocm_kpack.dll (TheRock) are MIT
licensed; their wheels carry no license file.  The Microsoft Visual C++ runtime DLLs (msvcp140*.dll,
vcruntime140*.dll) are redistributable under the Visual Studio license (Distributable Code).
"""


def imports(objdump: Path, dll: Path) -> list[str]:
    text = subprocess.run([str(objdump), "-p", str(dll)], capture_output=True, text=True, check=True).stdout
    return [m.group(1) for m in re.finditer(r"DLL Name:\s*(\S+)", text)]


def crt_dir() -> Path | None:
    """The MSVC redist folder with the C++ runtime DLLs (vcvars sets VCToolsRedistDir)."""
    base = os.environ.get("VCToolsRedistDir")
