== coder-iq1_m-todo2: up True after 12.6 s (pid 24032)
{"test": "server: cold first request (short code prompt)", "wall_s": 11.43, "finish": "length", "cache_n": 0, "prompt_n": 314, "prompt_per_second": 209.6, "predicted_n": 400, "predicted_per_second": 40.4, "draft_n": 304, "draft_n_accepted": 277, "accept_pct": 91.1}
{"test": "server: fresh code prompt", "wall_s": 12.09, "finish": "length", "cache_n": 0, "prompt_n": 218, "prompt_per_second": 190.9, "predicted_n": 400, "predicted_per_second": 36.6, "draft_n": 299, "draft_n_accepted": 251, "accept_pct": 83.9}
{"test": "server: ~4.75K-token prompt, prefill + decode tail", "wall_s": 21.08, "finish": "length", "cache_n": 0, "prompt_n": 4749, "prompt_per_second": 548.1, "predicted_n": 400, "predicted_per_second": 32.3, "draft_n": 282, "draft_n_accepted": 224, "accept_pct": 79.4}
{"test": "server: repeated first prompt (reference only)", "wall_s": 11.12, "finish": "length", "cache_n": 0, "prompt_n": 314, "prompt_per_second": 243.0, "predicted_n": 400, "predicted_per_second": 40.8, "draft_n": 304, "draft_n_accepted": 275, "accept_pct": 90.5}
{"test": "pp4096 @ d0", "wall_s": 7.69, "finish": "length", "cache_n": 0, "prompt_n": 4085, "prompt_per_second": 536.6, "predicted_n": 1, "predicted_per_second": 23.3, "draft_n": 0, "draft_n_accepted": 0}
{"test": "tg128 @ d0", "wall_s": 5.84, "finish": "length", "cache_n": 0, "prompt_n": 68, "prompt_per_second": 56.6, "predicted_n": 128, "predicted_per_second": 27.7, "draft_n": 99, "draft_n_accepted": 57, "accept_pct": 57.6}
{"test": "depth 16384 prefix (cached for the next rows)", "wall_s": 28.97, "finish": "length", "cache_n": 0, "prompt_n": 16384, "prompt_per_second": 568.3, "predicted_n": 1, "predicted_per_second": 20.4, "draft_n": 0, "draft_n_accepted": 0}
{"test": "pp4096 @ d16384", "wall_s": 36.57, "finish": "length", "cache_n": 0, "prompt_n": 20421, "prompt_per_second": 560.3, "predicted_n": 1, "predicted_per_second": 23.5, "draft_n": 0, "draft_n_accepted": 0}
{"test": "tg128 @ d16384", "wall_s": 33.77, "finish": "length", "cache_n": 0, "prompt_n": 16401, "prompt_per_second": 563.5, "predicted_n": 128, "predicted_per_second": 27.9, "draft_n": 100, "draft_n_accepted": 62, "accept_pct": 62.0}
strata generate: expert cache auto: 36.08 GiB free, 700 MiB reserved (+218 MiB for the draft head) -> 12288 slots
strata generate: expert cache 12288 slots, 23.42 GiB of VRAM; policy is
strata serve: 12061 MiB of VRAM free with everything loaded
strata serve: decode expert cache hit rate: 100.0% (204960 hits / 204960 lookups)
strata serve: decode expert cache hit rate: 100.0% (215040 hits / 215040 lookups)
strata prefill timing: 4744 tokens, GPU timeline 8464 ms, wall 8506 ms, host staging 6 ms: embed+steps 112 (1.3%) hc read 740 (8.7%) gdn 1054 (12.5%) qsa proj 532 (6.3%) qsa indexer 0 (0.0%) qsa selec
strata serve: decode expert cache hit rate: 100.0% (220800 hits / 220800 lookups)
strata serve: decode expert cache hit rate: 100.0% (205920 hits / 205920 lookups)
strata prefill timing: 4080 tokens, GPU timeline 7424 ms, wall 7463 ms, host staging 11 ms: embed+steps 111 (1.5%) hc read 663 (8.9%) gdn 920 (12.4%) qsa proj 468 (6.3%) qsa indexer 0 (0.0%) qsa selec
strata serve: decode expert cache hit rate: 100.0% (480 hits / 480 lookups)
strata serve: decode expert cache hit rate: 100.0% (81600 hits / 81600 lookups)
strata prefill timing: 16379 tokens, GPU timeline 28584 ms, wall 28652 ms, host staging 28 ms: embed+steps 289 (1.0%) hc read 2462 (8.6%) gdn 3593 (12.6%) qsa proj 1801 (6.3%) qsa indexer 0 (0.0%) qsa
strata serve: decode expert cache hit rate: 100.0% (480 hits / 480 lookups)
strata prefill timing: 20416 tokens, GPU timeline 36235 ms, wall 36271 ms, host staging 54 ms: embed+steps 179 (0.5%) hc read 3098 (8.5%) gdn 4487 (12.4%) qsa proj 2235 (6.2%) qsa indexer 1 (0.0%) qsa
strata serve: decode expert cache hit rate: 100.0% (480 hits / 480 lookups)
strata prefill timing: 16396 tokens, GPU timeline 28925 ms, wall 28926 ms, host staging 70 ms: embed+steps 177 (0.6%) hc read 2507 (8.7%) gdn 3726 (12.9%) qsa proj 1863 (6.4%) qsa indexer 1 (0.0%) qsa
strata serve: decode expert cache hit rate: 100.0% (79680 hits / 79680 lookups)
== ud-iq4_xs-todo2: up True after 36.2 s (pid 20732)
{"test": "server: cold first request (short code prompt)", "wall_s": 15.67, "finish": "length", "cache_n": 0, "prompt_n": 314, "prompt_per_second": 117.2, "predicted_n": 400, "predicted_per_second": 30.9, "draft_n": 311, "draft_n_accepted": 292, "accept_pct": 93.9}
{"test": "server: fresh code prompt", "wall_s": 17.06, "finish": "length", "cache_n": 0, "prompt_n": 218, "prompt_per_second": 125.7, "predicted_n": 400, "predicted_per_second": 26.1, "draft_n": 308, "draft_n_accepted": 252, "accept_pct": 81.8}
{"test": "server: ~4.75K-token prompt, prefill + decode tail", "wall_s": 32.96, "finish": "length", "cache_n": 0, "prompt_n": 4749, "prompt_per_second": 317.5, "predicted_n": 400, "predicted_per_second": 22.2, "draft_n": 285, "draft_n_accepted": 216, "accept_pct": 75.8}
{"test": "server: repeated first prompt (reference only)", "wall_s": 15.13, "finish": "length", "cache_n": 0, "prompt_n": 314, "prompt_per_second": 152.6, "predicted_n": 400, "predicted_per_second": 30.7, "draft_n": 308, "draft_n_accepted": 288, "accept_pct": 93.5}
{"test": "pp4096 @ d0", "wall_s": 12.78, "finish": "length", "cache_n": 0, "prompt_n": 4085, "prompt_per_second": 322.0, "predicted_n": 1, "predicted_per_second": 16.5, "draft_n": 0, "draft_n_accepted": 0}
{"test": "tg128 @ d0", "wall_s": 7.92, "finish": "length", "cache_n": 0, "prompt_n": 68, "prompt_per_second": 41.5, "predicted_n": 128, "predicted_per_second": 20.5, "draft_n": 95, "draft_n_accepted": 59, "accept_pct": 62.1}
{"test": "depth 16384 prefix (cached for the next rows)", "wall_s": 46.93, "finish": "length", "cache_n": 0, "prompt_n": 16384, "prompt_per_second": 350.3, "predicted_n": 1, "predicted_per_second": 15.3, "draft_n": 0, "draft_n_accepted": 0}
{"test": "pp4096 @ d16384", "wall_s": 59.05, "finish": "length", "cache_n": 0, "prompt_n": 20421, "prompt_per_second": 346.7, "predicted_n": 1, "predicted_per_second": 16.9, "draft_n": 0, "draft_n_accepted": 0}
{"test": "tg128 @ d16384", "wall_s": 52.24, "finish": "length", "cache_n": 0, "prompt_n": 16401, "prompt_per_second": 354.2, "predicted_n": 128, "predicted_per_second": 21.8, "draft_n": 92, "draft_n_accepted": 68, "accept_pct": 73.9}
strata generate: expert cache 14358 slots, 32.42 GiB of VRAM; policy is
strata serve: 1263 MiB of VRAM free with everything loaded
strata serve: decode expert cache hit rate: 90.3% (177879 hits / 196957 lookups)
strata serve: decode expert cache hit rate: 96.8% (210771 hits / 217715 lookups)
strata prefill timing: 4744 tokens, GPU timeline 14616 ms, wall 14669 ms, host staging 4733 ms: embed+steps 142 (1.0%) hc read 1001 (6.9%) gdn 2721 (18.6%) qsa proj 1195 (8.2%) qsa indexer 1 (0.0%) qs
strata serve: decode expert cache hit rate: 97.3% (218993 hits / 225169 lookups)
strata serve: decode expert cache hit rate: 96.9% (194318 hits / 200462 lookups)
strata prefill timing: 4080 tokens, GPU timeline 12362 ms, wall 12400 ms, host staging 8963 ms: embed+steps 116 (0.9%) hc read 838 (6.8%) gdn 1877 (15.2%) qsa proj 851 (6.9%) qsa indexer 0 (0.0%) qsa 
strata serve: decode expert cache hit rate: 96.7% (463 hits / 479 lookups)
strata serve: decode expert cache hit rate: 97.9% (76794 hits / 78456 lookups)
strata prefill timing: 16379 tokens, GPU timeline 46295 ms, wall 46374 ms, host staging 18091 ms: embed+steps 284 (0.6%) hc read 3535 (7.6%) gdn 8806 (19.0%) qsa proj 3992 (8.6%) qsa indexer 2 (0.0%) 
strata serve: decode expert cache hit rate: 98.1% (470 hits / 479 lookups)
strata prefill timing: 20416 tokens, GPU timeline 58475 ms, wall 58520 ms, host staging 30533 ms: embed+steps 224 (0.4%) hc read 4339 (7.4%) gdn 10649 (18.2%) qsa proj 4853 (8.3%) qsa indexer 1 (0.0%)
strata serve: decode expert cache hit rate: 98.5% (473 hits / 480 lookups)
strata prefill timing: 16396 tokens, GPU timeline 45909 ms, wall 45911 ms, host staging 39519 ms: embed+steps 222 (0.5%) hc read 3527 (7.7%) gdn 8672 (18.9%) qsa proj 3952 (8.6%) qsa indexer 1 (0.0%) 
strata serve: decode expert cache hit rate: 98.4% (72571 hits / 73770 lookups)
done
