== optmax : server pid 16840, up True
{"label": "optmax", "i": 0, "wall_s": 8.3, "cache_n": 0, "prompt_n": 4168, "prompt_per_second": 506.8}
{"label": "optmax", "i": 1, "wall_s": 8.28, "cache_n": 0, "prompt_n": 4168, "prompt_per_second": 507.9}
{"label": "optmax", "i": 2, "wall_s": 8.03, "cache_n": 0, "prompt_n": 4168, "prompt_per_second": 523.7}
generation (optmax): 0 chars, timings: {"cache_n":0,"prompt_n":1306,"prompt_ms":3306.6,"prompt_per_token_ms":2.532,"prompt_per_second":395.0,"predicted_n":96,"predicted_ms":2979.9,"predicted_per_token_ms":31.041,"predicted_per_second":32.2,"draft_n":70,"draft_n_accepted":57}
strata prefill timing: 4163 tokens, GPU timeline 8006 ms, wall 8048 ms, host staging 4 ms: embed+steps 154 (1.9%) hc read 721 (9.0%) gdn 960 (12.0%) qsa proj 472 (5.9%) qsa indexer 0 (0.0%) qsa select 44 (0.5%) qsa attn 627 (7.8%) router+shared 228 (2.8%) host grouping 31 (0.4%) gather 74 (0.9%) wait copy 30 (0.4%) dequant 483 (6.0%) gemm gate/up 1822 (22.8%) gemm down 805 (10.1%) combine 226 (2.8%) ple 31 (0.4%) gdn conv+gates 84 (1.1%) gdn recurrence 815 (10.2%) gdn out proj 399 (5.0%)
strata prefill timing: host: chunk setup (PLE rows, the expert stream plan) 155 ms, waiting for each chunk 56 ms, after each chunk (the draft layer, progress) 40 ms, PLE 146 ms
strata prefill timing: experts: the loop's host time 65 ms over 48 layers (0 sorted by row count), 1998240 routed rows, a J tile for each group's largest expert would pad them by 45.8%
strata prefill timing: 4163 tokens, GPU timeline 8016 ms, wall 8057 ms, host staging 9 ms: embed+steps 11 (0.1%) hc read 682 (8.5%) gdn 981 (12.2%) qsa proj 492 (6.1%) qsa indexer 0 (0.0%) qsa select 44 (0.6%) qsa attn 650 (8.1%) router+shared 236 (3.0%) host grouping 32 (0.4%) gather 75 (0.9%) wait copy 30 (0.4%) dequant 501 (6.3%) gemm gate/up 1864 (23.3%) gemm down 832 (10.4%) combine 225 (2.8%) ple 31 (0.4%) gdn conv+gates 88 (1.1%) gdn recurrence 841 (10.5%) gdn out proj 399 (5.0%)
strata prefill timing: host: chunk setup (PLE rows, the expert stream plan) 11 ms, waiting for each chunk 60 ms, after each chunk (the draft layer, progress) 41 ms, PLE 153 ms
strata prefill timing: experts: the loop's host time 37 ms over 48 layers (0 sorted by row count), 1998240 routed rows, a J tile for each group's largest expert would pad them by 46.0%
strata prefill timing: 4163 tokens, GPU timeline 7772 ms, wall 7809 ms, host staging 14 ms: embed+steps 11 (0.1%) hc read 674 (8.7%) gdn 940 (12.1%) qsa proj 474 (6.1%) qsa indexer 0 (0.0%) qsa select 43 (0.6%) qsa attn 628 (8.1%) router+shared 227 (2.9%) host grouping 30 (0.4%) gather 72 (0.9%) wait copy 29 (0.4%) dequant 486 (6.2%) gemm gate/up 1803 (23.2%) gemm down 803 (10.3%) combine 225 (2.9%) ple 31 (0.4%) gdn conv+gates 85 (1.1%) gdn recurrence 822 (10.6%) gdn out proj 389 (5.0%)
strata prefill timing: host: chunk setup (PLE rows, the expert stream plan) 11 ms, waiting for each chunk 59 ms, after each chunk (the draft layer, progress) 36 ms, PLE 161 ms
strata prefill timing: experts: the loop's host time 33 ms over 48 layers (0 sorted by row count), 1998240 routed rows, a J tile for each group's largest expert would pad them by 46.0%
strata prefill timing: 1301 tokens, GPU timeline 3163 ms, wall 3174 ms, host staging 16 ms: embed+steps 7 (0.2%) hc read 203 (6.4%) gdn 346 (10.9%) qsa proj 179 (5.7%) qsa indexer 0 (0.0%) qsa select 5 (0.2%) qsa attn 96 (3.0%) router+shared 92 (2.9%) host grouping 19 (0.6%) gather 23 (0.7%) wait copy 13 (0.4%) dequant 382 (12.1%) gemm gate/up 877 (27.7%) gemm down 405 (12.8%) combine 75 (2.4%) ple 9 (0.3%) gdn conv+gates 26 (0.8%) gdn recurrence 240 (7.6%) gdn out proj 166 (5.3%)
strata prefill timing: host: chunk setup (PLE rows, the expert stream plan) 7 ms, waiting for each chunk 32 ms, after each chunk (the draft layer, progress) 11 ms, PLE 166 ms
strata prefill timing: experts: the loop's host time 25 ms over 48 layers (0 sorted by row count), 624480 routed rows, a J tile for each group's largest expert would pad them by 161.2%
strata prefill timing: experts: the loop's host time 65 ms over 48 layers (0 sorted by row count), 1998240 routed rows, a J tile for each group's largest expert would pad them by 45.8%
strata prefill timing: experts: the loop's host time 37 ms over 48 layers (0 sorted by row count), 1998240 routed rows, a J tile for each group's largest expert would pad them by 46.0%
strata prefill timing: experts: the loop's host time 33 ms over 48 layers (0 sorted by row count), 1998240 routed rows, a J tile for each group's largest expert would pad them by 46.0%
strata prefill timing: experts: the loop's host time 25 ms over 48 layers (0 sorted by row count), 624480 routed rows, a J tile for each group's largest expert would pad them by 161.2%
== optmean : server pid 15464, up True
{"label": "optmean", "i": 0, "wall_s": 8.27, "cache_n": 0, "prompt_n": 4166, "prompt_per_second": 508.5}
{"label": "optmean", "i": 1, "wall_s": 7.87, "cache_n": 0, "prompt_n": 4168, "prompt_per_second": 534.9}
{"label": "optmean", "i": 2, "wall_s": 7.85, "cache_n": 0, "prompt_n": 4168, "prompt_per_second": 536.1}
generation (optmean): 0 chars, timings: {"cache_n":0,"prompt_n":1306,"prompt_ms":3051.1,"prompt_per_token_ms":2.336,"prompt_per_second":428.0,"predicted_n":96,"predicted_ms":2949.6,"predicted_per_token_ms":30.725,"predicted_per_second":32.5,"draft_n":70,"draft_n_accepted":57}
strata prefill timing: 4161 tokens, GPU timeline 7967 ms, wall 8020 ms, host staging 4 ms: embed+steps 114 (1.4%) hc read 730 (9.2%) gdn 984 (12.4%) qsa proj 494 (6.2%) qsa indexer 0 (0.0%) qsa select 45 (0.6%) qsa attn 649 (8.1%) router+shared 235 (3.0%) host grouping 31 (0.4%) gather 75 (0.9%) wait copy 29 (0.4%) dequant 494 (6.2%) gemm gate/up 1698 (21.3%) gemm down 811 (10.2%) combine 226 (2.8%) ple 31 (0.4%) gdn conv+gates 83 (1.0%) gdn recurrence 838 (10.5%) gdn out proj 398 (5.0%)
strata prefill timing: host: chunk setup (PLE rows, the expert stream plan) 114 ms, waiting for each chunk 54 ms, after each chunk (the draft layer, progress) 52 ms, PLE 103 ms
strata prefill timing: experts: the loop's host time 70 ms over 48 layers (0 sorted by row count), 1997280 routed rows, a J tile for each group's largest expert would pad them by 46.1%
strata prefill timing: 4163 tokens, GPU timeline 7601 ms, wall 7637 ms, host staging 9 ms: embed+steps 11 (0.1%) hc read 667 (8.8%) gdn 938 (12.3%) qsa proj 475 (6.3%) qsa indexer 0 (0.0%) qsa select 43 (0.6%) qsa attn 624 (8.2%) router+shared 224 (3.0%) host grouping 30 (0.4%) gather 71 (0.9%) wait copy 29 (0.4%) dequant 486 (6.4%) gemm gate/up 1636 (21.5%) gemm down 784 (10.3%) combine 225 (3.0%) ple 31 (0.4%) gdn conv+gates 85 (1.1%) gdn recurrence 816 (10.7%) gdn out proj 425 (5.6%)
strata prefill timing: host: chunk setup (PLE rows, the expert stream plan) 11 ms, waiting for each chunk 55 ms, after each chunk (the draft layer, progress) 37 ms, PLE 110 ms
strata prefill timing: experts: the loop's host time 33 ms over 48 layers (0 sorted by row count), 1998240 routed rows, a J tile for each group's largest expert would pad them by 46.0%
strata prefill timing: 4163 tokens, GPU timeline 7587 ms, wall 7624 ms, host staging 13 ms: embed+steps 10 (0.1%) hc read 673 (8.9%) gdn 935 (12.3%) qsa proj 473 (6.2%) qsa indexer 0 (0.0%) qsa select 43 (0.6%) qsa attn 626 (8.3%) router+shared 225 (3.0%) host grouping 30 (0.4%) gather 71 (0.9%) wait copy 27 (0.4%) dequant 484 (6.4%) gemm gate/up 1625 (21.4%) gemm down 776 (10.2%) combine 224 (3.0%) ple 31 (0.4%) gdn conv+gates 85 (1.1%) gdn recurrence 845 (11.1%) gdn out proj 402 (5.3%)
strata prefill timing: host: chunk setup (PLE rows, the expert stream plan) 10 ms, waiting for each chunk 56 ms, after each chunk (the draft layer, progress) 36 ms, PLE 117 ms
strata prefill timing: experts: the loop's host time 33 ms over 48 layers (0 sorted by row count), 1998240 routed rows, a J tile for each group's largest expert would pad them by 46.0%
strata prefill timing: 1301 tokens, GPU timeline 2905 ms, wall 2917 ms, host staging 16 ms: embed+steps 6 (0.2%) hc read 211 (7.3%) gdn 338 (11.6%) qsa proj 171 (5.9%) qsa indexer 0 (0.0%) qsa select 5 (0.2%) qsa attn 96 (3.3%) router+shared 90 (3.1%) host grouping 20 (0.7%) gather 23 (0.8%) wait copy 12 (0.4%) dequant 370 (12.7%) gemm gate/up 718 (24.7%) gemm down 341 (11.8%) combine 73 (2.5%) ple 9 (0.3%) gdn conv+gates 25 (0.8%) gdn recurrence 235 (8.1%) gdn out proj 160 (5.5%)
strata prefill timing: host: chunk setup (PLE rows, the expert stream plan) 6 ms, waiting for each chunk 28 ms, after each chunk (the draft layer, progress) 11 ms, PLE 122 ms
strata prefill timing: experts: the loop's host time 23 ms over 48 layers (0 sorted by row count), 624480 routed rows, a J tile for each group's largest expert would pad them by 161.2%
strata prefill timing: experts: the loop's host time 70 ms over 48 layers (0 sorted by row count), 1997280 routed rows, a J tile for each group's largest expert would pad them by 46.1%
strata prefill timing: experts: the loop's host time 33 ms over 48 layers (0 sorted by row count), 1998240 routed rows, a J tile for each group's largest expert would pad them by 46.0%
strata prefill timing: experts: the loop's host time 33 ms over 48 layers (0 sorted by row count), 1998240 routed rows, a J tile for each group's largest expert would pad them by 46.0%
strata prefill timing: experts: the loop's host time 23 ms over 48 layers (0 sorted by row count), 624480 routed rows, a J tile for each group's largest expert would pad them by 161.2%
done
