== sorted : server pid 3244, up True
{"label": "sorted", "i": 0, "wall_s": 8.28, "cache_n": 0, "prompt_n": 4167, "prompt_per_second": 508.7}
{"label": "sorted", "i": 1, "wall_s": 8.06, "cache_n": 0, "prompt_n": 4166, "prompt_per_second": 522.8}
{"label": "sorted", "i": 2, "wall_s": 7.99, "cache_n": 0, "prompt_n": 4167, "prompt_per_second": 525.5}
generation (sorted): 0 chars, timings: {"cache_n":0,"prompt_n":1306,"prompt_ms":3277.2,"prompt_per_token_ms":2.509,"prompt_per_second":398.5,"predicted_n":96,"predicted_ms":2918.3,"predicted_per_token_ms":30.399,"predicted_per_second":32.9,"draft_n":70,"draft_n_accepted":57}
strata prefill timing: 4162 tokens, GPU timeline 7974 ms, wall 8016 ms, host staging 4 ms: embed+steps 160 (2.0%) hc read 722 (9.1%) gdn 946 (11.9%) qsa proj 471 (5.9%) qsa indexer 0 (0.0%) qsa select 43 (0.5%) qsa attn 617 (7.7%) router+shared 224 (2.8%) host grouping 31 (0.4%) gather 73 (0.9%) wait copy 27 (0.3%) dequant 483 (6.1%) gemm gate/up 1803 (22.6%) gemm down 805 (10.1%) combine 224 (2.8%) ple 31 (0.4%) gdn conv+gates 83 (1.0%) gdn recurrence 837 (10.5%) gdn out proj 395 (5.0%)
strata prefill timing: host: chunk setup (PLE rows, the expert stream plan) 160 ms, waiting for each chunk 57 ms, after each chunk (the draft layer, progress) 41 ms, PLE 151 ms
strata prefill timing: experts: the loop's host time 68 ms over 48 layers (0 sorted by row count), 1997760 routed rows, MMQ's J tile pads them by 46.1%
strata prefill timing: 4161 tokens, GPU timeline 7778 ms, wall 7813 ms, host staging 9 ms: embed+steps 11 (0.1%) hc read 672 (8.6%) gdn 940 (12.1%) qsa proj 478 (6.2%) qsa select 43 (0.5%) qsa attn 619 (8.0%) router+shared 225 (2.9%) host grouping 29 (0.4%) gather 72 (0.9%) wait copy 27 (0.4%) dequant 484 (6.2%) gemm gate/up 1792 (23.0%) gemm down 801 (10.3%) combine 225 (2.9%) ple 31 (0.4%) gdn conv+gates 86 (1.1%) gdn recurrence 842 (10.8%) gdn out proj 400 (5.1%)
strata prefill timing: host: chunk setup (PLE rows, the expert stream plan) 11 ms, waiting for each chunk 57 ms, after each chunk (the draft layer, progress) 35 ms, PLE 159 ms
strata prefill timing: experts: the loop's host time 34 ms over 48 layers (0 sorted by row count), 1997280 routed rows, MMQ's J tile pads them by 46.2%
strata prefill timing: 4162 tokens, GPU timeline 7733 ms, wall 7774 ms, host staging 13 ms: embed+steps 11 (0.1%) hc read 669 (8.7%) gdn 929 (12.0%) qsa proj 475 (6.1%) qsa indexer 0 (0.0%) qsa select 43 (0.5%) qsa attn 625 (8.1%) router+shared 224 (2.9%) host grouping 31 (0.4%) gather 72 (0.9%) wait copy 29 (0.4%) dequant 482 (6.2%) gemm gate/up 1786 (23.1%) gemm down 795 (10.3%) combine 225 (2.9%) ple 30 (0.4%) gdn conv+gates 85 (1.1%) gdn recurrence 831 (10.7%) gdn out proj 394 (5.1%)
strata prefill timing: host: chunk setup (PLE rows, the expert stream plan) 11 ms, waiting for each chunk 59 ms, after each chunk (the draft layer, progress) 41 ms, PLE 166 ms
strata prefill timing: experts: the loop's host time 35 ms over 48 layers (0 sorted by row count), 1997760 routed rows, MMQ's J tile pads them by 46.2%
strata prefill timing: 1301 tokens, GPU timeline 3135 ms, wall 3146 ms, host staging 16 ms: embed+steps 7 (0.2%) hc read 206 (6.6%) gdn 345 (11.0%) qsa proj 174 (5.6%) qsa indexer 0 (0.0%) qsa select 5 (0.1%) qsa attn 96 (3.0%) router+shared 92 (2.9%) host grouping 19 (0.6%) gather 23 (0.7%) wait copy 12 (0.4%) dequant 375 (12.0%) gemm gate/up 868 (27.7%) gemm down 403 (12.9%) combine 76 (2.4%) ple 9 (0.3%) gdn conv+gates 25 (0.8%) gdn recurrence 237 (7.5%) gdn out proj 162 (5.2%)
strata prefill timing: host: chunk setup (PLE rows, the expert stream plan) 7 ms, waiting for each chunk 31 ms, after each chunk (the draft layer, progress) 11 ms, PLE 171 ms
strata prefill timing: experts: the loop's host time 24 ms over 48 layers (0 sorted by row count), 624480 routed rows, MMQ's J tile pads them by 161.2%
strata prefill timing: experts: the loop's host time 68 ms over 48 layers (0 sorted by row count), 1997760 routed rows, MMQ's J tile pads them by 46.1%
strata prefill timing: experts: the loop's host time 34 ms over 48 layers (0 sorted by row count), 1997280 routed rows, MMQ's J tile pads them by 46.2%
strata prefill timing: experts: the loop's host time 35 ms over 48 layers (0 sorted by row count), 1997760 routed rows, MMQ's J tile pads them by 46.2%
strata prefill timing: experts: the loop's host time 24 ms over 48 layers (0 sorted by row count), 624480 routed rows, MMQ's J tile pads them by 161.2%
== mmq0-table : server pid 18452, up True
{"label": "mmq0-table", "i": 0, "wall_s": 8.28, "cache_n": 0, "prompt_n": 4170, "prompt_per_second": 508.2}
{"label": "mmq0-table", "i": 1, "wall_s": 7.98, "cache_n": 0, "prompt_n": 4170, "prompt_per_second": 527.8}
{"label": "mmq0-table", "i": 2, "wall_s": 7.99, "cache_n": 0, "prompt_n": 4170, "prompt_per_second": 526.5}
generation (mmq0-table): 0 chars, timings: {"cache_n":0,"prompt_n":1306,"prompt_ms":3599.9,"prompt_per_token_ms":2.756,"prompt_per_second":362.8,"predicted_n":96,"predicted_ms":2939.5,"predicted_per_token_ms":30.62,"predicted_per_second":32.7,"draft_n":72,"draft_n_accepted":57}
strata prefill timing: 4165 tokens, GPU timeline 7985 ms, wall 8028 ms, host staging 4 ms: embed+steps 114 (1.4%) hc read 725 (9.1%) gdn 966 (12.1%) qsa proj 484 (6.1%) qsa indexer 0 (0.0%) qsa select 43 (0.5%) qsa attn 630 (7.9%) router+shared 229 (2.9%) host grouping 37 (0.5%) gather 72 (0.9%) wait copy 9 (0.1%) dequant 684 (8.6%) gemm gate/up 1616 (20.2%) gemm down 786 (9.8%) combine 226 (2.8%) ple 32 (0.4%) gdn conv+gates 83 (1.0%) gdn recurrence 842 (10.5%) gdn out proj 408 (5.1%)
strata prefill timing: host: chunk setup (PLE rows, the expert stream plan) 114 ms, waiting for each chunk 72 ms, after each chunk (the draft layer, progress) 42 ms, PLE 104 ms
strata prefill timing: experts: the loop's host time 516 ms over 48 layers (0 sorted by row count), 1999200 routed rows, MMQ's J tile pads them by 46.0%
strata prefill timing: 4165 tokens, GPU timeline 7715 ms, wall 7751 ms, host staging 8 ms: embed+steps 11 (0.1%) hc read 671 (8.7%) gdn 938 (12.2%) qsa proj 478 (6.2%) qsa indexer 0 (0.0%) qsa select 43 (0.6%) qsa attn 624 (8.1%) router+shared 225 (2.9%) host grouping 36 (0.5%) gather 72 (0.9%) wait copy 9 (0.1%) dequant 675 (8.7%) gemm gate/up 1594 (20.7%) gemm down 758 (9.8%) combine 225 (2.9%) ple 31 (0.4%) gdn conv+gates 85 (1.1%) gdn recurrence 834 (10.8%) gdn out proj 406 (5.3%)
strata prefill timing: host: chunk setup (PLE rows, the expert stream plan) 11 ms, waiting for each chunk 71 ms, after each chunk (the draft layer, progress) 36 ms, PLE 111 ms
strata prefill timing: experts: the loop's host time 464 ms over 48 layers (0 sorted by row count), 1999200 routed rows, MMQ's J tile pads them by 45.9%
strata prefill timing: 4165 tokens, GPU timeline 7695 ms, wall 7755 ms, host staging 13 ms: embed+steps 11 (0.1%) hc read 672 (8.7%) gdn 924 (12.0%) qsa proj 489 (6.4%) qsa indexer 0 (0.0%) qsa select 43 (0.6%) qsa attn 617 (8.0%) router+shared 224 (2.9%) host grouping 36 (0.5%) gather 72 (0.9%) wait copy 9 (0.1%) dequant 675 (8.8%) gemm gate/up 1590 (20.7%) gemm down 755 (9.8%) combine 225 (2.9%) ple 30 (0.4%) gdn conv+gates 85 (1.1%) gdn recurrence 834 (10.8%) gdn out proj 404 (5.2%)
strata prefill timing: host: chunk setup (PLE rows, the expert stream plan) 11 ms, waiting for each chunk 73 ms, after each chunk (the draft layer, progress) 60 ms, PLE 118 ms
strata prefill timing: experts: the loop's host time 447 ms over 48 layers (0 sorted by row count), 1999200 routed rows, MMQ's J tile pads them by 46.1%
strata prefill timing: 1301 tokens, GPU timeline 3457 ms, wall 3471 ms, host staging 15 ms: embed+steps 7 (0.2%) hc read 205 (5.9%) gdn 336 (9.7%) qsa proj 165 (4.8%) qsa indexer 0 (0.0%) qsa select 5 (0.1%) qsa attn 95 (2.7%) router+shared 92 (2.7%) host grouping 22 (0.6%) gather 16 (0.5%) wait copy 6 (0.2%) dequant 585 (16.9%) gemm gate/up 973 (28.1%) gemm down 445 (12.9%) combine 77 (2.2%) ple 8 (0.2%) gdn conv+gates 25 (0.7%) gdn recurrence 237 (6.9%) gdn out proj 161 (4.7%)
strata prefill timing: host: chunk setup (PLE rows, the expert stream plan) 7 ms, waiting for each chunk 47 ms, after each chunk (the draft layer, progress) 14 ms, PLE 123 ms
strata prefill timing: experts: the loop's host time 408 ms over 48 layers (0 sorted by row count), 624480 routed rows, MMQ's J tile pads them by 161.3%
strata prefill timing: experts: the loop's host time 516 ms over 48 layers (0 sorted by row count), 1999200 routed rows, MMQ's J tile pads them by 46.0%
strata prefill timing: experts: the loop's host time 464 ms over 48 layers (0 sorted by row count), 1999200 routed rows, MMQ's J tile pads them by 45.9%
strata prefill timing: experts: the loop's host time 447 ms over 48 layers (0 sorted by row count), 1999200 routed rows, MMQ's J tile pads them by 46.1%
strata prefill timing: experts: the loop's host time 408 ms over 48 layers (0 sorted by row count), 624480 routed rows, MMQ's J tile pads them by 161.3%
done
