== sorted : server pid 13436, up True
{"label": "sorted-800", "i": 0, "wall_s": 2.66, "cache_n": 0, "prompt_n": 1001, "prompt_per_second": 387.9}
{"label": "sorted-800", "i": 1, "wall_s": 2.47, "cache_n": 0, "prompt_n": 1001, "prompt_per_second": 416.1}
{"label": "sorted-800", "i": 2, "wall_s": 2.41, "cache_n": 0, "prompt_n": 1001, "prompt_per_second": 427.9}
generation (sorted): 0 chars, timings: {"cache_n":0,"prompt_n":1306,"prompt_ms":3216.3,"prompt_per_token_ms":2.463,"prompt_per_second":406.1,"predicted_n":96,"predicted_ms":2945.1,"predicted_per_token_ms":30.678,"predicted_per_second":32.6,"draft_n":70,"draft_n_accepted":57}
strata prefill timing: 996 tokens, GPU timeline 2412 ms, wall 2427 ms, host staging 1 ms: embed+steps 60 (2.5%) hc read 197 (8.2%) gdn 296 (12.3%) qsa proj 144 (6.0%) qsa indexer 0 (0.0%) qsa select 3 (0.1%) qsa attn 62 (2.6%) router+shared 74 (3.1%) host grouping 18 (0.7%) gather 19 (0.8%) wait copy 7 (0.3%) dequant 363 (15.0%) gemm gate/up 509 (21.1%) gemm down 240 (9.9%) combine 61 (2.5%) ple 7 (0.3%) gdn conv+gates 24 (1.0%) gdn recurrence 181 (7.5%) gdn out proj 147 (6.1%)
strata prefill timing: host: chunk setup (PLE rows, the expert stream plan) 60 ms, waiting for each chunk 22 ms, after each chunk (the draft layer, progress) 14 ms, PLE 49 ms
strata prefill timing: experts: the loop's host time 56 ms over 48 layers (48 sorted by row count), 478080 routed rows, a J tile for each group's largest expert would pad them by 31.2%
strata prefill timing: 996 tokens, GPU timeline 2267 ms, wall 2277 ms, host staging 3 ms: embed+steps 5 (0.2%) hc read 153 (6.8%) gdn 280 (12.4%) qsa proj 144 (6.3%) qsa indexer 0 (0.0%) qsa select 3 (0.1%) qsa attn 62 (2.7%) router+shared 69 (3.0%) host grouping 17 (0.7%) gather 18 (0.8%) wait copy 8 (0.3%) dequant 364 (16.1%) gemm gate/up 489 (21.6%) gemm down 233 (10.3%) combine 60 (2.6%) ple 7 (0.3%) gdn conv+gates 18 (0.8%) gdn recurrence 182 (8.0%) gdn out proj 155 (6.9%)
strata prefill timing: host: chunk setup (PLE rows, the expert stream plan) 5 ms, waiting for each chunk 24 ms, after each chunk (the draft layer, progress) 10 ms, PLE 53 ms
strata prefill timing: experts: the loop's host time 25 ms over 48 layers (48 sorted by row count), 478080 routed rows, a J tile for each group's largest expert would pad them by 31.0%
strata prefill timing: 996 tokens, GPU timeline 2200 ms, wall 2209 ms, host staging 4 ms: embed+steps 6 (0.3%) hc read 155 (7.1%) gdn 270 (12.3%) qsa proj 139 (6.3%) qsa indexer 0 (0.0%) qsa select 3 (0.1%) qsa attn 58 (2.6%) router+shared 67 (3.0%) host grouping 18 (0.8%) gather 18 (0.8%) wait copy 8 (0.3%) dequant 357 (16.2%) gemm gate/up 475 (21.6%) gemm down 226 (10.3%) combine 59 (2.7%) ple 6 (0.3%) gdn conv+gates 18 (0.8%) gdn recurrence 172 (7.8%) gdn out proj 144 (6.5%)
strata prefill timing: host: chunk setup (PLE rows, the expert stream plan) 6 ms, waiting for each chunk 24 ms, after each chunk (the draft layer, progress) 9 ms, PLE 57 ms
strata prefill timing: experts: the loop's host time 24 ms over 48 layers (48 sorted by row count), 478080 routed rows, a J tile for each group's largest expert would pad them by 31.6%
strata prefill timing: 1301 tokens, GPU timeline 3060 ms, wall 3073 ms, host staging 7 ms: embed+steps 16 (0.5%) hc read 209 (6.8%) gdn 364 (11.9%) qsa proj 181 (5.9%) qsa indexer 0 (0.0%) qsa select 5 (0.2%) qsa attn 100 (3.3%) router+shared 96 (3.2%) host grouping 20 (0.7%) gather 24 (0.8%) wait copy 13 (0.4%) dequant 394 (12.9%) gemm gate/up 760 (24.8%) gemm down 357 (11.7%) combine 76 (2.5%) ple 9 (0.3%) gdn conv+gates 25 (0.8%) gdn recurrence 247 (8.1%) gdn out proj 164 (5.4%)
strata prefill timing: host: chunk setup (PLE rows, the expert stream plan) 16 ms, waiting for each chunk 33 ms, after each chunk (the draft layer, progress) 13 ms, PLE 71 ms
strata prefill timing: experts: the loop's host time 31 ms over 48 layers (0 sorted by row count), 624480 routed rows, a J tile for each group's largest expert would pad them by 161.2%
strata prefill timing: experts: the loop's host time 56 ms over 48 layers (48 sorted by row count), 478080 routed rows, a J tile for each group's largest expert would pad them by 31.2%
strata prefill timing: experts: the loop's host time 25 ms over 48 layers (48 sorted by row count), 478080 routed rows, a J tile for each group's largest expert would pad them by 31.0%
strata prefill timing: experts: the loop's host time 24 ms over 48 layers (48 sorted by row count), 478080 routed rows, a J tile for each group's largest expert would pad them by 31.6%
strata prefill timing: experts: the loop's host time 31 ms over 48 layers (0 sorted by row count), 624480 routed rows, a J tile for each group's largest expert would pad them by 161.2%
== unsorted : server pid 6344, up True
{"label": "unsorted-800", "i": 0, "wall_s": 2.86, "cache_n": 0, "prompt_n": 1002, "prompt_per_second": 359.6}
{"label": "unsorted-800", "i": 1, "wall_s": 2.64, "cache_n": 0, "prompt_n": 1002, "prompt_per_second": 388.1}
{"label": "unsorted-800", "i": 2, "wall_s": 2.65, "cache_n": 0, "prompt_n": 1002, "prompt_per_second": 387.9}
generation (unsorted): 0 chars, timings: {"cache_n":0,"prompt_n":1306,"prompt_ms":3100.6,"prompt_per_token_ms":2.374,"prompt_per_second":421.2,"predicted_n":96,"predicted_ms":2933.2,"predicted_per_token_ms":30.554,"predicted_per_second":32.7,"draft_n":70,"draft_n_accepted":57}
strata prefill timing: 997 tokens, GPU timeline 2620 ms, wall 2636 ms, host staging 1 ms: embed+steps 39 (1.5%) hc read 203 (7.7%) gdn 304 (11.6%) qsa proj 146 (5.6%) qsa indexer 0 (0.0%) qsa select 3 (0.1%) qsa attn 63 (2.4%) router+shared 76 (2.9%) host grouping 16 (0.6%) gather 19 (0.7%) wait copy 8 (0.3%) dequant 377 (14.4%) gemm gate/up 643 (24.5%) gemm down 303 (11.6%) combine 56 (2.1%) ple 7 (0.3%) gdn conv+gates 24 (0.9%) gdn recurrence 185 (7.1%) gdn out proj 148 (5.6%)
strata prefill timing: host: chunk setup (PLE rows, the expert stream plan) 40 ms, waiting for each chunk 28 ms, after each chunk (the draft layer, progress) 14 ms, PLE 33 ms
strata prefill timing: experts: the loop's host time 54 ms over 48 layers (0 sorted by row count), 478560 routed rows, a J tile for each group's largest expert would pad them by 207.2%
strata prefill timing: 997 tokens, GPU timeline 2437 ms, wall 2446 ms, host staging 3 ms: embed+steps 5 (0.2%) hc read 153 (6.3%) gdn 279 (11.5%) qsa proj 146 (6.0%) qsa indexer 0 (0.0%) qsa select 3 (0.1%) qsa attn 61 (2.5%) router+shared 67 (2.8%) host grouping 17 (0.7%) gather 18 (0.7%) wait copy 9 (0.4%) dequant 362 (14.8%) gemm gate/up 613 (25.2%) gemm down 291 (11.9%) combine 60 (2.5%) ple 7 (0.3%) gdn conv+gates 18 (0.7%) gdn recurrence 178 (7.3%) gdn out proj 151 (6.2%)
strata prefill timing: host: chunk setup (PLE rows, the expert stream plan) 5 ms, waiting for each chunk 28 ms, after each chunk (the draft layer, progress) 9 ms, PLE 37 ms
strata prefill timing: experts: the loop's host time 22 ms over 48 layers (0 sorted by row count), 478560 routed rows, a J tile for each group's largest expert would pad them by 207.9%
strata prefill timing: 997 tokens, GPU timeline 2445 ms, wall 2454 ms, host staging 4 ms: embed+steps 5 (0.2%) hc read 156 (6.4%) gdn 278 (11.4%) qsa proj 142 (5.8%) qsa indexer 0 (0.0%) qsa select 3 (0.1%) qsa attn 60 (2.5%) router+shared 69 (2.8%) host grouping 19 (0.8%) gather 18 (0.8%) wait copy 8 (0.3%) dequant 372 (15.2%) gemm gate/up 610 (25.0%) gemm down 290 (11.9%) combine 60 (2.4%) ple 6 (0.3%) gdn conv+gates 18 (0.7%) gdn recurrence 177 (7.2%) gdn out proj 152 (6.2%)
strata prefill timing: host: chunk setup (PLE rows, the expert stream plan) 5 ms, waiting for each chunk 27 ms, after each chunk (the draft layer, progress) 9 ms, PLE 40 ms
strata prefill timing: experts: the loop's host time 23 ms over 48 layers (0 sorted by row count), 478560 routed rows, a J tile for each group's largest expert would pad them by 207.3%
strata prefill timing: 1301 tokens, GPU timeline 2956 ms, wall 2968 ms, host staging 6 ms: embed+steps 14 (0.5%) hc read 207 (7.0%) gdn 347 (11.8%) qsa proj 173 (5.9%) qsa indexer 0 (0.0%) qsa select 5 (0.2%) qsa attn 96 (3.2%) router+shared 93 (3.1%) host grouping 19 (0.7%) gather 23 (0.8%) wait copy 12 (0.4%) dequant 381 (12.9%) gemm gate/up 729 (24.7%) gemm down 343 (11.6%) combine 77 (2.6%) ple 9 (0.3%) gdn conv+gates 25 (0.8%) gdn recurrence 241 (8.2%) gdn out proj 162 (5.5%)
strata prefill timing: host: chunk setup (PLE rows, the expert stream plan) 14 ms, waiting for each chunk 31 ms, after each chunk (the draft layer, progress) 12 ms, PLE 53 ms
strata prefill timing: experts: the loop's host time 24 ms over 48 layers (0 sorted by row count), 624480 routed rows, a J tile for each group's largest expert would pad them by 161.2%
strata prefill timing: experts: the loop's host time 54 ms over 48 layers (0 sorted by row count), 478560 routed rows, a J tile for each group's largest expert would pad them by 207.2%
strata prefill timing: experts: the loop's host time 22 ms over 48 layers (0 sorted by row count), 478560 routed rows, a J tile for each group's largest expert would pad them by 207.9%
strata prefill timing: experts: the loop's host time 23 ms over 48 layers (0 sorted by row count), 478560 routed rows, a J tile for each group's largest expert would pad them by 207.3%
strata prefill timing: experts: the loop's host time 24 ms over 48 layers (0 sorted by row count), 624480 routed rows, a J tile for each group's largest expert would pad them by 161.2%
done
