== sorted : server pid 6444, up True
{"label": "sorted", "i": 0, "wall_s": 8.28, "cache_n": 0, "prompt_n": 4167, "prompt_per_second": 508.9}
{"label": "sorted", "i": 1, "wall_s": 8.15, "cache_n": 0, "prompt_n": 4167, "prompt_per_second": 515.3}
{"label": "sorted", "i": 2, "wall_s": 8.17, "cache_n": 0, "prompt_n": 4165, "prompt_per_second": 515.4}
generation (sorted): 0 chars, timings: {"cache_n":0,"prompt_n":1306,"prompt_ms":3285.7,"prompt_per_token_ms":2.516,"prompt_per_second":397.5,"predicted_n":96,"predicted_ms":2955.9,"predicted_per_token_ms":30.791,"predicted_per_second":32.5,"draft_n":70,"draft_n_accepted":57}
strata prefill timing: 4162 tokens, GPU timeline 7971 ms, wall 8014 ms, host staging 4 ms: embed+steps 162 (2.0%) hc read 720 (9.0%) gdn 957 (12.0%) qsa proj 473 (5.9%) qsa indexer 0 (0.0%) qsa select 43 (0.5%) qsa attn 616 (7.7%) router+shared 225 (2.8%) host grouping 32 (0.4%) gather 73 (0.9%) wait copy 27 (0.3%) dequant 478 (6.0%) gemm gate/up 1800 (22.6%) gemm down 802 (10.1%) combine 229 (2.9%) ple 31 (0.4%) gdn conv+gates 82 (1.0%) gdn recurrence 837 (10.5%) gdn out proj 384 (4.8%)
strata prefill timing: host: chunk setup (PLE rows, the expert stream plan) 162 ms, waiting for each chunk 56 ms, after each chunk (the draft layer, progress) 41 ms, PLE 153 ms
strata prefill timing: 4162 tokens, GPU timeline 7897 ms, wall 7932 ms, host staging 9 ms: embed+steps 10 (0.1%) hc read 678 (8.6%) gdn 963 (12.2%) qsa proj 481 (6.1%) qsa indexer 0 (0.0%) qsa select 44 (0.6%) qsa attn 642 (8.1%) router+shared 230 (2.9%) host grouping 31 (0.4%) gather 73 (0.9%) wait copy 28 (0.4%) dequant 489 (6.2%) gemm gate/up 1832 (23.2%) gemm down 814 (10.3%) combine 225 (2.9%) ple 31 (0.4%) gdn conv+gates 86 (1.1%) gdn recurrence 844 (10.7%) gdn out proj 395 (5.0%)
strata prefill timing: host: chunk setup (PLE rows, the expert stream plan) 10 ms, waiting for each chunk 57 ms, after each chunk (the draft layer, progress) 35 ms, PLE 159 ms
strata prefill timing: 4160 tokens, GPU timeline 7893 ms, wall 7930 ms, host staging 14 ms: embed+steps 11 (0.1%) hc read 676 (8.6%) gdn 963 (12.2%) qsa proj 490 (6.2%) qsa indexer 0 (0.0%) qsa select 43 (0.5%) qsa attn 630 (8.0%) router+shared 227 (2.9%) host grouping 31 (0.4%) gather 73 (0.9%) wait copy 28 (0.4%) dequant 486 (6.2%) gemm gate/up 1828 (23.2%) gemm down 816 (10.3%) combine 225 (2.8%) ple 30 (0.4%) gdn conv+gates 86 (1.1%) gdn recurrence 838 (10.6%) gdn out proj 414 (5.2%)
strata prefill timing: host: chunk setup (PLE rows, the expert stream plan) 11 ms, waiting for each chunk 58 ms, after each chunk (the draft layer, progress) 37 ms, PLE 167 ms
strata prefill timing: 1301 tokens, GPU timeline 3134 ms, wall 3150 ms, host staging 16 ms: embed+steps 7 (0.2%) hc read 206 (6.6%) gdn 346 (11.0%) qsa proj 176 (5.6%) qsa indexer 0 (0.0%) qsa select 5 (0.1%) qsa attn 96 (3.1%) router+shared 91 (2.9%) host grouping 19 (0.6%) gather 23 (0.7%) wait copy 11 (0.4%) dequant 379 (12.1%) gemm gate/up 865 (27.6%) gemm down 404 (12.9%) combine 74 (2.4%) ple 8 (0.3%) gdn conv+gates 26 (0.8%) gdn recurrence 237 (7.6%) gdn out proj 160 (5.1%)
strata prefill timing: host: chunk setup (PLE rows, the expert stream plan) 7 ms, waiting for each chunk 32 ms, after each chunk (the draft layer, progress) 17 ms, PLE 172 ms
== unsorted : server pid 26852, up True
{"label": "unsorted", "i": 0, "wall_s": 8.39, "cache_n": 0, "prompt_n": 4168, "prompt_per_second": 501.8}
{"label": "unsorted", "i": 1, "wall_s": 8.12, "cache_n": 0, "prompt_n": 4168, "prompt_per_second": 518.5}
{"label": "unsorted", "i": 2, "wall_s": 8.1, "cache_n": 0, "prompt_n": 4168, "prompt_per_second": 520.3}
generation (unsorted): 0 chars, timings: {"cache_n":0,"prompt_n":1306,"prompt_ms":3387.2,"prompt_per_token_ms":2.594,"prompt_per_second":385.6,"predicted_n":96,"predicted_ms":2963.0,"predicted_per_token_ms":30.865,"predicted_per_second":32.4,"draft_n":70,"draft_n_accepted":57}
strata prefill timing: 4163 tokens, GPU timeline 8067 ms, wall 8128 ms, host staging 4 ms: embed+steps 109 (1.4%) hc read 726 (9.0%) gdn 968 (12.0%) qsa proj 484 (6.0%) qsa indexer 0 (0.0%) qsa select 44 (0.5%) qsa attn 642 (8.0%) router+shared 231 (2.9%) host grouping 30 (0.4%) gather 75 (0.9%) wait copy 29 (0.4%) dequant 481 (6.0%) gemm gate/up 1868 (23.2%) gemm down 825 (10.2%) combine 225 (2.8%) ple 31 (0.4%) gdn conv+gates 86 (1.1%) gdn recurrence 824 (10.2%) gdn out proj 390 (4.8%)
strata prefill timing: host: chunk setup (PLE rows, the expert stream plan) 110 ms, waiting for each chunk 56 ms, after each chunk (the draft layer, progress) 60 ms, PLE 102 ms
strata prefill timing: 4163 tokens, GPU timeline 7854 ms, wall 7889 ms, host staging 9 ms: embed+steps 11 (0.1%) hc read 682 (8.7%) gdn 959 (12.2%) qsa proj 481 (6.1%) qsa indexer 0 (0.0%) qsa select 43 (0.5%) qsa attn 629 (8.0%) router+shared 229 (2.9%) host grouping 31 (0.4%) gather 72 (0.9%) wait copy 29 (0.4%) dequant 486 (6.2%) gemm gate/up 1821 (23.2%) gemm down 813 (10.4%) combine 225 (2.9%) ple 33 (0.4%) gdn conv+gates 87 (1.1%) gdn recurrence 832 (10.6%) gdn out proj 393 (5.0%)
strata prefill timing: host: chunk setup (PLE rows, the expert stream plan) 11 ms, waiting for each chunk 58 ms, after each chunk (the draft layer, progress) 35 ms, PLE 110 ms
strata prefill timing: 4163 tokens, GPU timeline 7823 ms, wall 7860 ms, host staging 13 ms: embed+steps 11 (0.1%) hc read 674 (8.6%) gdn 947 (12.1%) qsa proj 496 (6.3%) qsa indexer 0 (0.0%) qsa select 43 (0.6%) qsa attn 631 (8.1%) router+shared 228 (2.9%) host grouping 30 (0.4%) gather 72 (0.9%) wait copy 29 (0.4%) dequant 486 (6.2%) gemm gate/up 1806 (23.1%) gemm down 805 (10.3%) combine 225 (2.9%) ple 30 (0.4%) gdn conv+gates 87 (1.1%) gdn recurrence 837 (10.7%) gdn out proj 386 (4.9%)
strata prefill timing: host: chunk setup (PLE rows, the expert stream plan) 11 ms, waiting for each chunk 60 ms, after each chunk (the draft layer, progress) 37 ms, PLE 117 ms
strata prefill timing: 1301 tokens, GPU timeline 3218 ms, wall 3248 ms, host staging 16 ms: embed+steps 7 (0.2%) hc read 211 (6.6%) gdn 352 (10.9%) qsa proj 174 (5.4%) qsa indexer 0 (0.0%) qsa select 5 (0.2%) qsa attn 98 (3.0%) router+shared 95 (3.0%) host grouping 20 (0.6%) gather 23 (0.7%) wait copy 12 (0.4%) dequant 387 (12.0%) gemm gate/up 899 (27.9%) gemm down 418 (13.0%) combine 77 (2.4%) ple 9 (0.3%) gdn conv+gates 25 (0.8%) gdn recurrence 245 (7.6%) gdn out proj 162 (5.0%)
strata prefill timing: host: chunk setup (PLE rows, the expert stream plan) 7 ms, waiting for each chunk 33 ms, after each chunk (the draft layer, progress) 30 ms, PLE 122 ms
== mmq0-table : server pid 20392, up True
{"label": "mmq0-table", "i": 0, "wall_s": 8.46, "cache_n": 0, "prompt_n": 4170, "prompt_per_second": 497.6}
{"label": "mmq0-table", "i": 1, "wall_s": 8.01, "cache_n": 0, "prompt_n": 4170, "prompt_per_second": 525.1}
{"label": "mmq0-table", "i": 2, "wall_s": 7.98, "cache_n": 0, "prompt_n": 4170, "prompt_per_second": 528.5}
generation (mmq0-table): 0 chars, timings: {"cache_n":0,"prompt_n":1306,"prompt_ms":3623.5,"prompt_per_token_ms":2.775,"prompt_per_second":360.4,"predicted_n":96,"predicted_ms":2908.8,"predicted_per_token_ms":30.3,"predicted_per_second":33.0,"draft_n":72,"draft_n_accepted":57}
strata prefill timing: 4165 tokens, GPU timeline 8160 ms, wall 8205 ms, host staging 5 ms: embed+steps 114 (1.4%) hc read 729 (8.9%) gdn 985 (12.1%) qsa proj 493 (6.0%) qsa indexer 0 (0.0%) qsa select 44 (0.5%) qsa attn 651 (8.0%) router+shared 236 (2.9%) host grouping 38 (0.5%) gather 72 (0.9%) wait copy 10 (0.1%) dequant 699 (8.6%) gemm gate/up 1671 (20.5%) gemm down 813 (10.0%) combine 226 (2.8%) ple 31 (0.4%) gdn conv+gates 84 (1.0%) gdn recurrence 846 (10.4%) gdn out proj 419 (5.1%)
strata prefill timing: host: chunk setup (PLE rows, the expert stream plan) 114 ms, waiting for each chunk 71 ms, after each chunk (the draft layer, progress) 43 ms, PLE 102 ms
strata prefill timing: 4165 tokens, GPU timeline 7740 ms, wall 7792 ms, host staging 9 ms: embed+steps 10 (0.1%) hc read 674 (8.7%) gdn 938 (12.1%) qsa proj 486 (6.3%) qsa indexer 0 (0.0%) qsa select 43 (0.6%) qsa attn 624 (8.1%) router+shared 226 (2.9%) host grouping 36 (0.5%) gather 72 (0.9%) wait copy 10 (0.1%) dequant 682 (8.8%) gemm gate/up 1593 (20.6%) gemm down 761 (9.8%) combine 226 (2.9%) ple 31 (0.4%) gdn conv+gates 86 (1.1%) gdn recurrence 842 (10.9%) gdn out proj 401 (5.2%)
strata prefill timing: host: chunk setup (PLE rows, the expert stream plan) 10 ms, waiting for each chunk 71 ms, after each chunk (the draft layer, progress) 52 ms, PLE 109 ms
strata prefill timing: 4165 tokens, GPU timeline 7704 ms, wall 7738 ms, host staging 13 ms: embed+steps 11 (0.1%) hc read 675 (8.8%) gdn 936 (12.2%) qsa proj 467 (6.1%) qsa indexer 0 (0.0%) qsa select 44 (0.6%) qsa attn 622 (8.1%) router+shared 227 (2.9%) host grouping 37 (0.5%) gather 72 (0.9%) wait copy 11 (0.1%) dequant 678 (8.8%) gemm gate/up 1602 (20.8%) gemm down 760 (9.9%) combine 225 (2.9%) ple 31 (0.4%) gdn conv+gates 86 (1.1%) gdn recurrence 829 (10.8%) gdn out proj 393 (5.1%)
strata prefill timing: host: chunk setup (PLE rows, the expert stream plan) 11 ms, waiting for each chunk 71 ms, after each chunk (the draft layer, progress) 34 ms, PLE 116 ms
strata prefill timing: 1301 tokens, GPU timeline 3481 ms, wall 3492 ms, host staging 15 ms: embed+steps 7 (0.2%) hc read 201 (5.8%) gdn 342 (9.8%) qsa proj 171 (4.9%) qsa indexer 0 (0.0%) qsa select 5 (0.1%) qsa attn 95 (2.7%) router+shared 92 (2.6%) host grouping 23 (0.7%) gather 15 (0.4%) wait copy 5 (0.2%) dequant 582 (16.7%) gemm gate/up 977 (28.1%) gemm down 455 (13.1%) combine 75 (2.2%) ple 8 (0.2%) gdn conv+gates 25 (0.7%) gdn recurrence 240 (6.9%) gdn out proj 163 (4.7%)
strata prefill timing: host: chunk setup (PLE rows, the expert stream plan) 7 ms, waiting for each chunk 48 ms, after each chunk (the draft layer, progress) 12 ms, PLE 121 ms
done
