docs/benchmarks/2026-10-06-halo-mmq-tiles.cpp:72:5: warning: ignoring return value of type 'hipError_t' declared with 'nodiscard' attribute [-Wunused-value]
   72 |     hipEventDestroy(a); hipEventDestroy(b);
      |     ^~~~~~~~~~~~~~~~~~
docs/benchmarks/2026-10-06-halo-mmq-tiles.cpp:72:25: warning: ignoring return value of type 'hipError_t' declared with 'nodiscard' attribute [-Wunused-value]
   72 |     hipEventDestroy(a); hipEventDestroy(b);
      |                         ^~~~~~~~~~~~~~~~~~
docs/benchmarks/2026-10-06-halo-mmq-tiles.cpp:165:9: warning: ignoring return value of type 'hipError_t' declared with 'nodiscard' attribute [-Wunused-value]
  165 |         hipFree(dw); hipFree(dx); hipFree(dxq); hipFree(dy); hipFree(dids); hipFree(dbounds);
      |         ^~~~~~~~~~~
docs/benchmarks/2026-10-06-halo-mmq-tiles.cpp:165:22: warning: ignoring return value of type 'hipError_t' declared with 'nodiscard' attribute [-Wunused-value]
  165 |         hipFree(dw); hipFree(dx); hipFree(dxq); hipFree(dy); hipFree(dids); hipFree(dbounds);
      |                      ^~~~~~~~~~~
docs/benchmarks/2026-10-06-halo-mmq-tiles.cpp:165:35: warning: ignoring return value of type 'hipError_t' declared with 'nodiscard' attribute [-Wunused-value]
  165 |         hipFree(dw); hipFree(dx); hipFree(dxq); hipFree(dy); hipFree(dids); hipFree(dbounds);
      |                                   ^~~~~~~~~~~~
docs/benchmarks/2026-10-06-halo-mmq-tiles.cpp:165:49: warning: ignoring return value of type 'hipError_t' declared with 'nodiscard' attribute [-Wunused-value]
  165 |         hipFree(dw); hipFree(dx); hipFree(dxq); hipFree(dy); hipFree(dids); hipFree(dbounds);
      |                                                 ^~~~~~~~~~~
docs/benchmarks/2026-10-06-halo-mmq-tiles.cpp:165:62: warning: ignoring return value of type 'hipError_t' declared with 'nodiscard' attribute [-Wunused-value]
  165 |         hipFree(dw); hipFree(dx); hipFree(dxq); hipFree(dy); hipFree(dids); hipFree(dbounds);
      |                                                              ^~~~~~~~~~~~~
docs/benchmarks/2026-10-06-halo-mmq-tiles.cpp:165:77: warning: ignoring return value of type 'hipError_t' declared with 'nodiscard' attribute [-Wunused-value]
  165 |         hipFree(dw); hipFree(dx); hipFree(dxq); hipFree(dy); hipFree(dids); hipFree(dbounds);
      |                                                                             ^~~~~~~~~~~~~~~~
8 warnings generated when compiling for gfx1151.
docs/benchmarks/2026-10-06-halo-mmq-tiles.cpp:72:5: warning: ignoring return value of type 'hipError_t' declared with 'nodiscard' attribute [-Wunused-value]
   72 |     hipEventDestroy(a); hipEventDestroy(b);
      |     ^~~~~~~~~~~~~~~~~~
docs/benchmarks/2026-10-06-halo-mmq-tiles.cpp:72:25: warning: ignoring return value of type 'hipError_t' declared with 'nodiscard' attribute [-Wunused-value]
   72 |     hipEventDestroy(a); hipEventDestroy(b);
      |                         ^~~~~~~~~~~~~~~~~~
docs/benchmarks/2026-10-06-halo-mmq-tiles.cpp:165:9: warning: ignoring return value of type 'hipError_t' declared with 'nodiscard' attribute [-Wunused-value]
  165 |         hipFree(dw); hipFree(dx); hipFree(dxq); hipFree(dy); hipFree(dids); hipFree(dbounds);
      |         ^~~~~~~~~~~
docs/benchmarks/2026-10-06-halo-mmq-tiles.cpp:165:22: warning: ignoring return value of type 'hipError_t' declared with 'nodiscard' attribute [-Wunused-value]
  165 |         hipFree(dw); hipFree(dx); hipFree(dxq); hipFree(dy); hipFree(dids); hipFree(dbounds);
      |                      ^~~~~~~~~~~
docs/benchmarks/2026-10-06-halo-mmq-tiles.cpp:165:35: warning: ignoring return value of type 'hipError_t' declared with 'nodiscard' attribute [-Wunused-value]
  165 |         hipFree(dw); hipFree(dx); hipFree(dxq); hipFree(dy); hipFree(dids); hipFree(dbounds);
      |                                   ^~~~~~~~~~~~
docs/benchmarks/2026-10-06-halo-mmq-tiles.cpp:165:49: warning: ignoring return value of type 'hipError_t' declared with 'nodiscard' attribute [-Wunused-value]
  165 |         hipFree(dw); hipFree(dx); hipFree(dxq); hipFree(dy); hipFree(dids); hipFree(dbounds);
      |                                                 ^~~~~~~~~~~
docs/benchmarks/2026-10-06-halo-mmq-tiles.cpp:165:62: warning: ignoring return value of type 'hipError_t' declared with 'nodiscard' attribute [-Wunused-value]
  165 |         hipFree(dw); hipFree(dx); hipFree(dxq); hipFree(dy); hipFree(dids); hipFree(dbounds);
      |                                                              ^~~~~~~~~~~~~
docs/benchmarks/2026-10-06-halo-mmq-tiles.cpp:165:77: warning: ignoring return value of type 'hipError_t' declared with 'nodiscard' attribute [-Wunused-value]
  165 |         hipFree(dw); hipFree(dx); hipFree(dxq); hipFree(dy); hipFree(dids); hipFree(dbounds);
      |                                                                             ^~~~~~~~~~~~~~~~
8 warnings generated when compiling for host.
