exit 0
installed
== sorted : server pid 9688, up True
{"label": "sorted", "i": 0, "wall_s": 8.04, "cache_n": 0, "prompt_n": 4167, "prompt_per_second": 523.6}
{"label": "sorted", "i": 1, "wall_s": 7.79, "cache_n": 0, "prompt_n": 4166, "prompt_per_second": 539.5}
{"label": "sorted", "i": 2, "wall_s": 7.77, "cache_n": 0, "prompt_n": 4167, "prompt_per_second": 541.1}
generation (sorted): 0 chars, timings: {"cache_n":0,"prompt_n":1306,"prompt_ms":3078.0,"prompt_per_token_ms":2.357,"prompt_per_second":424.3,"predicted_n":96,"predicted_ms":2891.7,"predicted_per_token_ms":30.122,"predicted_per_second":33.2,"draft_n":70,"draft_
strata prefill timing: 4162 tokens, GPU timeline 7741 ms, wall 7785 ms, host staging 4 ms: embed+steps 154 (2.0%) hc read 720 (9.3%) gdn 957 (12.4%) qsa proj 477 (6.2%) qsa indexer 0 (0.0%) qsa select 43 (0.6%) qsa attn 623 (8.0%) router+shared 226 (2.9%) host
strata prefill timing: experts: the loop's host time 67 ms over 48 layers (0 sorted by row count), 1997760 routed rows, a J tile for each group's largest expert would pad them by 46.0%
strata prefill timing: 4161 tokens, GPU timeline 7535 ms, wall 7570 ms, host staging 9 ms: embed+steps 11 (0.1%) hc read 682 (9.1%) gdn 928 (12.3%) qsa proj 468 (6.2%) qsa select 43 (0.6%) qsa attn 623 (8.3%) router+shared 226 (3.0%) host grouping 31 (0.4%) ga
strata prefill timing: experts: the loop's host time 35 ms over 48 layers (0 sorted by row count), 1997280 routed rows, a J tile for each group's largest expert would pad them by 46.1%
strata prefill timing: 4162 tokens, GPU timeline 7516 ms, wall 7552 ms, host staging 14 ms: embed+steps 11 (0.1%) hc read 674 (9.0%) gdn 933 (12.4%) qsa proj 486 (6.5%) qsa indexer 0 (0.0%) qsa select 43 (0.6%) qsa attn 620 (8.3%) router+shared 225 (3.0%) host
strata prefill timing: experts: the loop's host time 35 ms over 48 layers (0 sorted by row count), 1997760 routed rows, a J tile for each group's largest expert would pad them by 46.2%
strata prefill timing: 1301 tokens, GPU timeline 2933 ms, wall 2944 ms, host staging 16 ms: embed+steps 7 (0.2%) hc read 207 (7.0%) gdn 342 (11.6%) qsa proj 172 (5.9%) qsa indexer 0 (0.0%) qsa select 5 (0.2%) qsa attn 95 (3.2%) router+shared 92 (3.1%) host gro
strata prefill timing: experts: the loop's host time 25 ms over 48 layers (0 sorted by row count), 624480 routed rows, a J tile for each group's largest expert would pad them by 161.2%
strata prefill timing: experts: the loop's host time 67 ms over 48 layers (0 sorted by row count), 1997760 routed rows, a J tile for each group's largest expert would pad them by 46.0%
strata prefill timing: experts: the loop's host time 35 ms over 48 layers (0 sorted by row count), 1997280 routed rows, a J tile for each group's largest expert would pad them by 46.1%
strata prefill timing: experts: the loop's host time 35 ms over 48 layers (0 sorted by row count), 1997760 routed rows, a J tile for each group's largest expert would pad them by 46.2%
strata prefill timing: experts: the loop's host time 25 ms over 48 layers (0 sorted by row count), 624480 routed rows, a J tile for each group's largest expert would pad them by 161.2%

[exited with code 0]
