== sorted : server pid 13436, up True
{"label": "sorted-800", "i": 0, "wall_s": 2.66, "cache_n": 0, "prompt_n": 1001, "prompt_per_second": 387.9}
{"label": "sorted-800", "i": 1, "wall_s": 2.47, "cache_n": 0, "prompt_n": 1001, "prompt_per_second": 416.1}
{"label": "sorted-800", "i": 2, "wall_s": 2.41, "cache_n": 0, "prompt_n": 1001, "prompt_per_second": 427.9}
strata prefill timing: 996 tokens, GPU timeline 2412 ms, wall 2427 ms, host staging 1 ms: embed+steps 60 (2.5%) hc read 197 (8.2%) gdn 296 (12.3%) qsa proj 144 (6.0%) qsa indexer 0 (0.0%) qsa select 3
strata prefill timing: experts: the loop's host time 56 ms over 48 layers (48 sorted by row count), 478080 routed rows, a J tile for each group's largest expert would pad them by 31.2%
strata prefill timing: 996 tokens, GPU timeline 2267 ms, wall 2277 ms, host staging 3 ms: embed+steps 5 (0.2%) hc read 153 (6.8%) gdn 280 (12.4%) qsa proj 144 (6.3%) qsa indexer 0 (0.0%) qsa select 3 
strata prefill timing: experts: the loop's host time 25 ms over 48 layers (48 sorted by row count), 478080 routed rows, a J tile for each group's largest expert would pad them by 31.0%
strata prefill timing: 996 tokens, GPU timeline 2200 ms, wall 2209 ms, host staging 4 ms: embed+steps 6 (0.3%) hc read 155 (7.1%) gdn 270 (12.3%) qsa proj 139 (6.3%) qsa indexer 0 (0.0%) qsa select 3 
strata prefill timing: experts: the loop's host time 24 ms over 48 layers (48 sorted by row count), 478080 routed rows, a J tile for each group's largest expert would pad them by 31.6%
strata prefill timing: 1301 tokens, GPU timeline 3060 ms, wall 3073 ms, host staging 7 ms: embed+steps 16 (0.5%) hc read 209 (6.8%) gdn 364 (11.9%) qsa proj 181 (5.9%) qsa indexer 0 (0.0%) qsa select 
strata prefill timing: experts: the loop's host time 31 ms over 48 layers (0 sorted by row count), 624480 routed rows, a J tile for each group's largest expert would pad them by 161.2%
strata prefill timing: experts: the loop's host time 56 ms over 48 layers (48 sorted by row count), 478080 routed rows, a J tile for each group's largest expert would pad them by 31.2%
strata prefill timing: experts: the loop's host time 25 ms over 48 layers (48 sorted by row count), 478080 routed rows, a J tile for each group's largest expert would pad them by 31.0%
strata prefill timing: experts: the loop's host time 24 ms over 48 layers (48 sorted by row count), 478080 routed rows, a J tile for each group's largest expert would pad them by 31.6%
strata prefill timing: experts: the loop's host time 31 ms over 48 layers (0 sorted by row count), 624480 routed rows, a J tile for each group's largest expert would pad them by 161.2%
== unsorted : server pid 6344, up True
{"label": "unsorted-800", "i": 0, "wall_s": 2.86, "cache_n": 0, "prompt_n": 1002, "prompt_per_second": 359.6}
{"label": "unsorted-800", "i": 1, "wall_s": 2.64, "cache_n": 0, "prompt_n": 1002, "prompt_per_second": 388.1}
{"label": "unsorted-800", "i": 2, "wall_s": 2.65, "cache_n": 0, "prompt_n": 1002, "prompt_per_second": 387.9}
strata prefill timing: 997 tokens, GPU timeline 2620 ms, wall 2636 ms, host staging 1 ms: embed+steps 39 (1.5%) hc read 203 (7.7%) gdn 304 (11.6%) qsa proj 146 (5.6%) qsa indexer 0 (0.0%) qsa select 3
strata prefill timing: experts: the loop's host time 54 ms over 48 layers (0 sorted by row count), 478560 routed rows, a J tile for each group's largest expert would pad them by 207.2%
strata prefill timing: 997 tokens, GPU timeline 2437 ms, wall 2446 ms, host staging 3 ms: embed+steps 5 (0.2%) hc read 153 (6.3%) gdn 279 (11.5%) qsa proj 146 (6.0%) qsa indexer 0 (0.0%) qsa select 3 
strata prefill timing: experts: the loop's host time 22 ms over 48 layers (0 sorted by row count), 478560 routed rows, a J tile for each group's largest expert would pad them by 207.9%
strata prefill timing: 997 tokens, GPU timeline 2445 ms, wall 2454 ms, host staging 4 ms: embed+steps 5 (0.2%) hc read 156 (6.4%) gdn 278 (11.4%) qsa proj 142 (5.8%) qsa indexer 0 (0.0%) qsa select 3 
strata prefill timing: experts: the loop's host time 23 ms over 48 layers (0 sorted by row count), 478560 routed rows, a J tile for each group's largest expert would pad them by 207.3%
strata prefill timing: 1301 tokens, GPU timeline 2956 ms, wall 2968 ms, host staging 6 ms: embed+steps 14 (0.5%) hc read 207 (7.0%) gdn 347 (11.8%) qsa proj 173 (5.9%) qsa indexer 0 (0.0%) qsa select 
strata prefill timing: experts: the loop's host time 24 ms over 48 layers (0 sorted by row count), 624480 routed rows, a J tile for each group's largest expert would pad them by 161.2%
strata prefill timing: experts: the loop's host time 54 ms over 48 layers (0 sorted by row count), 478560 routed rows, a J tile for each group's largest expert would pad them by 207.2%
strata prefill timing: experts: the loop's host time 22 ms over 48 layers (0 sorted by row count), 478560 routed rows, a J tile for each group's largest expert would pad them by 207.9%
strata prefill timing: experts: the loop's host time 23 ms over 48 layers (0 sorted by row count), 478560 routed rows, a J tile for each group's largest expert would pad them by 207.3%
strata prefill timing: experts: the loop's host time 24 ms over 48 layers (0 sorted by row count), 624480 routed rows, a J tile for each group's largest expert would pad them by 161.2%

[exited with code 0]
