# TODO 2b: registers per MMQ kernel on gfx1151 (non-fallback, the J tiles the engine uses): J<tile>:<VGPRs>/<scratch bytes per lane>,
# from -Rpass-analysis=kernel-resource-usage on the vendored mmq-instance-<type>.cu, device-only compile, per scheduler flag set
base iq4_nl J16:211/0 J32:256/108 J48:165/0 J64:173/0 J80:187/0 J96:197/0 J112:208/0 J128:228/0 
base q8_0 J16:212/0 J32:256/120 J48:125/0 J64:145/0 J80:167/0 J96:188/0 J112:209/0 J128:229/0 
base q2_0 J16:211/0 J32:256/108 J48:169/0 J64:201/0 J80:209/0 J96:231/0 J112:241/0 J128:251/0 
base iq4_xs J16:215/0 J32:256/180 J48:169/0 J64:182/0 J80:194/0 J96:204/0 J112:224/0 J128:244/0 
base iq3_s J16:227/0 J32:256/160 J48:194/0 J64:203/0 J80:213/0 J96:224/0 J112:245/0 J128:251/0 
base iq2_s J16:256/28 J32:186/0 J48:237/0 J64:213/0 J80:223/0 J96:233/0 J112:256/56 J128:256/132 
base iq3_xxs J16:195/0 J32:256/16 J48:191/0 J64:200/0 J80:211/0 J96:221/0 J112:237/0 J128:256/208 
maxilp q8_0 J16:188/0 J32:253/0 J48:123/0 J64:144/0 J80:167/0 J96:188/0 J112:209/0 J128:229/0 
maxilp iq4_nl J16:189/0 J32:254/0 J48:165/0 J64:173/0 J80:186/0 J96:196/0 J112:208/0 J128:228/0 
maxilp iq4_xs J16:195/0 J32:256/56 J48:173/0 J64:181/0 J80:194/0 J96:204/0 J112:224/0 J128:244/0 
maxilp q2_0 J16:206/0 J32:254/0 J48:199/0 J64:208/0 J80:220/0 J96:230/0 J112:240/0 J128:249/0 
maxilp iq2_s J16:256/16 J32:207/0 J48:212/0 J64:221/0 J80:232/0 J96:241/0 J112:251/0 J128:256/24 
maxilp iq3_xxs J16:227/0 J32:256/16 J48:219/0 J64:228/0 J80:240/0 J96:250/0 J112:256/28 J128:256/72 
maxilp iq3_s J16:242/0 J32:256/16 J48:225/0 J64:234/0 J80:245/0 J96:255/0 J112:256/44 J128:256/84 
itermin q8_0 J16:108/0 J32:209/0 J48:107/0 J64:116/0 J80:126/0 J96:134/0 J112:143/0 J128:149/0 
itermin iq4_nl J16:108/0 J32:210/0 J48:106/0 J64:115/0 J80:125/0 J96:133/0 J112:142/0 J128:148/0 
itermin iq4_xs J16:113/0 J32:221/0 J48:122/0 J64:131/0 J80:141/0 J96:149/0 J112:158/0 J128:164/0 
itermin q2_0 J16:108/0 J32:210/0 J48:105/0 J64:114/0 J80:124/0 J96:132/0 J112:141/0 J128:147/0 
itermin iq3_xxs J16:125/0 J32:239/0 J48:104/0 J64:113/0 J80:122/0 J96:130/0 J112:139/0 J128:146/0 
itermin iq2_s J16:169/0 J32:104/0 J48:97/0 J64:111/0 J80:120/0 J96:128/0 J112:137/0 J128:144/0 
itermin iq3_s J16:135/0 J32:254/0 J48:108/0 J64:116/0 J80:125/0 J96:133/0 J112:142/0 J128:149/0 
maxmem q8_0 J16:198/0 J32:256/108 J48:125/0 J64:145/0 J80:167/0 J96:187/0 J112:208/0 J128:229/0 
maxmem iq4_xs J16:205/0 J32:256/168 J48:140/0 J64:160/0 J80:182/0 J96:203/0 J112:224/0 J128:244/0 
maxmem iq4_nl J16:199/0 J32:256/116 J48:124/0 J64:144/0 J80:166/0 J96:187/0 J112:207/0 J128:228/0 
maxmem q2_0 J16:199/0 J32:256/100 J48:123/0 J64:143/0 J80:166/0 J96:187/0 J112:206/0 J128:227/0 
maxmem iq3_xxs J16:195/0 J32:256/16 J48:138/0 J64:154/0 J80:163/0 J96:184/0 J112:205/0 J128:226/0 
maxmem iq2_s J16:256/36 J32:130/0 J48:167/0 J64:149/0 J80:155/0 J96:163/0 J112:182/0 J128:199/0 
maxmem iq3_s J16:227/0 J32:256/160 J48:144/0 J64:153/0 J80:166/0 J96:187/0 J112:208/0 J128:229/0 
trackers q8_0 J16:210/0 J32:256/136 J48:124/0 J64:145/0 J80:166/0 J96:187/0 J112:208/0 J128:229/0 
trackers iq4_nl J16:211/0 J32:256/132 J48:124/0 J64:144/0 J80:165/0 J96:186/0 J112:207/0 J128:228/0 
trackers iq4_xs J16:213/0 J32:256/188 J48:139/0 J64:160/0 J80:181/0 J96:202/0 J112:223/0 J128:244/0 
trackers q2_0 J16:211/0 J32:256/124 J48:124/0 J64:143/0 J80:164/0 J96:185/0 J112:206/0 J128:227/0 
trackers iq2_s J16:256/28 J32:166/0 J48:165/0 J64:150/0 J80:162/0 J96:179/0 J112:182/0 J128:199/0 
trackers iq3_xxs J16:251/0 J32:256/0 J48:171/0 J64:142/0 J80:163/0 J96:184/0 J112:205/0 J128:226/0 
trackers iq3_s J16:227/0 J32:256/152 J48:164/0 J64:150/0 J80:166/0 J96:187/0 J112:208/0 J128:229/0 
unroll50 iq4_nl J16:130/0 J32:137/0 J48:165/0 J64:173/0 J80:187/0 J96:197/0 J112:208/0 J128:228/0 
unroll50 q8_0 J16:109/0 J32:104/0 J48:125/0 J64:145/0 J80:167/0 J96:188/0 J112:209/0 J128:229/0 
unroll50 iq4_xs J16:154/0 J32:137/0 J48:169/0 J64:182/0 J80:194/0 J96:204/0 J112:224/0 J128:244/0 
unroll50 q2_0 J16:130/0 J32:137/0 J48:169/0 J64:201/0 J80:209/0 J96:231/0 J112:241/0 J128:251/0 
unroll50 iq3_xxs J16:154/0 J32:184/0 J48:191/0 J64:200/0 J80:211/0 J96:221/0 J112:237/0 J128:256/208 
unroll50 iq2_s J16:214/0 J32:186/0 J48:237/0 J64:213/0 J80:223/0 J96:233/0 J112:256/56 J128:256/132 
unroll50 iq3_s J16:177/0 J32:185/0 J48:194/0 J64:203/0 J80:213/0 J96:224/0 J112:245/0 J128:251/0 
