{"label": "default-1", "exe": "E:\\work\\AI\\Strata\\engine\\strata-0.1.34-todo2a.exe", "server_up_s": 16.2}
{"label": "default-1", "kind": "pp4096", "i": 0, "wall_s": 9.88, "cache_n": 0, "prompt_n": 4172, "prompt_per_second": 426.5}
{"label": "default-1", "kind": "pp4096", "i": 1, "wall_s": 9.42, "cache_n": 0, "prompt_n": 4174, "prompt_per_second": 448.6}
{"label": "default-1", "kind": "pp4096", "i": 2, "wall_s": 9.38, "cache_n": 0, "prompt_n": 4173, "prompt_per_second": 449.8}
{"label": "default-1", "kind": "pp1300", "i": 0, "wall_s": 4.6, "cache_n": 0, "prompt_n": 1666, "prompt_per_second": 368.1}
{"label": "default-1", "kind": "pp1300", "i": 1, "wall_s": 4.48, "cache_n": 0, "prompt_n": 1666, "prompt_per_second": 378.9}
{"label": "default-1", "kind": "pp1300", "i": 2, "wall_s": 4.53, "cache_n": 0, "prompt_n": 1665, "prompt_per_second": 374.0}
{"label": "default-1", "text_request": true, "wall_s": 6.13, "prompt_n": 1213, "prompt_per_second": 336.9, "predicted_per_second": 25.7}
[default-1] text:
We need answer user's request: "Continue this Python source file where it stops. Output only code." They provided a partial Python source file ending mid-class MockEngine:
...
    def __init__(self, tokenizer, script: str | list[str], max_context: int = 32768

[default-1] strata prefill timing: 4167 tokens, GPU timeline 9309 ms, wall 9378 ms, host staging 8 ms: embed+steps 173 (1.9%) hc read 865 (9.3%) gdn 1200 (12.9%) qsa proj 590 (6.3%) qsa indexer 0 (0.0%) qsa select 57 (0.6%) qsa attn 858 (9.2%) router+shared 221 (2.4%) host grouping 72 (0.8%) gather 93 (1.0%) wait copy 58 (0.6%) dequant 686 (7.4%) gemm gate/up 1902 (20.4%) gemm down 930 (10.0%) combine 234 (2.5%) ple 33 (0.4%) gdn conv+gates 96 (1.0%) gdn recurrence 735 (7.9%) gdn out proj 506 (5.4%)
[default-1] strata prefill timing: experts: the loop's host time 140 ms over 48 layers (0 sorted by row count, 48 grouped by row-count class), 2000160 routed rows, a J tile for each group's largest expert would pad them by 19.6%
[default-1] strata prefill: GDN_HASH b420 c9dd 5c79 fbb6 699f ad3d e10b 306f e681 b80a 7bb2 533d 2b5f 1891 3434 f916 287a dedb f37e 5bf3 06e7 7b4c 0fed f8b3 326a 9839 0325 7546 13d0 5bc0 017d 47f2 3dce a650 ed56 c127 
[default-1] strata prefill timing: 4169 tokens, GPU timeline 8901 ms, wall 8948 ms, host staging 16 ms: embed+steps 18 (0.2%) hc read 772 (8.7%) gdn 1166 (13.1%) qsa proj 588 (6.6%) qsa indexer 0 (0.0%) qsa select 57 (0.6%) qsa attn 855 (9.6%) router+shared 221 (2.5%) host grouping 62 (0.7%) gather 90 (1.0%) wait copy 50 (0.6%) dequant 659 (7.4%) gemm gate/up 1860 (20.9%) gemm down 914 (10.3%) combine 231 (2.6%) ple 34 (0.4%) gdn conv+gates 96 (1.1%) gdn recurrence 730 (8.2%) gdn out proj 499 (5.6%)
[default-1] strata prefill timing: experts: the loop's host time 91 ms over 48 layers (0 sorted by row count, 48 grouped by row-count class), 2001120 routed rows, a J tile for each group's largest expert would pad them by 19.6%
[default-1] strata prefill: GDN_HASH 2365 1420 9fa1 e32e b93f de0c 1fa6 9128 af3e 058e dc67 d3b3 a168 2415 23c2 c89a 56e2 f57e 6072 1744 b35b 5ff2 174c 4499 721a 86ef 027e b992 05ea 99de 396d 2f33 11ea 2a98 01e9 34ba 
[default-1] strata prefill timing: 4168 tokens, GPU timeline 8823 ms, wall 8866 ms, host staging 24 ms: embed+steps 15 (0.2%) hc read 770 (8.7%) gdn 1169 (13.2%) qsa proj 578 (6.6%) qsa indexer 0 (0.0%) qsa select 55 (0.6%) qsa attn 831 (9.4%) router+shared 218 (2.5%) host grouping 55 (0.6%) gather 89 (1.0%) wait copy 47 (0.5%) dequant 641 (7.3%) gemm gate/up 1849 (21.0%) gemm down 914 (10.4%) combine 232 (2.6%) ple 35 (0.4%) gdn conv+gates 94 (1.1%) gdn recurrence 728 (8.3%) gdn out proj 502 (5.7%)
[default-1] strata prefill timing: experts: the loop's host time 68 ms over 48 layers (0 sorted by row count, 48 grouped by row-count class), 2000640 routed rows, a J tile for each group's largest expert would pad them by 19.5%
[default-1] strata prefill: GDN_HASH df69 7ea3 c627 8845 955c ebf9 c2e8 e5ee 0525 f41f 9404 5579 0783 d4c9 c00e 1cac b64d 0ebe a34f e7e2 6ad8 89b4 5762 7c3b b55e 3699 d453 acd2 112e 57e6 d21e af2e 5328 be87 2bc8 8259 
[default-1] strata prefill timing: 1661 tokens, GPU timeline 4134 ms, wall 4155 ms, host staging 31 ms: embed+steps 7 (0.2%) hc read 323 (7.8%) gdn 565 (13.7%) qsa proj 285 (6.9%) qsa indexer 0 (0.0%) qsa select 9 (0.2%) qsa attn 194 (4.7%) router+shared 106 (2.6%) host grouping 61 (1.5%) gather 39 (0.9%) wait copy 27 (0.7%) dequant 509 (12.3%) gemm gate/up 896 (21.7%) gemm down 421 (10.2%) combine 93 (2.3%) ple 15 (0.4%) gdn conv+gates 37 (0.9%) gdn recurrence 301 (7.3%) gdn out proj 247 (6.0%)
[default-1] strata prefill timing: experts: the loop's host time 67 ms over 48 layers (0 sorted by row count, 48 grouped by row-count class), 797280 routed rows, a J tile for each group's largest expert would pad them by 26.9%
[default-1] strata prefill: GDN_HASH 61ad 35d5 00bf c2c9 2f62 cd18 9677 8b67 f39f 41f5 bb1c 2008 0ffa 54e5 22e1 9af4 15ef 9a1f bba4 026f b1d7 57e7 659d bb73 4276 eb36 af23 4db3 48fb 1717 e60d 61ac f7b1 4c8d b8ea a1ee 
[default-1] strata prefill timing: 1661 tokens, GPU timeline 4051 ms, wall 4071 ms, host staging 38 ms: embed+steps 7 (0.2%) hc read 319 (7.9%) gdn 563 (13.9%) qsa proj 275 (6.8%) qsa indexer 0 (0.0%) qsa select 9 (0.2%) qsa attn 191 (4.7%) router+shared 105 (2.6%) host grouping 35 (0.9%) gather 38 (0.9%) wait copy 26 (0.6%) dequant 502 (12.4%) gemm gate/up 876 (21.6%) gemm down 416 (10.3%) combine 93 (2.3%) ple 14 (0.4%) gdn conv+gates 36 (0.9%) gdn recurrence 299 (7.4%) gdn out proj 246 (6.1%)
[default-1] strata prefill timing: experts: the loop's host time 66 ms over 48 layers (0 sorted by row count, 48 grouped by row-count class), 797280 routed rows, a J tile for each group's largest expert would pad them by 27.1%
[default-1] strata prefill: GDN_HASH 581f d98e 07fd d173 a7ce 6a66 fee4 a362 6eb7 a96e 9b31 bbfa ecfb 9404 0647 1e7c 2d61 0a95 daca 8d79 d3a3 8296 d14c b20a a017 eb5d 53ad 4ef5 2c03 e75d 5b9c 68c3 ea64 289a 4fd0 3014 
[default-1] strata prefill timing: 1660 tokens, GPU timeline 4106 ms, wall 4128 ms, host staging 46 ms: embed+steps 7 (0.2%) hc read 318 (7.7%) gdn 569 (13.9%) qsa proj 281 (6.9%) qsa indexer 0 (0.0%) qsa select 9 (0.2%) qsa attn 196 (4.8%) router+shared 106 (2.6%) host grouping 36 (0.9%) gather 38 (0.9%) wait copy 26 (0.6%) dequant 510 (12.4%) gemm gate/up 895 (21.8%) gemm down 425 (10.4%) combine 97 (2.4%) ple 14 (0.3%) gdn conv+gates 34 (0.8%) gdn recurrence 300 (7.3%) gdn out proj 247 (6.0%)
[default-1] strata prefill timing: experts: the loop's host time 66 ms over 48 layers (0 sorted by row count, 48 grouped by row-count class), 796800 routed rows, a J tile for each group's largest expert would pad them by 27.0%
[default-1] strata prefill: GDN_HASH 6dfd 688f 38b9 06dc 6ea8 5150 05db 32de 2e27 a551 f0a5 1ebd 9559 3316 d6e1 2f82 0d7e b798 b4bc c2c9 f756 29b1 829c 214a dc63 72bf fabe 8582 0558 58a7 94ef 1c2e 41bd 3a3e 3172 14ca 
[default-1] strata prefill timing: 1208 tokens, GPU timeline 3236 ms, wall 3251 ms, host staging 52 ms: embed+steps 76 (2.3%) hc read 233 (7.2%) gdn 436 (13.5%) qsa proj 204 (6.3%) qsa indexer 0 (0.0%) qsa select 6 (0.2%) qsa attn 104 (3.2%) router+shared 89 (2.8%) host grouping 36 (1.1%) gather 28 (0.9%) wait copy 23 (0.7%) dequant 486 (15.0%) gemm gate/up 687 (21.2%) gemm down 318 (9.8%) combine 69 (2.1%) ple 10 (0.3%) gdn conv+gates 25 (0.8%) gdn recurrence 217 (6.7%) gdn out proj 189 (5.9%)
[default-1] strata prefill timing: experts: the loop's host time 97 ms over 48 layers (0 sorted by row count, 48 grouped by row-count class), 579840 routed rows, a J tile for each group's largest expert would pad them by 28.5%
[default-1] strata prefill: GDN_HASH f298 0c4e 8798 fb2b c913 0a3d 8ed9 a327 f76d 820b ce10 bc99 9191 86b4 23dc b0cc 8a0a c1a7 5be8 eb39 8220 37e1 7d2e 44e1 2f83 fd8a b189 3c39 6535 2c3b 9a57 a986 19c6 3913 167a c14f 
{"label": "max-ilp-1", "exe": "E:\\work\\AI\\Strata\\build-hip-win\\strata.exe", "server_up_s": 16.2}
{"label": "max-ilp-1", "kind": "pp4096", "i": 0, "wall_s": 9.75, "cache_n": 0, "prompt_n": 4176, "prompt_per_second": 433.4}
{"label": "max-ilp-1", "kind": "pp4096", "i": 1, "wall_s": 8.71, "cache_n": 0, "prompt_n": 4176, "prompt_per_second": 483.3}
{"label": "max-ilp-1", "kind": "pp4096", "i": 2, "wall_s": 7.82, "cache_n": 0, "prompt_n": 4176, "prompt_per_second": 540.4}
{"label": "max-ilp-1", "kind": "pp1300", "i": 0, "wall_s": 3.63, "cache_n": 0, "prompt_n": 1668, "prompt_per_second": 469.6}
{"label": "max-ilp-1", "kind": "pp1300", "i": 1, "wall_s": 3.6, "cache_n": 0, "prompt_n": 1668, "prompt_per_second": 472.5}
{"label": "max-ilp-1", "kind": "pp1300", "i": 2, "wall_s": 3.58, "cache_n": 0, "prompt_n": 1668, "prompt_per_second": 473.6}
{"label": "max-ilp-1", "text_request": true, "wall_s": 4.77, "prompt_n": 1213, "prompt_per_second": 429.2, "predicted_per_second": 33.4}
[max-ilp-1] text:
We need answer user's request: "Continue this Python source file where it stops. Output only code." They provided a partial Python source file ending mid-class MockEngine:
...
    def __init__(self, tokenizer, script: str | list[str], max_context: int = 32768

[max-ilp-1] strata prefill timing: 4171 tokens, GPU timeline 9100 ms, wall 9157 ms, host staging 7 ms: embed+steps 112 (1.2%) hc read 836 (9.2%) gdn 1182 (13.0%) qsa proj 582 (6.4%) qsa indexer 0 (0.0%) qsa select 57 (0.6%) qsa attn 859 (9.4%) router+shared 222 (2.4%) host grouping 104 (1.1%) gather 92 (1.0%) wait copy 53 (0.6%) dequant 649 (7.1%) gemm gate/up 1828 (20.1%) gemm down 927 (10.2%) combine 231 (2.5%) ple 35 (0.4%) gdn conv+gates 96 (1.1%) gdn recurrence 734 (8.1%) gdn out proj 502 (5.5%)
[max-ilp-1] strata prefill timing: experts: the loop's host time 138 ms over 48 layers (0 sorted by row count, 48 grouped by row-count class), 2002080 routed rows, a J tile for each group's largest expert would pad them by 19.3%
[max-ilp-1] strata prefill: GDN_HASH 01ab 2c16 4afc 5f8d dd0b 5779 c98c 28b3 e2cb 92a4 a220 751c fb2e 86ab d25b 6511 cde3 c0dc c064 28fe e294 56d9 8fe3 2cdf cdb8 2f8c 9782 9e3b 7ef8 4543 45bf 4d90 8b2b 0048 22ac 713e 
[max-ilp-1] strata prefill timing: 4171 tokens, GPU timeline 8296 ms, wall 8331 ms, host staging 15 ms: embed+steps 17 (0.2%) hc read 748 (9.0%) gdn 1125 (13.6%) qsa proj 537 (6.5%) qsa indexer 0 (0.0%) qsa select 52 (0.6%) qsa attn 755 (9.1%) router+shared 201 (2.4%) host grouping 65 (0.8%) gather 85 (1.0%) wait copy 57 (0.7%) dequant 670 (8.1%) gemm gate/up 1635 (19.7%) gemm down 830 (10.0%) combine 231 (2.8%) ple 34 (0.4%) gdn conv+gates 93 (1.1%) gdn recurrence 703 (8.5%) gdn out proj 457 (5.5%)
[max-ilp-1] strata prefill timing: experts: the loop's host time 71 ms over 48 layers (0 sorted by row count, 48 grouped by row-count class), 2002080 routed rows, a J tile for each group's largest expert would pad them by 19.5%
[max-ilp-1] strata prefill: GDN_HASH b57f e8c5 1549 9ff5 3f48 fa7e 506c a0a0 c4f4 d817 47b1 ea97 fbb4 1488 3b3f 049a e95c 1fac 11aa 0cba 404e 468a ec67 ed3d ecb1 92c1 baec 532b d823 4b0f 8287 fe4d b557 aec7 dd5c 017e 
[max-ilp-1] strata prefill timing: 4171 tokens, GPU timeline 7413 ms, wall 7449 ms, host staging 21 ms: embed+steps 10 (0.1%) hc read 695 (9.4%) gdn 1017 (13.7%) qsa proj 501 (6.8%) qsa indexer 0 (0.0%) qsa select 46 (0.6%) qsa attn 682 (9.2%) router+shared 178 (2.4%) host grouping 32 (0.4%) gather 80 (1.1%) wait copy 34 (0.5%) dequant 523 (7.1%) gemm gate/up 1477 (19.9%) gemm down 745 (10.0%) combine 226 (3.0%) ple 32 (0.4%) gdn conv+gates 89 (1.2%) gdn recurrence 638 (8.6%) gdn out proj 408 (5.5%)
[max-ilp-1] strata prefill timing: experts: the loop's host time 44 ms over 48 layers (0 sorted by row count, 48 grouped by row-count class), 2002080 routed rows, a J tile for each group's largest expert would pad them by 19.3%
[max-ilp-1] strata prefill: GDN_HASH a522 c291 8c93 a70c 7ad5 ccc0 a5ca 05a2 7584 0e6c 380a 04bc 8098 9a78 9a73 ff07 17e5 22e8 132a f31b f1e0 c1a8 8f43 6240 ba36 d461 cc5f 166e 75a5 de86 0719 acea 6868 9674 3e9d 7241 
[max-ilp-1] strata prefill timing: 1663 tokens, GPU timeline 3279 ms, wall 3297 ms, host staging 24 ms: embed+steps 7 (0.2%) hc read 280 (8.6%) gdn 447 (13.6%) qsa proj 220 (6.7%) qsa indexer 0 (0.0%) qsa select 7 (0.2%) qsa attn 152 (4.6%) router+shared 82 (2.5%) host grouping 23 (0.7%) gather 31 (0.9%) wait copy 18 (0.5%) dequant 414 (12.6%) gemm gate/up 671 (20.5%) gemm down 326 (9.9%) combine 93 (2.8%) ple 13 (0.4%) gdn conv+gates 33 (1.0%) gdn recurrence 259 (7.9%) gdn out proj 204 (6.2%)
[max-ilp-1] strata prefill timing: experts: the loop's host time 35 ms over 48 layers (0 sorted by row count, 48 grouped by row-count class), 798240 routed rows, a J tile for each group's largest expert would pad them by 26.7%
[max-ilp-1] strata prefill: GDN_HASH ee82 6fca 7290 7e1d 5d09 05d9 aabe d7c0 a473 e391 94a5 0bc7 ab34 f5fe 1de2 ba1e 3eef 08f8 9061 a3ce e0fa fa1a 7a07 b1e3 5674 8ad8 417f d8b7 854c aec6 4c04 0c94 a9f3 f908 dd07 d107 
[max-ilp-1] strata prefill timing: 1663 tokens, GPU timeline 3260 ms, wall 3275 ms, host staging 29 ms: embed+steps 6 (0.2%) hc read 281 (8.6%) gdn 440 (13.5%) qsa proj 222 (6.8%) qsa indexer 0 (0.0%) qsa select 7 (0.2%) qsa attn 152 (4.6%) router+shared 82 (2.5%) host grouping 21 (0.6%) gather 31 (0.9%) wait copy 18 (0.5%) dequant 412 (12.6%) gemm gate/up 667 (20.5%) gemm down 324 (9.9%) combine 92 (2.8%) ple 12 (0.4%) gdn conv+gates 33 (1.0%) gdn recurrence 257 (7.9%) gdn out proj 204 (6.3%)
[max-ilp-1] strata prefill timing: experts: the loop's host time 33 ms over 48 layers (0 sorted by row count, 48 grouped by row-count class), 798240 routed rows, a J tile for each group's largest expert would pad them by 26.9%
[max-ilp-1] strata prefill: GDN_HASH 01bb 632b 0a82 2f6e a003 957b a5b0 4d28 0e15 07a3 83ca a4ae b416 4138 2e53 5518 71bb 1d95 74e2 202c 89ca e0b8 d91f bd59 1bc7 d214 8821 1ce9 1150 cbde af12 ba37 bd70 95dd ae9b fb98 
[max-ilp-1] strata prefill timing: 1663 tokens, GPU timeline 3249 ms, wall 3264 ms, host staging 33 ms: embed+steps 6 (0.2%) hc read 279 (8.6%) gdn 443 (13.6%) qsa proj 217 (6.7%) qsa indexer 0 (0.0%) qsa select 7 (0.2%) qsa attn 151 (4.7%) router+shared 81 (2.5%) host grouping 23 (0.7%) gather 30 (0.9%) wait copy 17 (0.5%) dequant 412 (12.7%) gemm gate/up 662 (20.4%) gemm down 322 (9.9%) combine 91 (2.8%) ple 13 (0.4%) gdn conv+gates 34 (1.0%) gdn recurrence 255 (7.9%) gdn out proj 205 (6.3%)
[max-ilp-1] strata prefill timing: experts: the loop's host time 33 ms over 48 layers (0 sorted by row count, 48 grouped by row-count class), 798240 routed rows, a J tile for each group's largest expert would pad them by 26.9%
[max-ilp-1] strata prefill: GDN_HASH 3d72 b4ff 7e34 62d8 b73a 0116 ba6c d25f 0886 544d ee7d 9cf7 50b6 2d41 5cb0 97c4 26e0 781b 7b3c 324d b673 b4df 081f ad75 c93d 7346 0e1a 6e42 f992 525e 6c52 a577 0c85 9315 afe6 52a9 
[max-ilp-1] strata prefill timing: 1208 tokens, GPU timeline 2567 ms, wall 2578 ms, host staging 38 ms: embed+steps 62 (2.4%) hc read 204 (7.9%) gdn 334 (13.0%) qsa proj 163 (6.4%) qsa indexer 0 (0.0%) qsa select 4 (0.2%) qsa attn 87 (3.4%) router+shared 69 (2.7%) host grouping 19 (0.7%) gather 22 (0.9%) wait copy 14 (0.5%) dequant 381 (14.8%) gemm gate/up 515 (20.0%) gemm down 248 (9.7%) combine 66 (2.6%) ple 9 (0.4%) gdn conv+gates 23 (0.9%) gdn recurrence 183 (7.1%) gdn out proj 164 (6.4%)
[max-ilp-1] strata prefill timing: experts: the loop's host time 28 ms over 48 layers (0 sorted by row count, 48 grouped by row-count class), 579840 routed rows, a J tile for each group's largest expert would pad them by 28.5%
[max-ilp-1] strata prefill: GDN_HASH f298 0c4e 8798 fb2b c913 0a3d 8ed9 a327 f76d 820b ce10 bc99 9191 86b4 23dc b0cc 8a0a c1a7 5be8 eb39 8220 37e1 7d2e 44e1 2f83 fd8a b189 3c39 6535 2c3b 9a57 a986 19c6 3913 167a c14f 
{"label": "default-2", "exe": "E:\\work\\AI\\Strata\\engine\\strata-0.1.34-todo2a.exe", "server_up_s": 12.1}
{"label": "default-2", "kind": "pp4096", "i": 0, "wall_s": 7.72, "cache_n": 0, "prompt_n": 4173, "prompt_per_second": 546.5}
{"label": "default-2", "kind": "pp4096", "i": 1, "wall_s": 7.52, "cache_n": 0, "prompt_n": 4174, "prompt_per_second": 561.0}
{"label": "default-2", "kind": "pp4096", "i": 2, "wall_s": 7.53, "cache_n": 0, "prompt_n": 4173, "prompt_per_second": 560.0}
{"label": "default-2", "kind": "pp1300", "i": 0, "wall_s": 3.58, "cache_n": 0, "prompt_n": 1665, "prompt_per_second": 473.8}
{"label": "default-2", "kind": "pp1300", "i": 1, "wall_s": 3.63, "cache_n": 0, "prompt_n": 1665, "prompt_per_second": 467.9}
{"label": "default-2", "kind": "pp1300", "i": 2, "wall_s": 3.63, "cache_n": 0, "prompt_n": 1666, "prompt_per_second": 466.4}
{"label": "default-2", "text_request": true, "wall_s": 4.86, "prompt_n": 1213, "prompt_per_second": 414.0, "predicted_per_second": 33.8}
[default-2] text:
We need answer user's request: "Continue this Python source file where it stops. Output only code." They provided a partial Python source file ending mid-class MockEngine:
...
    def __init__(self, tokenizer, script: str | list[str], max_context: int = 32768

[default-2] strata prefill timing: 4168 tokens, GPU timeline 7291 ms, wall 7343 ms, host staging 5 ms: embed+steps 161 (2.2%) hc read 722 (9.9%) gdn 949 (13.0%) qsa proj 469 (6.4%) qsa indexer 0 (0.0%) qsa select 43 (0.6%) qsa attn 622 (8.5%) router+shared 164 (2.2%) host grouping 32 (0.4%) gather 76 (1.0%) wait copy 32 (0.4%) dequant 509 (7.0%) gemm gate/up 1479 (20.3%) gemm down 706 (9.7%) combine 225 (3.1%) ple 31 (0.4%) gdn conv+gates 86 (1.2%) gdn recurrence 605 (8.3%) gdn out proj 378 (5.2%)
[default-2] strata prefill timing: experts: the loop's host time 90 ms over 48 layers (0 sorted by row count, 48 grouped by row-count class), 2000640 routed rows, a J tile for each group's largest expert would pad them by 19.5%
[default-2] strata prefill: GDN_HASH 14d5 83c0 eeb2 00da 0be2 7693 0359 a0a8 89f6 4b33 2d24 cf59 89ca 5b74 589e ddbe 769d 4cbb cb19 d5f5 8ccd 411e 5b3a 74d4 033c 779b 9328 54c8 85b5 e167 b848 d0a2 c3eb 5b2f 013c e682 
[default-2] strata prefill timing: 4169 tokens, GPU timeline 7130 ms, wall 7166 ms, host staging 10 ms: embed+steps 11 (0.2%) hc read 676 (9.5%) gdn 958 (13.4%) qsa proj 474 (6.7%) qsa indexer 0 (0.0%) qsa select 43 (0.6%) qsa attn 630 (8.8%) router+shared 165 (2.3%) host grouping 32 (0.5%) gather 75 (1.1%) wait copy 32 (0.4%) dequant 511 (7.2%) gemm gate/up 1463 (20.5%) gemm down 711 (10.0%) combine 225 (3.2%) ple 32 (0.4%) gdn conv+gates 86 (1.2%) gdn recurrence 616 (8.6%) gdn out proj 389 (5.5%)
[default-2] strata prefill timing: experts: the loop's host time 40 ms over 48 layers (0 sorted by row count, 48 grouped by row-count class), 2001120 routed rows, a J tile for each group's largest expert would pad them by 19.6%
[default-2] strata prefill: GDN_HASH f042 bc99 fd41 b829 0a7b 6c46 0828 7467 48e7 e449 cf22 5547 94cb 07ac c0c1 0e20 fbca 8ca4 3381 ca0d e1ed aaa0 95b3 29d5 1201 639e 9521 8e4c 537f 5164 101a 2073 7031 149c 9cde 2064 
[default-2] strata prefill timing: 4168 tokens, GPU timeline 7142 ms, wall 7178 ms, host staging 16 ms: embed+steps 11 (0.1%) hc read 672 (9.4%) gdn 964 (13.5%) qsa proj 478 (6.7%) qsa select 44 (0.6%) qsa attn 634 (8.9%) router+shared 165 (2.3%) host grouping 32 (0.5%) gather 75 (1.1%) wait copy 32 (0.5%) dequant 508 (7.1%) gemm gate/up 1467 (20.5%) gemm down 713 (10.0%) combine 224 (3.1%) ple 32 (0.5%) gdn conv+gates 87 (1.2%) gdn recurrence 611 (8.6%) gdn out proj 391 (5.5%)
[default-2] strata prefill timing: experts: the loop's host time 41 ms over 48 layers (0 sorted by row count, 48 grouped by row-count class), 2000640 routed rows, a J tile for each group's largest expert would pad them by 19.5%
[default-2] strata prefill: GDN_HASH f9f5 8c0b fb9e d392 1b02 f6c2 b346 d00f 6896 9026 c743 0087 59f5 299c a3b8 ae1e 746d b839 b2c7 c72e 9af9 b543 00b6 f125 5bab d664 f944 44c7 f43a a650 dc4f 8dfa 7443 a2b8 13ee 8d27 
[default-2] strata prefill timing: 1660 tokens, GPU timeline 3243 ms, wall 3258 ms, host staging 19 ms: embed+steps 5 (0.2%) hc read 278 (8.6%) gdn 432 (13.3%) qsa proj 214 (6.6%) qsa indexer 0 (0.0%) qsa select 7 (0.2%) qsa attn 149 (4.6%) router+shared 79 (2.4%) host grouping 22 (0.7%) gather 30 (0.9%) wait copy 17 (0.5%) dequant 405 (12.5%) gemm gate/up 688 (21.2%) gemm down 327 (10.1%) combine 90 (2.8%) ple 12 (0.4%) gdn conv+gates 32 (1.0%) gdn recurrence 253 (7.8%) gdn out proj 203 (6.3%)
[default-2] strata prefill timing: experts: the loop's host time 30 ms over 48 layers (0 sorted by row count, 48 grouped by row-count class), 796800 routed rows, a J tile for each group's largest expert would pad them by 26.9%
[default-2] strata prefill: GDN_HASH 9575 2fe7 9b57 284b 0ca3 361b a7de 1ece 5341 454e 8a51 358d cb10 2c81 564a 9fde 7b04 58c1 a6a1 bd94 443b 26e1 652c 0541 14a5 989d 4c0b 5724 0918 c163 0033 d794 313f 3fc2 86f1 fb62 
[default-2] strata prefill timing: 1660 tokens, GPU timeline 3291 ms, wall 3305 ms, host staging 22 ms: embed+steps 5 (0.2%) hc read 281 (8.5%) gdn 441 (13.4%) qsa proj 218 (6.6%) qsa indexer 0 (0.0%) qsa select 7 (0.2%) qsa attn 151 (4.6%) router+shared 81 (2.5%) host grouping 21 (0.6%) gather 30 (0.9%) wait copy 17 (0.5%) dequant 408 (12.4%) gemm gate/up 696 (21.2%) gemm down 333 (10.1%) combine 91 (2.8%) ple 12 (0.4%) gdn conv+gates 34 (1.0%) gdn recurrence 259 (7.9%) gdn out proj 202 (6.1%)
[default-2] strata prefill timing: experts: the loop's host time 31 ms over 48 layers (0 sorted by row count, 48 grouped by row-count class), 796800 routed rows, a J tile for each group's largest expert would pad them by 27.2%
[default-2] strata prefill: GDN_HASH 82e8 ceca c6b3 6266 6a18 3fed 066f 3fa1 49db ac4b e3e0 99c2 8438 7dda f7ce 2236 b0ed 326c 35fe bb8f f4cd be06 5e8a 8d02 842c e712 02bd ad0d 6d2d 803f a5ad a922 607d a307 8128 d662 
[default-2] strata prefill timing: 1661 tokens, GPU timeline 3265 ms, wall 3309 ms, host staging 25 ms: embed+steps 5 (0.2%) hc read 273 (8.3%) gdn 433 (13.3%) qsa proj 225 (6.9%) qsa indexer 0 (0.0%) qsa select 7 (0.2%) qsa attn 150 (4.6%) router+shared 79 (2.4%) host grouping 20 (0.6%) gather 30 (0.9%) wait copy 17 (0.5%) dequant 406 (12.4%) gemm gate/up 690 (21.1%) gemm down 332 (10.2%) combine 96 (2.9%) ple 12 (0.4%) gdn conv+gates 33 (1.0%) gdn recurrence 255 (7.8%) gdn out proj 202 (6.2%)
[default-2] strata prefill timing: experts: the loop's host time 28 ms over 48 layers (0 sorted by row count, 48 grouped by row-count class), 797280 routed rows, a J tile for each group's largest expert would pad them by 27.1%
[default-2] strata prefill: GDN_HASH 8f63 4e06 f7c0 c2da cf87 7591 0a16 2f5d 9aed 81e9 88fe 5610 a301 af92 1827 be3b a268 89f4 0731 4c91 7e91 f76a 0c59 87ba 8ebf deaa b242 7048 4ff5 b39b 8b8d 3170 700b c160 f25a 11a1 
[default-2] strata prefill timing: 1208 tokens, GPU timeline 2656 ms, wall 2673 ms, host staging 28 ms: embed+steps 68 (2.5%) hc read 205 (7.7%) gdn 343 (12.9%) qsa proj 164 (6.2%) qsa indexer 0 (0.0%) qsa select 4 (0.2%) qsa attn 90 (3.4%) router+shared 71 (2.7%) host grouping 20 (0.7%) gather 22 (0.8%) wait copy 13 (0.5%) dequant 388 (14.6%) gemm gate/up 553 (20.8%) gemm down 265 (10.0%) combine 65 (2.4%) ple 10 (0.4%) gdn conv+gates 23 (0.9%) gdn recurrence 186 (7.0%) gdn out proj 166 (6.2%)
[default-2] strata prefill timing: experts: the loop's host time 30 ms over 48 layers (0 sorted by row count, 48 grouped by row-count class), 579840 routed rows, a J tile for each group's largest expert would pad them by 28.5%
[default-2] strata prefill: GDN_HASH f298 0c4e 8798 fb2b c913 0a3d 8ed9 a327 f76d 820b ce10 bc99 9191 86b4 23dc b0cc 8a0a c1a7 5be8 eb39 8220 37e1 7d2e 44e1 2f83 fd8a b189 3c39 6535 2c3b 9a57 a986 19c6 3913 167a c14f 
{"label": "max-ilp-2", "exe": "E:\\work\\AI\\Strata\\build-hip-win\\strata.exe", "server_up_s": 12.1}
{"label": "max-ilp-2", "kind": "pp4096", "i": 0, "wall_s": 7.67, "cache_n": 0, "prompt_n": 4176, "prompt_per_second": 550.4}
{"label": "max-ilp-2", "kind": "pp4096", "i": 1, "wall_s": 7.45, "cache_n": 0, "prompt_n": 4176, "prompt_per_second": 567.1}
{"label": "max-ilp-2", "kind": "pp4096", "i": 2, "wall_s": 7.45, "cache_n": 0, "prompt_n": 4175, "prompt_per_second": 566.4}
{"label": "max-ilp-2", "kind": "pp1300", "i": 0, "wall_s": 3.53, "cache_n": 0, "prompt_n": 1668, "prompt_per_second": 479.5}
{"label": "max-ilp-2", "kind": "pp1300", "i": 1, "wall_s": 3.57, "cache_n": 0, "prompt_n": 1668, "prompt_per_second": 476.3}
{"label": "max-ilp-2", "kind": "pp1300", "i": 2, "wall_s": 3.57, "cache_n": 0, "prompt_n": 1667, "prompt_per_second": 476.7}
{"label": "max-ilp-2", "text_request": true, "wall_s": 4.8, "prompt_n": 1213, "prompt_per_second": 423.5, "predicted_per_second": 33.6}
[max-ilp-2] text:
We need answer user's request: "Continue this Python source file where it stops. Output only code." They provided a partial Python source file ending mid-class MockEngine:
...
    def __init__(self, tokenizer, script: str | list[str], max_context: int = 32768

[max-ilp-2] strata prefill timing: 4171 tokens, GPU timeline 7252 ms, wall 7294 ms, host staging 5 ms: embed+steps 107 (1.5%) hc read 728 (10.0%) gdn 960 (13.2%) qsa proj 479 (6.6%) qsa indexer 0 (0.0%) qsa select 44 (0.6%) qsa attn 639 (8.8%) router+shared 165 (2.3%) host grouping 33 (0.4%) gather 77 (1.1%) wait copy 31 (0.4%) dequant 508 (7.0%) gemm gate/up 1430 (19.7%) gemm down 710 (9.8%) combine 225 (3.1%) ple 32 (0.4%) gdn conv+gates 86 (1.2%) gdn recurrence 609 (8.4%) gdn out proj 388 (5.4%)
[max-ilp-2] strata prefill timing: experts: the loop's host time 91 ms over 48 layers (0 sorted by row count, 48 grouped by row-count class), 2002080 routed rows, a J tile for each group's largest expert would pad them by 19.4%
[max-ilp-2] strata prefill: GDN_HASH d94f ef5c 333e f737 9b6a 93c0 14c1 e751 d7f2 13c5 9ec3 5f2e f5e1 f91a 5715 f7e4 9a96 6f0a 4373 5fe1 50a8 7c91 fd57 9570 7d04 29c3 26d8 cf1d a23b d950 04c7 97b6 8284 48b4 0f30 b059 
[max-ilp-2] strata prefill timing: 4171 tokens, GPU timeline 7052 ms, wall 7088 ms, host staging 10 ms: embed+steps 10 (0.1%) hc read 675 (9.6%) gdn 954 (13.5%) qsa proj 490 (6.9%) qsa indexer 0 (0.0%) qsa select 44 (0.6%) qsa attn 628 (8.9%) router+shared 164 (2.3%) host grouping 32 (0.5%) gather 76 (1.1%) wait copy 31 (0.4%) dequant 505 (7.2%) gemm gate/up 1396 (19.8%) gemm down 704 (10.0%) combine 225 (3.2%) ple 33 (0.5%) gdn conv+gates 87 (1.2%) gdn recurrence 609 (8.6%) gdn out proj 388 (5.5%)
[max-ilp-2] strata prefill timing: experts: the loop's host time 40 ms over 48 layers (0 sorted by row count, 48 grouped by row-count class), 2002080 routed rows, a J tile for each group's largest expert would pad them by 19.4%
[max-ilp-2] strata prefill: GDN_HASH 60f6 afc9 6895 5e0b 6f0a 9e44 1d47 3662 1185 43e4 361b 4bc6 fd5f a1ff c260 93ad 8b24 7a8c 374e e972 da17 b69e 0542 8814 53fa 85f0 6806 5204 b3ce fec6 aff5 fdba bc3d 7cbf 5fd7 a376 
[max-ilp-2] strata prefill timing: 4170 tokens, GPU timeline 7056 ms, wall 7094 ms, host staging 16 ms: embed+steps 10 (0.1%) hc read 679 (9.6%) gdn 964 (13.7%) qsa proj 477 (6.8%) qsa indexer 0 (0.0%) qsa select 43 (0.6%) qsa attn 631 (8.9%) router+shared 166 (2.3%) host grouping 33 (0.5%) gather 75 (1.1%) wait copy 32 (0.5%) dequant 498 (7.1%) gemm gate/up 1405 (19.9%) gemm down 703 (10.0%) combine 225 (3.2%) ple 31 (0.4%) gdn conv+gates 87 (1.2%) gdn recurrence 610 (8.6%) gdn out proj 387 (5.5%)
[max-ilp-2] strata prefill timing: experts: the loop's host time 40 ms over 48 layers (0 sorted by row count, 48 grouped by row-count class), 2001600 routed rows, a J tile for each group's largest expert would pad them by 19.4%
[max-ilp-2] strata prefill: GDN_HASH 0bc5 3eff 04a1 71a3 fae8 04e0 11e8 38e9 8f41 5f74 310e 1962 c315 14d0 681e e74d 545c ba55 e67f 362c 3de7 1740 4887 2e92 6ef8 4089 f56a 7650 8293 0966 2c83 493e 8ff6 c461 f7fd 18c7 
[max-ilp-2] strata prefill timing: 1663 tokens, GPU timeline 3205 ms, wall 3220 ms, host staging 19 ms: embed+steps 6 (0.2%) hc read 278 (8.7%) gdn 432 (13.5%) qsa proj 217 (6.8%) qsa indexer 0 (0.0%) qsa select 7 (0.2%) qsa attn 151 (4.7%) router+shared 81 (2.5%) host grouping 22 (0.7%) gather 30 (0.9%) wait copy 17 (0.5%) dequant 402 (12.6%) gemm gate/up 654 (20.4%) gemm down 319 (10.0%) combine 94 (2.9%) ple 12 (0.4%) gdn conv+gates 33 (1.0%) gdn recurrence 251 (7.8%) gdn out proj 199 (6.2%)
[max-ilp-2] strata prefill timing: experts: the loop's host time 30 ms over 48 layers (0 sorted by row count, 48 grouped by row-count class), 798240 routed rows, a J tile for each group's largest expert would pad them by 26.9%
[max-ilp-2] strata prefill: GDN_HASH dd41 3a56 a2e1 3212 a862 77e8 0b01 8beb 6d7e 2971 9a31 436e 9549 f9e6 198f 51fc ad18 d8d9 940a 9061 c271 22c7 a484 2211 6e7d 758c 1aff f19e 8d7b e1ee 46ac 80c0 08a0 4255 735a 1734 
[max-ilp-2] strata prefill timing: 1663 tokens, GPU timeline 3224 ms, wall 3244 ms, host staging 22 ms: embed+steps 5 (0.1%) hc read 276 (8.6%) gdn 432 (13.4%) qsa proj 223 (6.9%) qsa indexer 0 (0.0%) qsa select 7 (0.2%) qsa attn 151 (4.7%) router+shared 80 (2.5%) host grouping 22 (0.7%) gather 30 (0.9%) wait copy 17 (0.5%) dequant 406 (12.6%) gemm gate/up 660 (20.5%) gemm down 320 (9.9%) combine 93 (2.9%) ple 13 (0.4%) gdn conv+gates 33 (1.0%) gdn recurrence 256 (7.9%) gdn out proj 202 (6.3%)
[max-ilp-2] strata prefill timing: experts: the loop's host time 29 ms over 48 layers (0 sorted by row count, 48 grouped by row-count class), 798240 routed rows, a J tile for each group's largest expert would pad them by 26.9%
[max-ilp-2] strata prefill: GDN_HASH cc42 d06e a18a 2c9a 4dd9 61d5 935b 03bd 25bd 8d68 f612 f758 190c 7ad6 ddb0 ea2c 3a58 5621 eaf5 8bac 26c2 477a 5461 4c30 d283 eee7 31df ea0d d399 a972 68a6 7027 c85f 2e25 d52a 4034 
[max-ilp-2] strata prefill timing: 1662 tokens, GPU timeline 3227 ms, wall 3243 ms, host staging 25 ms: embed+steps 5 (0.2%) hc read 276 (8.6%) gdn 437 (13.5%) qsa proj 221 (6.8%) qsa indexer 0 (0.0%) qsa select 7 (0.2%) qsa attn 150 (4.7%) router+shared 80 (2.5%) host grouping 26 (0.8%) gather 31 (1.0%) wait copy 17 (0.5%) dequant 409 (12.7%) gemm gate/up 657 (20.4%) gemm down 320 (9.9%) combine 92 (2.9%) ple 12 (0.4%) gdn conv+gates 33 (1.0%) gdn recurrence 253 (7.8%) gdn out proj 202 (6.2%)
[max-ilp-2] strata prefill timing: experts: the loop's host time 30 ms over 48 layers (0 sorted by row count, 48 grouped by row-count class), 797760 routed rows, a J tile for each group's largest expert would pad them by 27.0%
[max-ilp-2] strata prefill: GDN_HASH bbaf 2664 31ad 02a1 c1cb d391 d089 b77e 729f ca04 2948 5a8b 9775 5dc6 5561 9974 675c 0ae5 da3e c1fd 0981 c69b ceb2 d957 d478 be17 2a99 f1dc 5393 1749 b17c 462e 8b4d 1ae3 4f03 86a0 
[max-ilp-2] strata prefill timing: 1208 tokens, GPU timeline 2601 ms, wall 2612 ms, host staging 28 ms: embed+steps 83 (3.2%) hc read 205 (7.9%) gdn 339 (13.1%) qsa proj 164 (6.3%) qsa indexer 0 (0.0%) qsa select 4 (0.2%) qsa attn 87 (3.3%) router+shared 69 (2.7%) host grouping 19 (0.7%) gather 22 (0.9%) wait copy 14 (0.5%) dequant 380 (14.6%) gemm gate/up 518 (19.9%) gemm down 249 (9.6%) combine 66 (2.5%) ple 10 (0.4%) gdn conv+gates 23 (0.9%) gdn recurrence 184 (7.1%) gdn out proj 163 (6.3%)
[max-ilp-2] strata prefill timing: experts: the loop's host time 29 ms over 48 layers (0 sorted by row count, 48 grouped by row-count class), 579840 routed rows, a J tile for each group's largest expert would pad them by 28.5%
[max-ilp-2] strata prefill: GDN_HASH f298 0c4e 8798 fb2b c913 0a3d 8ed9 a327 f76d 820b ce10 bc99 9191 86b4 23dc b0cc 8a0a c1a7 5be8 eb39 8220 37e1 7d2e 44e1 2f83 fd8a b189 3c39 6535 2c3b 9a57 a986 19c6 3913 167a c14f 
texts: default-1 == max-ilp-1: True
texts: default-1 == default-2: True
texts: default-1 == max-ilp-2: True
