{"label": "norm-old", "env": {"STRATA_GDN_NORM_OLD": "1"}, "server_up_s": 12.1}
{"label": "norm-old", "i": 0, "wall_s": 7.95, "cache_n": 0, "prompt_n": 4168, "prompt_per_second": 529.7}
{"label": "norm-old", "i": 1, "wall_s": 7.63, "cache_n": 0, "prompt_n": 4166, "prompt_per_second": 551.1}
{"label": "norm-old", "i": 2, "wall_s": 7.65, "cache_n": 0, "prompt_n": 4168, "prompt_per_second": 549.8}
{"label": "norm-old", "text_request": true, "wall_s": 4.95, "prompt_n": 1213, "prompt_per_second": 410.7, "predicted_per_second": 32.4}
[norm-old] text:
We need answer user's request: "Continue this Python source file where it stops. Output only code." They provided a partial Python source file ending mid-class MockEngine:

class MockEngine:
    """..."""

    def __init__(self, tokenizer, script: str | list[str], max_context:

[norm-old] strata prefill timing: 4163 tokens, GPU timeline 7662 ms, wall 7705 ms, host staging 5 ms: embed+steps 161 (2.1%) hc read 723 (9.4%) gdn 954 (12.5%) qsa proj 469 (6.1%) qsa indexer 0 (0.0%) qsa select 42 (0.6%) qsa attn 611 (8.0%) router+shared 161 (2.1%) host grouping 31 (0.4%) gather 77 (1.0%) wait copy 37 (0.5%) dequant 491 (6.4%) gemm gate/up 1594 (20.8%) gemm down 763 (10.0%) combine 225 (2.9%) ple 31 (0.4%) gdn conv+gates 85 (1.1%) gdn recurrence 822 (10.7%) gdn out proj 384 (5.0%)
[norm-old] strata prefill timing: 4163 tokens, GPU timeline 7456 ms, wall 7490 ms, host staging 11 ms: embed+steps 11 (0.1%) hc read 672 (9.0%) gdn 933 (12.5%) qsa proj 487 (6.5%) qsa indexer 0 (0.0%) qsa select 43 (0.6%) qsa attn 622 (8.3%) router+shared 162 (2.2%) host grouping 29 (0.4%) gather 76 (1.0%) wait copy 39 (0.5%) dequant 490 (6.6%) gemm gate/up 1583 (21.2%) gemm down 758 (10.2%) combine 224 (3.0%) ple 32 (0.4%) gdn conv+gates 83 (1.1%) gdn recurrence 825 (11.1%) gdn out proj 387 (5.2%)
[norm-old] strata prefill timing: 4162 tokens, GPU timeline 7344 ms, wall 7379 ms, host staging 17 ms: embed+steps 12 (0.2%) hc read 666 (9.1%) gdn 912 (12.4%) qsa proj 472 (6.4%) qsa indexer 0 (0.0%) qsa select 42 (0.6%) qsa attn 609 (8.3%) router+shared 158 (2.2%) host grouping 29 (0.4%) gather 74 (1.0%) wait copy 34 (0.5%) dequant 478 (6.5%) gemm gate/up 1561 (21.3%) gemm down 744 (10.1%) combine 224 (3.1%) ple 29 (0.4%) gdn conv+gates 83 (1.1%) gdn recurrence 816 (11.1%) gdn out proj 399 (5.4%)
[norm-old] strata prefill timing: 1208 tokens, GPU timeline 2872 ms, wall 2883 ms, host staging 23 ms: embed+steps 141 (4.9%) hc read 202 (7.0%) gdn 320 (11.1%) qsa proj 163 (5.7%) qsa indexer 0 (0.0%) qsa select 4 (0.1%) qsa attn 84 (2.9%) router+shared 67 (2.3%) host grouping 15 (0.5%) gather 21 (0.7%) wait copy 17 (0.6%) dequant 373 (13.0%) gemm gate/up 679 (23.7%) gemm down 314 (10.9%) combine 67 (2.3%) ple 8 (0.3%) gdn conv+gates 23 (0.8%) gdn recurrence 219 (7.6%) gdn out proj 156 (5.4%)
[norm-old] strata prefill timing: 4163 tokens, GPU timeline 7643 ms, wall 7689 ms, host staging 5 ms: embed+steps 159 (2.1%) hc read 714 (9.3%) gdn 939 (12.3%) qsa proj 476 (6.2%) qsa indexer 0 (0.0%) qsa select 43 (0.6%) qsa attn 610 (8.0%) router+shared 160 (2.1%) host grouping 27 (0.4%) gather 77 (1.0%) wait copy 45 (0.6%) dequant 514 (6.7%) gemm gate/up 1577 (20.6%) gemm down 753 (9.8%) combine 224 (2.9%) ple 31 (0.4%) gdn conv+gates 84 (1.1%) gdn recurrence 818 (10.7%) gdn out proj 393 (5.1%)
[norm-old] strata prefill timing: 4161 tokens, GPU timeline 7374 ms, wall 7409 ms, host staging 10 ms: embed+steps 10 (0.1%) hc read 674 (9.1%) gdn 917 (12.4%) qsa proj 468 (6.3%) qsa indexer 0 (0.0%) qsa select 42 (0.6%) qsa attn 608 (8.2%) router+shared 159 (2.2%) host grouping 28 (0.4%) gather 75 (1.0%) wait copy 39 (0.5%) dequant 492 (6.7%) gemm gate/up 1557 (21.1%) gemm down 745 (10.1%) combine 224 (3.0%) ple 30 (0.4%) gdn conv+gates 84 (1.1%) gdn recurrence 836 (11.3%) gdn out proj 384 (5.2%)
[norm-old] strata prefill timing: 4163 tokens, GPU timeline 7389 ms, wall 7428 ms, host staging 16 ms: embed+steps 10 (0.1%) hc read 671 (9.1%) gdn 921 (12.5%) qsa proj 470 (6.4%) qsa indexer 0 (0.0%) qsa select 42 (0.6%) qsa attn 609 (8.2%) router+shared 158 (2.1%) host grouping 28 (0.4%) gather 74 (1.0%) wait copy 37 (0.5%) dequant 498 (6.7%) gemm gate/up 1553 (21.0%) gemm down 744 (10.1%) combine 224 (3.0%) ple 30 (0.4%) gdn conv+gates 84 (1.1%) gdn recurrence 831 (11.2%) gdn out proj 404 (5.5%)
[norm-old] strata prefill timing: 1208 tokens, GPU timeline 2810 ms, wall 2821 ms, host staging 21 ms: embed+steps 75 (2.7%) hc read 200 (7.1%) gdn 319 (11.3%) qsa proj 162 (5.8%) qsa indexer 0 (0.0%) qsa select 4 (0.1%) qsa attn 84 (3.0%) router+shared 65 (2.3%) host grouping 14 (0.5%) gather 21 (0.8%) wait copy 19 (0.7%) dequant 387 (13.8%) gemm gate/up 675 (24.0%) gemm down 311 (11.1%) combine 65 (2.3%) ple 8 (0.3%) gdn conv+gates 23 (0.8%) gdn recurrence 219 (7.8%) gdn out proj 159 (5.7%)
{"label": "default", "env": {}, "server_up_s": 12.1}
{"label": "default", "i": 0, "wall_s": 7.7, "cache_n": 0, "prompt_n": 4167, "prompt_per_second": 547.0}
{"label": "default", "i": 1, "wall_s": 7.47, "cache_n": 0, "prompt_n": 4164, "prompt_per_second": 561.8}
{"label": "default", "i": 2, "wall_s": 7.44, "cache_n": 0, "prompt_n": 4167, "prompt_per_second": 565.6}
{"label": "default", "text_request": true, "wall_s": 4.75, "prompt_n": 1213, "prompt_per_second": 414.3, "predicted_per_second": 35.6}
[default] text:
We need answer user's request: "Continue this Python source file where it stops. Output only code." They provided a partial Python source file ending mid-class MockEngine:
...
    def __init__(self, tokenizer, script: str | list[str], max_context: int = 32768

[default] strata prefill timing: 4162 tokens, GPU timeline 7408 ms, wall 7450 ms, host staging 4 ms: embed+steps 111 (1.5%) hc read 722 (9.7%) gdn 950 (12.8%) qsa proj 477 (6.4%) qsa indexer 0 (0.0%) qsa select 42 (0.6%) qsa attn 625 (8.4%) router+shared 161 (2.2%) host grouping 31 (0.4%) gather 77 (1.0%) wait copy 29 (0.4%) dequant 483 (6.5%) gemm gate/up 1615 (21.8%) gemm down 773 (10.4%) combine 225 (3.0%) ple 31 (0.4%) gdn conv+gates 85 (1.2%) gdn recurrence 592 (8.0%) gdn out proj 379 (5.1%)
[default] strata prefill timing: 4159 tokens, GPU timeline 7220 ms, wall 7255 ms, host staging 9 ms: embed+steps 9 (0.1%) hc read 673 (9.3%) gdn 936 (13.0%) qsa proj 478 (6.6%) qsa indexer 0 (0.0%) qsa select 43 (0.6%) qsa attn 617 (8.5%) router+shared 162 (2.2%) host grouping 31 (0.4%) gather 75 (1.0%) wait copy 27 (0.4%) dequant 482 (6.7%) gemm gate/up 1598 (22.1%) gemm down 767 (10.6%) combine 224 (3.1%) ple 32 (0.4%) gdn conv+gates 86 (1.2%) gdn recurrence 600 (8.3%) gdn out proj 380 (5.3%)
[default] strata prefill timing: 4162 tokens, GPU timeline 7183 ms, wall 7218 ms, host staging 14 ms: embed+steps 10 (0.1%) hc read 669 (9.3%) gdn 933 (13.0%) qsa proj 468 (6.5%) qsa indexer 0 (0.0%) qsa select 42 (0.6%) qsa attn 618 (8.6%) router+shared 161 (2.2%) host grouping 30 (0.4%) gather 75 (1.1%) wait copy 27 (0.4%) dequant 484 (6.7%) gemm gate/up 1591 (22.2%) gemm down 762 (10.6%) combine 224 (3.1%) ple 30 (0.4%) gdn conv+gates 85 (1.2%) gdn recurrence 593 (8.3%) gdn out proj 378 (5.3%)
[default] strata prefill timing: 1208 tokens, GPU timeline 2788 ms, wall 2799 ms, host staging 16 ms: embed+steps 71 (2.5%) hc read 201 (7.2%) gdn 327 (11.7%) qsa proj 160 (5.7%) qsa select 4 (0.2%) qsa attn 84 (3.0%) router+shared 68 (2.4%) host grouping 18 (0.7%) gather 22 (0.8%) wait copy 10 (0.4%) dequant 376 (13.5%) gemm gate/up 686 (24.6%) gemm down 322 (11.5%) combine 66 (2.4%) ple 9 (0.3%) gdn conv+gates 23 (0.8%) gdn recurrence 178 (6.4%) gdn out proj 164 (5.9%)
{"label": "chunked", "env": {"STRATA_GDN_CHUNK": "1"}, "server_up_s": 12.1}
{"label": "chunked", "i": 0, "wall_s": 7.88, "cache_n": 0, "prompt_n": 4168, "prompt_per_second": 534.7}
{"label": "chunked", "i": 1, "wall_s": 7.6, "cache_n": 0, "prompt_n": 4166, "prompt_per_second": 553.3}
{"label": "chunked", "i": 2, "wall_s": 7.56, "cache_n": 0, "prompt_n": 4168, "prompt_per_second": 556.1}
{"label": "chunked", "text_request": true, "wall_s": 4.89, "prompt_n": 1213, "prompt_per_second": 406.8, "predicted_per_second": 34.1}
[chunked] text:
We need answer user's request: "Continue this Python source file where it stops. Output only code." They provided a partial Python source file ending mid expression:
```
        self.scripts = [tokenizer.encode(x, parse_special=True) + end for x in ([script] if isinstance(script, str)


[chunked] strata prefill timing: 4163 tokens, GPU timeline 7577 ms, wall 7619 ms, host staging 4 ms: embed+steps 189 (2.5%) hc read 719 (9.5%) gdn 953 (12.6%) qsa proj 469 (6.2%) qsa indexer 0 (0.0%) qsa select 43 (0.6%) qsa attn 619 (8.2%) router+shared 163 (2.2%) host grouping 32 (0.4%) gather 77 (1.0%) wait copy 28 (0.4%) dequant 481 (6.3%) gemm gate/up 1620 (21.4%) gemm down 776 (10.2%) combine 224 (3.0%) ple 32 (0.4%) gdn conv+gates 84 (1.1%) gdn recurrence 689 (9.1%) gdn out proj 380 (5.0%)
[chunked] strata prefill timing: 4161 tokens, GPU timeline 7340 ms, wall 7375 ms, host staging 9 ms: embed+steps 10 (0.1%) hc read 671 (9.1%) gdn 943 (12.9%) qsa proj 474 (6.5%) qsa indexer 0 (0.0%) qsa select 43 (0.6%) qsa attn 622 (8.5%) router+shared 163 (2.2%) host grouping 31 (0.4%) gather 76 (1.0%) wait copy 30 (0.4%) dequant 485 (6.6%) gemm gate/up 1609 (21.9%) gemm down 774 (10.5%) combine 224 (3.0%) ple 32 (0.4%) gdn conv+gates 85 (1.2%) gdn recurrence 693 (9.4%) gdn out proj 376 (5.1%)
[chunked] strata prefill timing: 4163 tokens, GPU timeline 7310 ms, wall 7345 ms, host staging 14 ms: embed+steps 11 (0.1%) hc read 670 (9.2%) gdn 942 (12.9%) qsa proj 474 (6.5%) qsa indexer 0 (0.0%) qsa select 43 (0.6%) qsa attn 619 (8.5%) router+shared 164 (2.2%) host grouping 32 (0.4%) gather 76 (1.0%) wait copy 28 (0.4%) dequant 488 (6.7%) gemm gate/up 1595 (21.8%) gemm down 765 (10.5%) combine 224 (3.1%) ple 30 (0.4%) gdn conv+gates 85 (1.2%) gdn recurrence 691 (9.4%) gdn out proj 374 (5.1%)
[chunked] strata prefill timing: 1208 tokens, GPU timeline 2844 ms, wall 2855 ms, host staging 16 ms: embed+steps 77 (2.7%) hc read 199 (7.0%) gdn 327 (11.5%) qsa proj 159 (5.6%) qsa indexer 0 (0.0%) qsa select 4 (0.2%) qsa attn 85 (3.0%) router+shared 67 (2.3%) host grouping 19 (0.7%) gather 22 (0.8%) wait copy 11 (0.4%) dequant 382 (13.4%) gemm gate/up 685 (24.1%) gemm down 322 (11.3%) combine 67 (2.4%) ple 8 (0.3%) gdn conv+gates 23 (0.8%) gdn recurrence 233 (8.2%) gdn out proj 155 (5.5%)
texts: old norm == new norm: False | new norm == chunked: False
