gdn chunk T=64: fwdsub 0.37 ms, preqk -0.32 ms, walk 0.17 ms
gdn serial T=1024: recurrence 2.05 ms, out norm 0.33 ms
gdn serial T=1024: recurrence 3.22 ms, out norm 0.27 ms
gdn serial T=1024: recurrence 3.53 ms, out norm 0.33 ms
gdn serial T=1024: recurrence 3.43 ms, out norm 0.32 ms
gdn serial T=1024: recurrence 3.36 ms, out norm 0.30 ms
gdn serial T=1024: recurrence 3.46 ms, out norm 0.33 ms
gdn serial T=1024: recurrence 3.40 ms, out norm 0.32 ms
gdn serial T=1024: recurrence 3.38 ms, out norm 0.33 ms
gdn serial T=1024: recurrence 3.43 ms, out norm 0.30 ms
gdn serial T=1024: recurrence 3.52 ms, out norm 0.32 ms
gdn serial T=1024: recurrence 3.42 ms, out norm 0.30 ms
gdn serial T=1024: recurrence 3.32 ms, out norm 0.33 ms
gdn chunk T=1024: fwdsub 0.54 ms, preqk 0.38 ms, walk 3.26 ms
gdn chunk T=1024: fwdsub 0.49 ms, preqk 0.38 ms, walk 4.96 ms
gdn chunk T=1024: fwdsub 0.53 ms, preqk 0.33 ms, walk 3.09 ms
gdn chunk T=1024: fwdsub 0.44 ms, preqk 0.36 ms, walk 3.21 ms
gdn chunk T=1024: fwdsub 0.48 ms, preqk 0.35 ms, walk 5.14 ms
gdn chunk T=1024: fwdsub 0.46 ms, preqk 0.35 ms, walk 3.02 ms
gdn chunk T=1024: fwdsub 0.44 ms, preqk 0.36 ms, walk 3.18 ms
gdn chunk T=1024: fwdsub 0.50 ms, preqk 0.36 ms, walk 3.28 ms
gdn chunk T=1024: fwdsub 0.50 ms, preqk 0.38 ms, walk 3.33 ms
gdn chunk T=1024: fwdsub 0.49 ms, preqk 0.39 ms, walk 3.21 ms
gdn chunk T=1024: fwdsub 0.49 ms, preqk 0.37 ms, walk 3.16 ms
gdn chunk T=1024: fwdsub 0.50 ms, preqk 0.36 ms, walk 3.14 ms
gdn serial T=4165: recurrence 14.08 ms, out norm 1.51 ms
gdn serial T=4165: recurrence 14.18 ms, out norm 1.83 ms
gdn serial T=4165: recurrence 14.71 ms, out norm 7.20 ms
gdn serial T=4165: recurrence 13.96 ms, out norm 1.62 ms
gdn serial T=4165: recurrence 14.20 ms, out norm 1.58 ms
gdn serial T=4165: recurrence 14.09 ms, out norm 1.54 ms
gdn serial T=4165: recurrence 13.85 ms, out norm 1.62 ms
gdn serial T=4165: recurrence 15.44 ms, out norm 1.56 ms
gdn serial T=4165: recurrence 15.26 ms, out norm 1.56 ms
gdn serial T=4165: recurrence 15.03 ms, out norm 1.57 ms
gdn serial T=4165: recurrence 14.00 ms, out norm 1.56 ms
gdn serial T=4165: recurrence 14.00 ms, out norm 1.55 ms
gdn chunk T=4165: fwdsub 1.82 ms, preqk 1.36 ms, walk 13.02 ms
gdn chunk T=4165: fwdsub 1.81 ms, preqk 1.44 ms, walk 13.16 ms
gdn chunk T=4165: fwdsub 1.91 ms, preqk 1.45 ms, walk 12.65 ms
gdn chunk T=4165: fwdsub 1.76 ms, preqk 1.35 ms, walk 16.61 ms
gdn chunk T=4165: fwdsub 1.82 ms, preqk 1.37 ms, walk 15.80 ms
gdn chunk T=4165: fwdsub 1.77 ms, preqk 1.35 ms, walk 13.20 ms
gdn chunk T=4165: fwdsub 1.80 ms, preqk 1.43 ms, walk 12.81 ms
gdn chunk T=4165: fwdsub 1.80 ms, preqk 1.42 ms, walk 15.60 ms
gdn chunk T=4165: fwdsub 2.16 ms, preqk 1.33 ms, walk 14.80 ms
gdn chunk T=4165: fwdsub 1.77 ms, preqk 1.50 ms, walk 13.02 ms
gdn chunk T=4165: fwdsub 1.77 ms, preqk 1.48 ms, walk 13.59 ms
gdn chunk T=4165: fwdsub 2.61 ms, preqk 1.29 ms, walk 18.64 ms
gdn serial T=8192: recurrence 28.49 ms, out norm 3.08 ms
gdn serial T=8192: recurrence 27.91 ms, out norm 3.09 ms
gdn serial T=8192: recurrence 27.26 ms, out norm 3.12 ms
gdn serial T=8192: recurrence 30.31 ms, out norm 3.18 ms
gdn serial T=8192: recurrence 27.88 ms, out norm 3.17 ms
gdn serial T=8192: recurrence 28.46 ms, out norm 3.11 ms
gdn serial T=8192: recurrence 27.47 ms, out norm 3.22 ms
gdn serial T=8192: recurrence 29.38 ms, out norm 2.85 ms
gdn serial T=8192: recurrence 28.02 ms, out norm 5.89 ms
gdn serial T=8192: recurrence 28.89 ms, out norm 4.37 ms
gdn serial T=8192: recurrence 29.74 ms, out norm 3.17 ms
gdn serial T=8192: recurrence 29.76 ms, out norm 5.77 ms
gdn chunk T=8192: fwdsub 3.53 ms, preqk 2.94 ms, walk 29.19 ms
gdn chunk T=8192: fwdsub 3.57 ms, preqk 2.99 ms, walk 28.16 ms
gdn chunk T=8192: fwdsub 3.59 ms, preqk 3.04 ms, walk 28.95 ms
gdn chunk T=8192: fwdsub 3.54 ms, preqk 3.01 ms, walk 25.30 ms
gdn chunk T=8192: fwdsub 3.57 ms, preqk 2.93 ms, walk 28.13 ms
gdn chunk T=8192: fwdsub 3.51 ms, preqk 2.95 ms, walk 26.80 ms
gdn chunk T=8192: fwdsub 3.53 ms, preqk 2.99 ms, walk 24.91 ms
gdn chunk T=8192: fwdsub 3.62 ms, preqk 3.25 ms, walk 31.28 ms
gdn chunk T=8192: fwdsub 3.60 ms, preqk 2.96 ms, walk 32.31 ms
gdn chunk T=8192: fwdsub 3.55 ms, preqk 2.85 ms, walk 31.27 ms
gdn chunk T=8192: fwdsub 3.44 ms, preqk 3.11 ms, walk 34.53 ms
gdn chunk T=8192: fwdsub 3.50 ms, preqk 2.96 ms, walk 29.63 ms
T=1024: serial 3.9 ms, chunked 4.7 ms (0.8x)
T=4165: serial 16.7 ms, chunked 21.9 ms (0.8x)
T=8192: serial 32.7 ms, chunked 41.1 ms (0.8x)
PASSED
