{"config": "strata-coder-iq1_m.json", "load_s": 15.4}
{"test": "server: cold first request (short code prompt)", "wall_s": 11.72, "finish": "length", "cache_n": 0, "prompt_n": 314, "prompt_per_second": 217.6, "predicted_n": 400, "predicted_per_second": 39.1, "draft_n": 316, "draft_n_accepted": 273, "accept_pct": 86.4}
{"test": "server: fresh code prompt", "wall_s": 11.6, "finish": "length", "cache_n": 0, "prompt_n": 218, "prompt_per_second": 205.1, "predicted_n": 400, "predicted_per_second": 38.0, "draft_n": 300, "draft_n_accepted": 258, "accept_pct": 86.0}
{"test": "server: ~4.75K-token prompt, prefill + decode tail", "wall_s": 20.01, "finish": "length", "cache_n": 0, "prompt_n": 4749, "prompt_per_second": 587.5, "predicted_n": 400, "predicted_per_second": 33.7, "draft_n": 291, "draft_n_accepted": 234, "accept_pct": 80.4}
{"test": "server: repeated first prompt (reference only)", "wall_s": 11.43, "finish": "length", "cache_n": 0, "prompt_n": 314, "prompt_per_second": 262.0, "predicted_n": 400, "predicted_per_second": 39.2, "draft_n": 317, "draft_n_accepted": 270, "accept_pct": 85.2}
{"test": "pp4096 @ d0", "wall_s": 7.16, "finish": "length", "cache_n": 0, "prompt_n": 4085, "prompt_per_second": 576.1, "predicted_n": 1, "predicted_per_second": 23.4, "draft_n": 0, "draft_n_accepted": 0}
{"test": "tg128 @ d0", "wall_s": 5.85, "finish": "length", "cache_n": 0, "prompt_n": 68, "prompt_per_second": 56.0, "predicted_n": 128, "predicted_per_second": 27.7, "draft_n": 99, "draft_n_accepted": 57, "accept_pct": 57.6}
{"test": "depth 16384 prefix (cached for the next rows)", "wall_s": 27.56, "finish": "length", "cache_n": 0, "prompt_n": 16384, "prompt_per_second": 597.4, "predicted_n": 1, "predicted_per_second": 23.3, "draft_n": 0, "draft_n_accepted": 0}
{"test": "pp4096 @ d16384", "wall_s": 34.67, "finish": "length", "cache_n": 0, "prompt_n": 20421, "prompt_per_second": 591.3, "predicted_n": 1, "predicted_per_second": 23.6, "draft_n": 0, "draft_n_accepted": 0}
{"test": "tg128 @ d16384", "wall_s": 32.54, "finish": "length", "cache_n": 0, "prompt_n": 16401, "prompt_per_second": 588.5, "predicted_n": 128, "predicted_per_second": 27.9, "draft_n": 101, "draft_n_accepted": 64, "accept_pct": 63.4}
{"config": "strata-unsloth-ud-iq4_xs.json", "load_s": 37.8}
{"test": "server: cold first request (short code prompt)", "wall_s": 15.69, "finish": "length", "cache_n": 0, "prompt_n": 314, "prompt_per_second": 136.1, "predicted_n": 400, "predicted_per_second": 29.9, "draft_n": 316, "draft_n_accepted": 287, "accept_pct": 90.8}
{"test": "server: fresh code prompt", "wall_s": 16.4, "finish": "length", "cache_n": 0, "prompt_n": 218, "prompt_per_second": 143.0, "predicted_n": 400, "predicted_per_second": 26.9, "draft_n": 305, "draft_n_accepted": 258, "accept_pct": 84.6}
{"test": "server: ~4.75K-token prompt, prefill + decode tail", "wall_s": 31.47, "finish": "length", "cache_n": 0, "prompt_n": 4749, "prompt_per_second": 355.2, "predicted_n": 400, "predicted_per_second": 22.1, "draft_n": 295, "draft_n_accepted": 215, "accept_pct": 72.9}
{"test": "server: repeated first prompt (reference only)", "wall_s": 15.38, "finish": "length", "cache_n": 0, "prompt_n": 314, "prompt_per_second": 176.3, "predicted_n": 400, "predicted_per_second": 29.5, "draft_n": 322, "draft_n_accepted": 283, "accept_pct": 87.9}
{"test": "pp4096 @ d0", "wall_s": 12.13, "finish": "length", "cache_n": 0, "prompt_n": 4085, "prompt_per_second": 339.1, "predicted_n": 1, "predicted_per_second": 15.1, "draft_n": 0, "draft_n_accepted": 0}
{"test": "tg128 @ d0", "wall_s": 7.83, "finish": "length", "cache_n": 0, "prompt_n": 68, "prompt_per_second": 41.4, "predicted_n": 128, "predicted_per_second": 20.8, "draft_n": 84, "draft_n_accepted": 56, "accept_pct": 66.7}
{"test": "depth 16384 prefix (cached for the next rows)", "wall_s": 44.93, "finish": "length", "cache_n": 0, "prompt_n": 16384, "prompt_per_second": 365.8, "predicted_n": 1, "predicted_per_second": 16.6, "draft_n": 0, "draft_n_accepted": 0}
{"test": "pp4096 @ d16384", "wall_s": 56.58, "finish": "length", "cache_n": 0, "prompt_n": 20421, "prompt_per_second": 362.0, "predicted_n": 1, "predicted_per_second": 16.4, "draft_n": 0, "draft_n_accepted": 0}
{"test": "tg128 @ d16384", "wall_s": 50.71, "finish": "length", "cache_n": 0, "prompt_n": 16401, "prompt_per_second": 364.9, "predicted_n": 128, "predicted_per_second": 22.5, "draft_n": 95, "draft_n_accepted": 69, "accept_pct": 72.6}
