device AMD Radeon(TM) 8060S Graphics gfx1151
sentinel fill: hipMemsetAsync on the compute stream
q2_0      1280 x 2560 counts={1,3,3}      perm  opt=0   | PASS | sentinel 0  nan 0  inf 0  rel_l2 0.0011  max/rms 0.003
q2_0      1280 x 2560 counts={1,3,3}      ident opt=0   | PASS | sentinel 0  nan 0  inf 0  rel_l2 0.0012  max/rms 0.004
q2_0      1280 x 2560 counts={3}          perm  opt=0   | PASS | sentinel 0  nan 0  inf 0  rel_l2 0.0012  max/rms 0.004
q2_0      1280 x 2560 counts={1}          ident opt=0   | PASS | sentinel 0  nan 0  inf 0  rel_l2 0.0008  max/rms 0.002
q2_0      1280 x 2560 counts={16}         ident opt=0   | PASS | sentinel 0  nan 0  inf 0  rel_l2 0.0010  max/rms 0.005
q2_0      1280 x 2560 counts={64}         ident opt=0   | PASS | sentinel 0  nan 0  inf 0  rel_l2 0.0011  max/rms 0.005
q2_0      1280 x 2560 counts={5,130}      perm  opt=0   | PASS | sentinel 0  nan 0  inf 0  rel_l2 0.0011  max/rms 0.004
q2_0      1280 x 2560 counts={5,130}      perm  opt=5   | PASS | sentinel 0  nan 0  inf 0  rel_l2 0.0011  max/rms 0.005
q8_0      1280 x 2560 counts={1,3,3}      perm  opt=0   | PASS | sentinel 0  nan 0  inf 0  rel_l2 0.0013  max/rms 0.004
iq4_nl    1280 x 2560 counts={1,3,3}      perm  opt=0   | PASS | sentinel 0  nan 0  inf 0  rel_l2 0.0011  max/rms 0.003
iq3_xxs   1280 x 2560 counts={1,3,3}      perm  opt=0   | PASS | sentinel 0  nan 0  inf 0  rel_l2 0.0012  max/rms 0.004
iq2_s     1280 x 2560 counts={1,3,3}      perm  opt=0   | PASS | sentinel 0  nan 0  inf 0  rel_l2 0.0010  max/rms 0.003
iq3_xxs   1280 x 2560 counts={64}         ident opt=0   | PASS | sentinel 0  nan 0  inf 0  rel_l2 0.0011  max/rms 0.004
q2_0      2560 x  640 counts={1,3,3}      perm  opt=0   | PASS | sentinel 0  nan 0  inf 0  rel_l2 0.0005  max/rms 0.002
q2_0      2560 x  640 counts={64}         ident opt=0   | PASS | sentinel 0  nan 0  inf 0  rel_l2 0.0005  max/rms 0.002
iq4_nl    2560 x  640 counts={1,3,3}      perm  opt=0   | PASS | sentinel 0  nan 0  inf 0  rel_l2 0.0005  max/rms 0.001
q8_0      2560 x  640 counts={64}         ident opt=0   | PASS | sentinel 0  nan 0  inf 0  rel_l2 0.0005  max/rms 0.002
0 of 17 cases failed
