{"label": "classes-every-tile", "env": {"STRATA_PREFILL_MMQ_CLASSES": "16,32,48,64,80,96,112,128"}, "server_up_s": 12.1}
{"label": "classes-every-tile", "kind": "pp4096", "i": 0, "wall_s": 7.6, "cache_n": 0, "prompt_n": 4175, "prompt_per_second": 555.6}
{"label": "classes-every-tile", "kind": "pp4096", "i": 1, "wall_s": 7.3, "cache_n": 0, "prompt_n": 4176, "prompt_per_second": 578.2}
{"label": "classes-every-tile", "kind": "pp4096", "i": 2, "wall_s": 7.27, "cache_n": 0, "prompt_n": 4174, "prompt_per_second": 581.1}
{"label": "classes-every-tile", "kind": "pp1300", "i": 0, "wall_s": 3.84, "cache_n": 0, "prompt_n": 1667, "prompt_per_second": 441.3}
{"label": "classes-every-tile", "kind": "pp1300", "i": 1, "wall_s": 3.58, "cache_n": 0, "prompt_n": 1668, "prompt_per_second": 478.3}
{"label": "classes-every-tile", "kind": "pp1300", "i": 2, "wall_s": 3.42, "cache_n": 0, "prompt_n": 1668, "prompt_per_second": 497.4}
{"label": "classes-every-tile", "text_request": true, "wall_s": 4.62, "prompt_n": 1213, "prompt_per_second": 439.2, "predicted_per_second": 34.9}
[classes-every-tile] text:
We need answer user's request: "Continue this Python source file where it stops. Output only code." They provided a partial Python source file ending mid-class MockEngine:
...
    def __init__(self, tokenizer, script: str | list[str], max_context: int = 32768

[classes-every-tile] strata prefill timing: 4170 tokens, GPU timeline 7289 ms, wall 7331 ms, host staging 5 ms: embed+steps 111 (1.5%) hc read 727 (10.0%) gdn 959 (13.2%) qsa proj 481 (6.6%) qsa indexer 0 (0.0%) qsa select 44 (0.6%) qsa attn 635 (8.7%) router+shared 163 (2.2%) host grouping 32 (0.4%) gather 76 (1.0%) wait copy 33 (0.5%) dequant 509 (7.0%) gemm gate/up 1472 (20.2%) gemm down 711 (9.8%) combine 225 (3.1%) ple 31 (0.4%) gdn conv+gates 87 (1.2%) gdn recurrence 606 (8.3%) gdn out proj 387 (5.3%)
[classes-every-tile] strata prefill timing: experts: the loop's host time 86 ms over 48 layers (0 sorted by row count, 48 grouped by row-count class), 2001600 routed rows, a J tile for each group's largest expert would pad them by 19.3%
[classes-every-tile] strata prefill timing: 4171 tokens, GPU timeline 7032 ms, wall 7067 ms, host staging 10 ms: embed+steps 10 (0.1%) hc read 673 (9.6%) gdn 931 (13.2%) qsa proj 475 (6.8%) qsa select 43 (0.6%) qsa attn 625 (8.9%) router+shared 162 (2.3%) host grouping 30 (0.4%) gather 74 (1.1%) wait copy 32 (0.5%) dequant 509 (7.2%) gemm gate/up 1449 (20.6%) gemm down 696 (9.9%) combine 225 (3.2%) ple 31 (0.4%) gdn conv+gates 85 (1.2%) gdn recurrence 597 (8.5%) gdn out proj 384 (5.5%)
[classes-every-tile] strata prefill timing: experts: the loop's host time 38 ms over 48 layers (0 sorted by row count, 48 grouped by row-count class), 2002080 routed rows, a J tile for each group's largest expert would pad them by 19.4%
[classes-every-tile] strata prefill timing: 4169 tokens, GPU timeline 6994 ms, wall 7029 ms, host staging 15 ms: embed+steps 10 (0.1%) hc read 668 (9.6%) gdn 932 (13.3%) qsa proj 471 (6.7%) qsa select 43 (0.6%) qsa attn 624 (8.9%) router+shared 161 (2.3%) host grouping 32 (0.5%) gather 74 (1.1%) wait copy 32 (0.5%) dequant 503 (7.2%) gemm gate/up 1439 (20.6%) gemm down 691 (9.9%) combine 225 (3.2%) ple 30 (0.4%) gdn conv+gates 85 (1.2%) gdn recurrence 597 (8.5%) gdn out proj 376 (5.4%)
[classes-every-tile] strata prefill timing: experts: the loop's host time 39 ms over 48 layers (0 sorted by row count, 48 grouped by row-count class), 2001120 routed rows, a J tile for each group's largest expert would pad them by 19.3%
[classes-every-tile] strata prefill timing: 1662 tokens, GPU timeline 3607 ms, wall 3622 ms, host staging 19 ms: embed+steps 7 (0.2%) hc read 293 (8.1%) gdn 484 (13.4%) qsa proj 240 (6.7%) qsa indexer 0 (0.0%) qsa select 8 (0.2%) qsa attn 166 (4.6%) router+shared 86 (2.4%) host grouping 66 (1.8%) gather 34 (0.9%) wait copy 21 (0.6%) dequant 447 (12.4%) gemm gate/up 765 (21.2%) gemm down 363 (10.1%) combine 90 (2.5%) ple 12 (0.3%) gdn conv+gates 33 (0.9%) gdn recurrence 275 (7.6%) gdn out proj 217 (6.0%)
[classes-every-tile] strata prefill timing: experts: the loop's host time 66 ms over 48 layers (0 sorted by row count, 48 grouped by row-count class), 797760 routed rows, a J tile for each group's largest expert would pad them by 27.2%
[classes-every-tile] strata prefill timing: 1663 tokens, GPU timeline 3316 ms, wall 3331 ms, host staging 24 ms: embed+steps 5 (0.2%) hc read 282 (8.5%) gdn 443 (13.4%) qsa proj 222 (6.7%) qsa indexer 0 (0.0%) qsa select 7 (0.2%) qsa attn 153 (4.6%) router+shared 82 (2.5%) host grouping 21 (0.6%) gather 30 (0.9%) wait copy 17 (0.5%) dequant 411 (12.4%) gemm gate/up 706 (21.3%) gemm down 334 (10.1%) combine 94 (2.8%) ple 13 (0.4%) gdn conv+gates 34 (1.0%) gdn recurrence 259 (7.8%) gdn out proj 203 (6.1%)
[classes-every-tile] strata prefill timing: experts: the loop's host time 32 ms over 48 layers (0 sorted by row count, 48 grouped by row-count class), 798240 routed rows, a J tile for each group's largest expert would pad them by 27.1%
[classes-every-tile] strata prefill timing: 1663 tokens, GPU timeline 3183 ms, wall 3198 ms, host staging 27 ms: embed+steps 5 (0.2%) hc read 274 (8.6%) gdn 414 (13.0%) qsa proj 214 (6.7%) qsa select 7 (0.2%) qsa attn 148 (4.6%) router+shared 78 (2.4%) host grouping 21 (0.7%) gather 30 (0.9%) wait copy 16 (0.5%) dequant 398 (12.5%) gemm gate/up 679 (21.3%) gemm down 321 (10.1%) combine 94 (2.9%) ple 12 (0.4%) gdn conv+gates 32 (1.0%) gdn recurrence 246 (7.7%) gdn out proj 197 (6.2%)
[classes-every-tile] strata prefill timing: experts: the loop's host time 29 ms over 48 layers (0 sorted by row count, 48 grouped by row-count class), 798240 routed rows, a J tile for each group's largest expert would pad them by 27.0%
[classes-every-tile] strata prefill timing: 1208 tokens, GPU timeline 2603 ms, wall 2614 ms, host staging 30 ms: embed+steps 75 (2.9%) hc read 201 (7.7%) gdn 328 (12.6%) qsa proj 166 (6.4%) qsa indexer 0 (0.0%) qsa select 4 (0.2%) qsa attn 85 (3.3%) router+shared 68 (2.6%) host grouping 19 (0.7%) gather 22 (0.8%) wait copy 14 (0.6%) dequant 383 (14.7%) gemm gate/up 541 (20.8%) gemm down 258 (9.9%) combine 65 (2.5%) ple 9 (0.3%) gdn conv+gates 22 (0.9%) gdn recurrence 179 (6.9%) gdn out proj 165 (6.3%)
[classes-every-tile] strata prefill timing: experts: the loop's host time 29 ms over 48 layers (0 sorted by row count, 48 grouped by row-count class), 579840 routed rows, a J tile for each group's largest expert would pad them by 28.5%
