{"label": "one-class", "env": {"STRATA_PREFILL_MMQ_CLASSES": "0"}, "server_up_s": 15.7}
{"label": "one-class", "kind": "pp4096", "i": 0, "wall_s": 7.87, "cache_n": 0, "prompt_n": 4173, "prompt_per_second": 535.7}
{"label": "one-class", "kind": "pp4096", "i": 1, "wall_s": 7.49, "cache_n": 0, "prompt_n": 4173, "prompt_per_second": 561.4}
{"label": "one-class", "kind": "pp4096", "i": 2, "wall_s": 7.45, "cache_n": 0, "prompt_n": 4173, "prompt_per_second": 564.8}
{"label": "one-class", "kind": "pp1300", "i": 0, "wall_s": 3.64, "cache_n": 0, "prompt_n": 1665, "prompt_per_second": 467.4}
{"label": "one-class", "kind": "pp1300", "i": 1, "wall_s": 3.69, "cache_n": 0, "prompt_n": 1665, "prompt_per_second": 460.2}
{"label": "one-class", "kind": "pp1300", "i": 2, "wall_s": 3.62, "cache_n": 0, "prompt_n": 1665, "prompt_per_second": 467.9}
{"label": "one-class", "text_request": true, "wall_s": 4.75, "prompt_n": 1213, "prompt_per_second": 413.7, "predicted_per_second": 35.7}
[one-class] text:
We need answer user's request: "Continue this Python source file where it stops. Output only code." They provided a partial Python source file ending mid-class MockEngine:
...
    def __init__(self, tokenizer, script: str | list[str], max_context: int = 32768

[one-class] strata prefill timing: 4168 tokens, GPU timeline 7560 ms, wall 7602 ms, host staging 4 ms: embed+steps 161 (2.1%) hc read 721 (9.5%) gdn 964 (12.8%) qsa proj 481 (6.4%) qsa indexer 0 (0.0%) qsa select 44 (0.6%) qsa attn 632 (8.4%) router+shared 165 (2.2%) host grouping 32 (0.4%) gather 78 (1.0%) wait copy 30 (0.4%) dequant 495 (6.5%) gemm gate/up 1640 (21.7%) gemm down 785 (10.4%) combine 227 (3.0%) ple 32 (0.4%) gdn conv+gates 86 (1.1%) gdn recurrence 601 (7.9%) gdn out proj 387 (5.1%)
[one-class] strata prefill timing: experts: the loop's host time 75 ms over 48 layers (0 sorted by row count, 0 grouped by row-count class), 2000640 routed rows, a J tile for each group's largest expert would pad them by 46.1%
[one-class] strata prefill timing: 4168 tokens, GPU timeline 7234 ms, wall 7270 ms, host staging 9 ms: embed+steps 10 (0.1%) hc read 670 (9.3%) gdn 943 (13.0%) qsa proj 469 (6.5%) qsa select 43 (0.6%) qsa attn 623 (8.6%) router+shared 162 (2.2%) host grouping 31 (0.4%) gather 76 (1.0%) wait copy 28 (0.4%) dequant 487 (6.7%) gemm gate/up 1600 (22.1%) gemm down 769 (10.6%) combine 225 (3.1%) ple 31 (0.4%) gdn conv+gates 85 (1.2%) gdn recurrence 601 (8.3%) gdn out proj 382 (5.3%)
[one-class] strata prefill timing: experts: the loop's host time 37 ms over 48 layers (0 sorted by row count, 0 grouped by row-count class), 2000640 routed rows, a J tile for each group's largest expert would pad them by 46.2%
[one-class] strata prefill timing: 4168 tokens, GPU timeline 7185 ms, wall 7226 ms, host staging 14 ms: embed+steps 10 (0.1%) hc read 669 (9.3%) gdn 931 (13.0%) qsa proj 478 (6.7%) qsa indexer 0 (0.0%) qsa select 43 (0.6%) qsa attn 616 (8.6%) router+shared 160 (2.2%) host grouping 30 (0.4%) gather 75 (1.0%) wait copy 27 (0.4%) dequant 478 (6.7%) gemm gate/up 1594 (22.2%) gemm down 763 (10.6%) combine 225 (3.1%) ple 30 (0.4%) gdn conv+gates 85 (1.2%) gdn recurrence 591 (8.2%) gdn out proj 381 (5.3%)
[one-class] strata prefill timing: experts: the loop's host time 34 ms over 48 layers (0 sorted by row count, 0 grouped by row-count class), 2000640 routed rows, a J tile for each group's largest expert would pad them by 46.1%
[one-class] strata prefill timing: 1660 tokens, GPU timeline 3396 ms, wall 3413 ms, host staging 17 ms: embed+steps 7 (0.2%) hc read 279 (8.2%) gdn 407 (12.0%) qsa proj 213 (6.3%) qsa indexer 0 (0.0%) qsa select 7 (0.2%) qsa attn 146 (4.3%) router+shared 77 (2.3%) host grouping 20 (0.6%) gather 30 (0.9%) wait copy 14 (0.4%) dequant 387 (11.4%) gemm gate/up 839 (24.7%) gemm down 397 (11.7%) combine 91 (2.7%) ple 12 (0.3%) gdn conv+gates 32 (0.9%) gdn recurrence 243 (7.1%) gdn out proj 197 (5.8%)
[one-class] strata prefill timing: experts: the loop's host time 24 ms over 48 layers (0 sorted by row count, 0 grouped by row-count class), 796800 routed rows, a J tile for each group's largest expert would pad them by 128.2%
[one-class] strata prefill timing: 1660 tokens, GPU timeline 3451 ms, wall 3466 ms, host staging 20 ms: embed+steps 6 (0.2%) hc read 277 (8.0%) gdn 422 (12.2%) qsa proj 212 (6.1%) qsa indexer 0 (0.0%) qsa select 7 (0.2%) qsa attn 146 (4.2%) router+shared 79 (2.3%) host grouping 20 (0.6%) gather 30 (0.9%) wait copy 15 (0.4%) dequant 398 (11.5%) gemm gate/up 854 (24.7%) gemm down 405 (11.7%) combine 91 (2.6%) ple 11 (0.3%) gdn conv+gates 32 (0.9%) gdn recurrence 248 (7.2%) gdn out proj 199 (5.8%)
[one-class] strata prefill timing: experts: the loop's host time 26 ms over 48 layers (0 sorted by row count, 0 grouped by row-count class), 796800 routed rows, a J tile for each group's largest expert would pad them by 127.7%
[one-class] strata prefill timing: 1660 tokens, GPU timeline 3395 ms, wall 3411 ms, host staging 23 ms: embed+steps 6 (0.2%) hc read 276 (8.1%) gdn 409 (12.0%) qsa proj 222 (6.5%) qsa indexer 0 (0.0%) qsa select 7 (0.2%) qsa attn 144 (4.2%) router+shared 77 (2.3%) host grouping 19 (0.6%) gather 30 (0.9%) wait copy 13 (0.4%) dequant 388 (11.4%) gemm gate/up 836 (24.6%) gemm down 398 (11.7%) combine 90 (2.6%) ple 11 (0.3%) gdn conv+gates 32 (0.9%) gdn recurrence 242 (7.1%) gdn out proj 198 (5.8%)
[one-class] strata prefill timing: experts: the loop's host time 24 ms over 48 layers (0 sorted by row count, 0 grouped by row-count class), 796800 routed rows, a J tile for each group's largest expert would pad them by 127.5%
[one-class] strata prefill timing: 1208 tokens, GPU timeline 2778 ms, wall 2789 ms, host staging 25 ms: embed+steps 68 (2.5%) hc read 201 (7.3%) gdn 325 (11.7%) qsa proj 158 (5.7%) qsa indexer 0 (0.0%) qsa select 4 (0.2%) qsa attn 85 (3.1%) router+shared 68 (2.5%) host grouping 17 (0.6%) gather 22 (0.8%) wait copy 11 (0.4%) dequant 377 (13.6%) gemm gate/up 683 (24.6%) gemm down 322 (11.6%) combine 67 (2.4%) ple 9 (0.3%) gdn conv+gates 23 (0.8%) gdn recurrence 177 (6.4%) gdn out proj 162 (5.8%)
[one-class] strata prefill timing: experts: the loop's host time 23 ms over 48 layers (0 sorted by row count, 0 grouped by row-count class), 579840 routed rows, a J tile for each group's largest expert would pad them by 169.0%
{"label": "classes-default", "env": {}, "server_up_s": 12.1}
{"label": "classes-default", "kind": "pp4096", "i": 0, "wall_s": 7.59, "cache_n": 0, "prompt_n": 4172, "prompt_per_second": 556.0}
{"label": "classes-default", "kind": "pp4096", "i": 1, "wall_s": 7.39, "cache_n": 0, "prompt_n": 4172, "prompt_per_second": 571.8}
{"label": "classes-default", "kind": "pp4096", "i": 2, "wall_s": 7.34, "cache_n": 0, "prompt_n": 4173, "prompt_per_second": 574.1}
{"label": "classes-default", "kind": "pp1300", "i": 0, "wall_s": 3.46, "cache_n": 0, "prompt_n": 1665, "prompt_per_second": 491.4}
{"label": "classes-default", "kind": "pp1300", "i": 1, "wall_s": 3.43, "cache_n": 0, "prompt_n": 1664, "prompt_per_second": 494.0}
{"label": "classes-default", "kind": "pp1300", "i": 2, "wall_s": 3.49, "cache_n": 0, "prompt_n": 1665, "prompt_per_second": 486.7}
{"label": "classes-default", "text_request": true, "wall_s": 4.64, "prompt_n": 1213, "prompt_per_second": 435.9, "predicted_per_second": 35.2}
[classes-default] text:
We need answer user's request: "Continue this Python source file where it stops. Output only code." They provided a partial Python source file ending mid-class MockEngine:
...
    def __init__(self, tokenizer, script: str | list[str], max_context: int = 32768

[classes-default] strata prefill timing: 4167 tokens, GPU timeline 7283 ms, wall 7327 ms, host staging 5 ms: embed+steps 113 (1.6%) hc read 723 (9.9%) gdn 946 (13.0%) qsa proj 480 (6.6%) qsa select 43 (0.6%) qsa attn 624 (8.6%) router+shared 162 (2.2%) host grouping 32 (0.4%) gather 76 (1.0%) wait copy 31 (0.4%) dequant 496 (6.8%) gemm gate/up 1504 (20.7%) gemm down 729 (10.0%) combine 225 (3.1%) ple 31 (0.4%) gdn conv+gates 86 (1.2%) gdn recurrence 599 (8.2%) gdn out proj 383 (5.3%)
[classes-default] strata prefill timing: experts: the loop's host time 86 ms over 48 layers (0 sorted by row count, 48 grouped by row-count class), 2000160 routed rows, a J tile for each group's largest expert would pad them by 23.4%
[classes-default] strata prefill timing: 4167 tokens, GPU timeline 7107 ms, wall 7143 ms, host staging 10 ms: embed+steps 10 (0.1%) hc read 671 (9.4%) gdn 940 (13.2%) qsa proj 472 (6.6%) qsa select 43 (0.6%) qsa attn 626 (8.8%) router+shared 163 (2.3%) host grouping 31 (0.4%) gather 74 (1.0%) wait copy 30 (0.4%) dequant 500 (7.0%) gemm gate/up 1492 (21.0%) gemm down 729 (10.3%) combine 224 (3.1%) ple 31 (0.4%) gdn conv+gates 85 (1.2%) gdn recurrence 599 (8.4%) gdn out proj 386 (5.4%)
[classes-default] strata prefill timing: experts: the loop's host time 37 ms over 48 layers (0 sorted by row count, 48 grouped by row-count class), 2000160 routed rows, a J tile for each group's largest expert would pad them by 23.3%
[classes-default] strata prefill timing: 4168 tokens, GPU timeline 7080 ms, wall 7117 ms, host staging 16 ms: embed+steps 10 (0.1%) hc read 677 (9.6%) gdn 927 (13.1%) qsa proj 469 (6.6%) qsa indexer 0 (0.0%) qsa select 43 (0.6%) qsa attn 625 (8.8%) router+shared 159 (2.3%) host grouping 31 (0.4%) gather 74 (1.0%) wait copy 30 (0.4%) dequant 502 (7.1%) gemm gate/up 1501 (21.2%) gemm down 721 (10.2%) combine 225 (3.2%) ple 30 (0.4%) gdn conv+gates 84 (1.2%) gdn recurrence 594 (8.4%) gdn out proj 377 (5.3%)
[classes-default] strata prefill timing: experts: the loop's host time 36 ms over 48 layers (0 sorted by row count, 48 grouped by row-count class), 2000640 routed rows, a J tile for each group's largest expert would pad them by 23.2%
[classes-default] strata prefill timing: 1660 tokens, GPU timeline 3234 ms, wall 3249 ms, host staging 18 ms: embed+steps 5 (0.2%) hc read 281 (8.7%) gdn 417 (12.9%) qsa proj 212 (6.6%) qsa indexer 0 (0.0%) qsa select 7 (0.2%) qsa attn 145 (4.5%) router+shared 77 (2.4%) host grouping 21 (0.6%) gather 29 (0.9%) wait copy 15 (0.5%) dequant 395 (12.2%) gemm gate/up 712 (22.0%) gemm down 341 (10.5%) combine 89 (2.7%) ple 11 (0.4%) gdn conv+gates 32 (1.0%) gdn recurrence 245 (7.6%) gdn out proj 199 (6.1%)
[classes-default] strata prefill timing: experts: the loop's host time 27 ms over 48 layers (0 sorted by row count, 48 grouped by row-count class), 796800 routed rows, a J tile for each group's largest expert would pad them by 35.9%
[classes-default] strata prefill timing: 1659 tokens, GPU timeline 3215 ms, wall 3232 ms, host staging 21 ms: embed+steps 5 (0.2%) hc read 275 (8.6%) gdn 411 (12.8%) qsa proj 210 (6.5%) qsa indexer 0 (0.0%) qsa select 7 (0.2%) qsa attn 146 (4.5%) router+shared 78 (2.4%) host grouping 19 (0.6%) gather 29 (0.9%) wait copy 15 (0.5%) dequant 396 (12.3%) gemm gate/up 710 (22.1%) gemm down 338 (10.5%) combine 90 (2.8%) ple 12 (0.4%) gdn conv+gates 31 (1.0%) gdn recurrence 244 (7.6%) gdn out proj 199 (6.2%)
[classes-default] strata prefill timing: experts: the loop's host time 27 ms over 48 layers (0 sorted by row count, 48 grouped by row-count class), 796320 routed rows, a J tile for each group's largest expert would pad them by 35.8%
[classes-default] strata prefill timing: 1660 tokens, GPU timeline 3264 ms, wall 3278 ms, host staging 24 ms: embed+steps 6 (0.2%) hc read 280 (8.6%) gdn 422 (12.9%) qsa proj 214 (6.6%) qsa indexer 0 (0.0%) qsa select 7 (0.2%) qsa attn 148 (4.5%) router+shared 78 (2.4%) host grouping 22 (0.7%) gather 29 (0.9%) wait copy 16 (0.5%) dequant 402 (12.3%) gemm gate/up 717 (22.0%) gemm down 341 (10.5%) combine 91 (2.8%) ple 12 (0.4%) gdn conv+gates 32 (1.0%) gdn recurrence 249 (7.6%) gdn out proj 198 (6.1%)
[classes-default] strata prefill timing: experts: the loop's host time 28 ms over 48 layers (0 sorted by row count, 48 grouped by row-count class), 796800 routed rows, a J tile for each group's largest expert would pad them by 36.0%
[classes-default] strata prefill timing: 1208 tokens, GPU timeline 2637 ms, wall 2648 ms, host staging 26 ms: embed+steps 81 (3.1%) hc read 199 (7.6%) gdn 325 (12.3%) qsa proj 160 (6.1%) qsa indexer 0 (0.0%) qsa select 4 (0.2%) qsa attn 84 (3.2%) router+shared 67 (2.6%) host grouping 19 (0.7%) gather 22 (0.8%) wait copy 12 (0.5%) dequant 383 (14.5%) gemm gate/up 573 (21.7%) gemm down 272 (10.3%) combine 65 (2.5%) ple 9 (0.3%) gdn conv+gates 22 (0.9%) gdn recurrence 176 (6.7%) gdn out proj 163 (6.2%)
[classes-default] strata prefill timing: experts: the loop's host time 27 ms over 48 layers (0 sorted by row count, 48 grouped by row-count class), 579840 routed rows, a J tile for each group's largest expert would pad them by 40.3%
{"label": "classes-fine", "env": {"STRATA_PREFILL_MMQ_CLASSES": "16,32,48,64,96,128"}, "server_up_s": 12.2}
{"label": "classes-fine", "kind": "pp4096", "i": 0, "wall_s": 7.57, "cache_n": 0, "prompt_n": 4174, "prompt_per_second": 557.8}
{"label": "classes-fine", "kind": "pp4096", "i": 1, "wall_s": 7.33, "cache_n": 0, "prompt_n": 4174, "prompt_per_second": 576.1}
{"label": "classes-fine", "kind": "pp4096", "i": 2, "wall_s": 7.34, "cache_n": 0, "prompt_n": 4174, "prompt_per_second": 575.5}
{"label": "classes-fine", "kind": "pp1300", "i": 0, "wall_s": 3.47, "cache_n": 0, "prompt_n": 1666, "prompt_per_second": 490.6}
{"label": "classes-fine", "kind": "pp1300", "i": 1, "wall_s": 3.43, "cache_n": 0, "prompt_n": 1666, "prompt_per_second": 496.0}
{"label": "classes-fine", "kind": "pp1300", "i": 2, "wall_s": 3.5, "cache_n": 0, "prompt_n": 1666, "prompt_per_second": 485.9}
{"label": "classes-fine", "text_request": true, "wall_s": 4.56, "prompt_n": 1213, "prompt_per_second": 443.8, "predicted_per_second": 35.8}
[classes-fine] text:
We need answer user's request: "Continue this Python source file where it stops. Output only code." They provided a partial Python source file ending mid-class MockEngine:
...
    def __init__(self, tokenizer, script: str | list[str], max_context: int = 32768

[classes-fine] strata prefill timing: 4169 tokens, GPU timeline 7266 ms, wall 7308 ms, host staging 5 ms: embed+steps 106 (1.5%) hc read 713 (9.8%) gdn 953 (13.1%) qsa proj 487 (6.7%) qsa indexer 0 (0.0%) qsa select 44 (0.6%) qsa attn 629 (8.7%) router+shared 163 (2.2%) host grouping 32 (0.4%) gather 77 (1.1%) wait copy 31 (0.4%) dequant 502 (6.9%) gemm gate/up 1491 (20.5%) gemm down 720 (9.9%) combine 225 (3.1%) ple 31 (0.4%) gdn conv+gates 86 (1.2%) gdn recurrence 595 (8.2%) gdn out proj 382 (5.3%)
[classes-fine] strata prefill timing: experts: the loop's host time 81 ms over 48 layers (0 sorted by row count, 48 grouped by row-count class), 2001120 routed rows, a J tile for each group's largest expert would pad them by 20.4%
[classes-fine] strata prefill timing: 4169 tokens, GPU timeline 7054 ms, wall 7090 ms, host staging 10 ms: embed+steps 11 (0.1%) hc read 667 (9.5%) gdn 940 (13.3%) qsa proj 477 (6.8%) qsa indexer 0 (0.0%) qsa select 43 (0.6%) qsa attn 624 (8.8%) router+shared 162 (2.3%) host grouping 31 (0.4%) gather 74 (1.1%) wait copy 29 (0.4%) dequant 494 (7.0%) gemm gate/up 1473 (20.9%) gemm down 710 (10.1%) combine 225 (3.2%) ple 31 (0.4%) gdn conv+gates 85 (1.2%) gdn recurrence 596 (8.4%) gdn out proj 381 (5.4%)
[classes-fine] strata prefill timing: experts: the loop's host time 36 ms over 48 layers (0 sorted by row count, 48 grouped by row-count class), 2001120 routed rows, a J tile for each group's largest expert would pad them by 20.6%
[classes-fine] strata prefill timing: 4169 tokens, GPU timeline 7047 ms, wall 7087 ms, host staging 15 ms: embed+steps 10 (0.1%) hc read 673 (9.5%) gdn 936 (13.3%) qsa proj 483 (6.9%) qsa indexer 0 (0.0%) qsa select 42 (0.6%) qsa attn 618 (8.8%) router+shared 161 (2.3%) host grouping 34 (0.5%) gather 74 (1.1%) wait copy 31 (0.4%) dequant 492 (7.0%) gemm gate/up 1468 (20.8%) gemm down 708 (10.0%) combine 224 (3.2%) ple 30 (0.4%) gdn conv+gates 85 (1.2%) gdn recurrence 594 (8.4%) gdn out proj 384 (5.5%)
[classes-fine] strata prefill timing: experts: the loop's host time 37 ms over 48 layers (0 sorted by row count, 48 grouped by row-count class), 2001120 routed rows, a J tile for each group's largest expert would pad them by 20.6%
[classes-fine] strata prefill timing: 1661 tokens, GPU timeline 3242 ms, wall 3257 ms, host staging 18 ms: embed+steps 7 (0.2%) hc read 278 (8.6%) gdn 423 (13.0%) qsa proj 218 (6.7%) qsa indexer 0 (0.0%) qsa select 7 (0.2%) qsa attn 148 (4.6%) router+shared 78 (2.4%) host grouping 21 (0.6%) gather 30 (0.9%) wait copy 16 (0.5%) dequant 404 (12.5%) gemm gate/up 700 (21.6%) gemm down 332 (10.2%) combine 90 (2.8%) ple 12 (0.4%) gdn conv+gates 33 (1.0%) gdn recurrence 248 (7.7%) gdn out proj 197 (6.1%)
[classes-fine] strata prefill timing: experts: the loop's host time 28 ms over 48 layers (0 sorted by row count, 48 grouped by row-count class), 797280 routed rows, a J tile for each group's largest expert would pad them by 29.0%
[classes-fine] strata prefill timing: 1661 tokens, GPU timeline 3196 ms, wall 3211 ms, host staging 21 ms: embed+steps 6 (0.2%) hc read 280 (8.7%) gdn 414 (12.9%) qsa proj 209 (6.5%) qsa indexer 0 (0.0%) qsa select 7 (0.2%) qsa attn 145 (4.5%) router+shared 77 (2.4%) host grouping 19 (0.6%) gather 29 (0.9%) wait copy 16 (0.5%) dequant 392 (12.3%) gemm gate/up 694 (21.7%) gemm down 331 (10.4%) combine 89 (2.8%) ple 11 (0.4%) gdn conv+gates 32 (1.0%) gdn recurrence 246 (7.7%) gdn out proj 198 (6.2%)
[classes-fine] strata prefill timing: experts: the loop's host time 27 ms over 48 layers (0 sorted by row count, 48 grouped by row-count class), 797280 routed rows, a J tile for each group's largest expert would pad them by 29.1%
[classes-fine] strata prefill timing: 1661 tokens, GPU timeline 3268 ms, wall 3285 ms, host staging 24 ms: embed+steps 5 (0.2%) hc read 275 (8.4%) gdn 429 (13.1%) qsa proj 222 (6.8%) qsa indexer 0 (0.0%) qsa select 7 (0.2%) qsa attn 149 (4.6%) router+shared 80 (2.4%) host grouping 21 (0.6%) gather 30 (0.9%) wait copy 17 (0.5%) dequant 401 (12.3%) gemm gate/up 707 (21.6%) gemm down 336 (10.3%) combine 93 (2.8%) ple 12 (0.4%) gdn conv+gates 32 (1.0%) gdn recurrence 252 (7.7%) gdn out proj 202 (6.2%)
[classes-fine] strata prefill timing: experts: the loop's host time 28 ms over 48 layers (0 sorted by row count, 48 grouped by row-count class), 797280 routed rows, a J tile for each group's largest expert would pad them by 29.1%
[classes-fine] strata prefill timing: 1208 tokens, GPU timeline 2591 ms, wall 2601 ms, host staging 26 ms: embed+steps 74 (2.8%) hc read 201 (7.8%) gdn 325 (12.6%) qsa proj 160 (6.2%) qsa indexer 0 (0.0%) qsa select 4 (0.2%) qsa attn 84 (3.2%) router+shared 67 (2.6%) host grouping 19 (0.7%) gather 22 (0.8%) wait copy 13 (0.5%) dequant 373 (14.4%) gemm gate/up 549 (21.2%) gemm down 262 (10.1%) combine 66 (2.5%) ple 9 (0.3%) gdn conv+gates 22 (0.9%) gdn recurrence 176 (6.8%) gdn out proj 164 (6.3%)
[classes-fine] strata prefill timing: experts: the loop's host time 27 ms over 48 layers (0 sorted by row count, 48 grouped by row-count class), 579840 routed rows, a J tile for each group's largest expert would pad them by 31.0%
texts: one-class == classes-default: True
texts: one-class == classes-fine: True
