{"label": "one-class", "env": {"STRATA_PREFILL_MMQ_CLASSES": "0"}, "server_up_s": 36.9}
{"label": "one-class", "kind": "pp4096", "i": 0, "wall_s": 13.47, "cache_n": 0, "prompt_n": 4172, "prompt_per_second": 311.7}
{"label": "one-class", "kind": "pp4096", "i": 1, "wall_s": 12.7, "cache_n": 0, "prompt_n": 4173, "prompt_per_second": 330.9}
{"label": "one-class", "kind": "pp4096", "i": 2, "wall_s": 12.52, "cache_n": 0, "prompt_n": 4173, "prompt_per_second": 335.6}
{"label": "one-class", "kind": "pp1300", "i": 0, "wall_s": 6.54, "cache_n": 0, "prompt_n": 1665, "prompt_per_second": 258.4}
{"label": "one-class", "kind": "pp1300", "i": 1, "wall_s": 6.48, "cache_n": 0, "prompt_n": 1665, "prompt_per_second": 259.6}
{"label": "one-class", "kind": "pp1300", "i": 2, "wall_s": 6.53, "cache_n": 0, "prompt_n": 1665, "prompt_per_second": 258.6}
{"label": "one-class", "text_request": true, "wall_s": 7.95, "prompt_n": 1213, "prompt_per_second": 230.1, "predicted_per_second": 24.1}
[one-class] text:
We need answer user's request: "Continue this Python source file where it stops. Output only code." Need produce continuation code only. Need analyze in English? User request English, so English. Need likely continue from truncated line:
        self.scripts = [tokenizer.encode(x, parse_special=True) + end for

[one-class] strata prefill timing: 4167 tokens, GPU timeline 12931 ms, wall 12976 ms, host staging 3365 ms: embed+steps 167 (1.3%) hc read 1137 (8.8%) gdn 1917 (14.8%) qsa proj 874 (6.8%) qsa indexer 0 (0.0%) qsa select 49 (0.4%) qsa attn 722 (5.6%) router+shared 383 (3.0%) host grouping 38 (0.3%) gather 125 (1.0%) wait copy 363 (2.8%) dequant 1495 (11.6%) gemm gate/up 2583 (20.0%) gemm down 1256 (9.7%) combine 269 (2.1%) ple 56 (0.4%) gdn conv+gates 116 (0.9%) gdn recurrence 721 (5.6%) gdn out proj 660 (5.1%)
[one-class] strata prefill timing: experts: the loop's host time 2317 ms over 48 layers (0 sorted by row count, 0 grouped by row-count class), 2000160 routed rows, a J tile for each group's largest expert would pad them by 103.1%
[one-class] strata prefill timing: 4168 tokens, GPU timeline 12288 ms, wall 12329 ms, host staging 6758 ms: embed+steps 11 (0.1%) hc read 868 (7.1%) gdn 1891 (15.4%) qsa proj 865 (7.0%) qsa indexer 0 (0.0%) qsa select 48 (0.4%) qsa attn 713 (5.8%) router+shared 381 (3.1%) host grouping 39 (0.3%) gather 123 (1.0%) wait copy 362 (2.9%) dequant 1485 (12.1%) gemm gate/up 2530 (20.6%) gemm down 1144 (9.3%) combine 268 (2.2%) ple 55 (0.5%) gdn conv+gates 116 (0.9%) gdn recurrence 717 (5.8%) gdn out proj 671 (5.5%)
[one-class] strata prefill timing: experts: the loop's host time 2343 ms over 48 layers (0 sorted by row count, 0 grouped by row-count class), 2000640 routed rows, a J tile for each group's largest expert would pad them by 103.2%
[one-class] strata prefill timing: 4168 tokens, GPU timeline 12079 ms, wall 12122 ms, host staging 10087 ms: embed+steps 12 (0.1%) hc read 856 (7.1%) gdn 1831 (15.2%) qsa proj 856 (7.1%) qsa indexer 0 (0.0%) qsa select 47 (0.4%) qsa attn 701 (5.8%) router+shared 371 (3.1%) host grouping 41 (0.3%) gather 121 (1.0%) wait copy 356 (2.9%) dequant 1474 (12.2%) gemm gate/up 2502 (20.7%) gemm down 1126 (9.3%) combine 265 (2.2%) ple 54 (0.4%) gdn conv+gates 114 (0.9%) gdn recurrence 703 (5.8%) gdn out proj 649 (5.4%)
[one-class] strata prefill timing: experts: the loop's host time 2214 ms over 48 layers (0 sorted by row count, 0 grouped by row-count class), 2000640 routed rows, a J tile for each group's largest expert would pad them by 103.5%
[one-class] strata prefill timing: 1660 tokens, GPU timeline 6191 ms, wall 6208 ms, host staging 12621 ms: embed+steps 7 (0.1%) hc read 255 (4.1%) gdn 768 (12.4%) qsa proj 368 (5.9%) qsa indexer 0 (0.0%) qsa select 6 (0.1%) qsa attn 152 (2.5%) router+shared 146 (2.4%) host grouping 30 (0.5%) gather 41 (0.7%) wait copy 326 (5.3%) dequant 1288 (20.8%) gemm gate/up 1429 (23.1%) gemm down 597 (9.6%) combine 150 (2.4%) ple 22 (0.4%) gdn conv+gates 45 (0.7%) gdn recurrence 269 (4.4%) gdn out proj 291 (4.7%)
[one-class] strata prefill timing: experts: the loop's host time 1809 ms over 48 layers (0 sorted by row count, 0 grouped by row-count class), 796800 routed rows, a J tile for each group's largest expert would pad them by 231.2%
[one-class] strata prefill timing: 1660 tokens, GPU timeline 6142 ms, wall 6164 ms, host staging 15147 ms: embed+steps 6 (0.1%) hc read 254 (4.1%) gdn 770 (12.5%) qsa proj 360 (5.9%) qsa indexer 0 (0.0%) qsa select 6 (0.1%) qsa attn 153 (2.5%) router+shared 145 (2.4%) host grouping 30 (0.5%) gather 40 (0.7%) wait copy 320 (5.2%) dequant 1268 (20.6%) gemm gate/up 1420 (23.1%) gemm down 593 (9.6%) combine 149 (2.4%) ple 22 (0.4%) gdn conv+gates 46 (0.7%) gdn recurrence 266 (4.3%) gdn out proj 295 (4.8%)
[one-class] strata prefill timing: experts: the loop's host time 1801 ms over 48 layers (0 sorted by row count, 0 grouped by row-count class), 796800 routed rows, a J tile for each group's largest expert would pad them by 230.6%
[one-class] strata prefill timing: 1660 tokens, GPU timeline 6178 ms, wall 6195 ms, host staging 17676 ms: embed+steps 8 (0.1%) hc read 252 (4.1%) gdn 771 (12.5%) qsa proj 366 (5.9%) qsa indexer 0 (0.0%) qsa select 7 (0.1%) qsa attn 153 (2.5%) router+shared 146 (2.4%) host grouping 30 (0.5%) gather 40 (0.6%) wait copy 339 (5.5%) dequant 1274 (20.6%) gemm gate/up 1423 (23.0%) gemm down 593 (9.6%) combine 152 (2.5%) ple 22 (0.4%) gdn conv+gates 45 (0.7%) gdn recurrence 268 (4.3%) gdn out proj 290 (4.7%)
[one-class] strata prefill timing: experts: the loop's host time 1784 ms over 48 layers (0 sorted by row count, 0 grouped by row-count class), 796800 routed rows, a J tile for each group's largest expert would pad them by 231.0%
[one-class] strata prefill timing: 1208 tokens, GPU timeline 5023 ms, wall 5035 ms, host staging 20084 ms: embed+steps 71 (1.4%) hc read 199 (4.0%) gdn 569 (11.3%) qsa proj 265 (5.3%) qsa indexer 0 (0.0%) qsa select 4 (0.1%) qsa attn 83 (1.7%) router+shared 78 (1.5%) host grouping 25 (0.5%) gather 31 (0.6%) wait copy 365 (7.3%) dequant 1156 (23.0%) gemm gate/up 1148 (22.9%) gemm down 480 (9.6%) combine 106 (2.1%) ple 17 (0.3%) gdn conv+gates 34 (0.7%) gdn recurrence 194 (3.9%) gdn out proj 196 (3.9%)
[one-class] strata prefill timing: experts: the loop's host time 1758 ms over 48 layers (0 sorted by row count, 0 grouped by row-count class), 579840 routed rows, a J tile for each group's largest expert would pad them by 267.2%
{"label": "shipped", "env": {}, "server_up_s": 45.5}
{"label": "shipped", "kind": "pp4096", "i": 0, "wall_s": 13.32, "cache_n": 0, "prompt_n": 4172, "prompt_per_second": 315.5}
{"label": "shipped", "kind": "pp4096", "i": 1, "wall_s": 12.66, "cache_n": 0, "prompt_n": 4170, "prompt_per_second": 331.7}
{"label": "shipped", "kind": "pp4096", "i": 2, "wall_s": 12.61, "cache_n": 0, "prompt_n": 4172, "prompt_per_second": 333.4}
{"label": "shipped", "kind": "pp1300", "i": 0, "wall_s": 6.04, "cache_n": 0, "prompt_n": 1663, "prompt_per_second": 280.0}
{"label": "shipped", "kind": "pp1300", "i": 1, "wall_s": 6.04, "cache_n": 0, "prompt_n": 1664, "prompt_per_second": 280.0}
{"label": "shipped", "kind": "pp1300", "i": 2, "wall_s": 6.0, "cache_n": 0, "prompt_n": 1664, "prompt_per_second": 280.6}
{"label": "shipped", "text_request": true, "wall_s": 7.72, "prompt_n": 1213, "prompt_per_second": 243.9, "predicted_per_second": 23.4}
[shipped] text:
We need answer user's request: "Continue this Python source file where it stops. Output only code." Need produce continuation code only. Need analyze context. We have partial file ending mid-expression:

class MockEngine:
    """..."""

    def __init__(self, tokenizer, script: str | list

[shipped] strata prefill timing: 4167 tokens, GPU timeline 12707 ms, wall 12756 ms, host staging 2635 ms: embed+steps 168 (1.3%) hc read 1148 (9.0%) gdn 2411 (19.0%) qsa proj 1033 (8.1%) qsa indexer 0 (0.0%) qsa select 46 (0.4%) qsa attn 690 (5.4%) router+shared 370 (2.9%) host grouping 46 (0.4%) gather 119 (0.9%) wait copy 348 (2.7%) dequant 1447 (11.4%) gemm gate/up 1831 (14.4%) gemm down 975 (7.7%) combine 269 (2.1%) ple 66 (0.5%) gdn conv+gates 116 (0.9%) gdn recurrence 698 (5.5%) gdn out proj 925 (7.3%)
[shipped] strata prefill timing: experts: the loop's host time 1760 ms over 48 layers (0 sorted by row count, 48 grouped by row-count class), 2000160 routed rows, a J tile for each group's largest expert would pad them by 23.3%
[shipped] strata prefill timing: 4165 tokens, GPU timeline 12177 ms, wall 12217 ms, host staging 5296 ms: embed+steps 12 (0.1%) hc read 872 (7.2%) gdn 2385 (19.6%) qsa proj 1032 (8.5%) qsa indexer 0 (0.0%) qsa select 45 (0.4%) qsa attn 684 (5.6%) router+shared 370 (3.0%) host grouping 43 (0.4%) gather 116 (1.0%) wait copy 348 (2.9%) dequant 1445 (11.9%) gemm gate/up 1806 (14.8%) gemm down 945 (7.8%) combine 272 (2.2%) ple 65 (0.5%) gdn conv+gates 117 (1.0%) gdn recurrence 700 (5.7%) gdn out proj 920 (7.6%)
[shipped] strata prefill timing: experts: the loop's host time 1721 ms over 48 layers (0 sorted by row count, 48 grouped by row-count class), 1999200 routed rows, a J tile for each group's largest expert would pad them by 23.3%
[shipped] strata prefill timing: 4167 tokens, GPU timeline 12131 ms, wall 12170 ms, host staging 7941 ms: embed+steps 14 (0.1%) hc read 868 (7.2%) gdn 2361 (19.5%) qsa proj 1039 (8.6%) qsa indexer 0 (0.0%) qsa select 45 (0.4%) qsa attn 687 (5.7%) router+shared 368 (3.0%) host grouping 44 (0.4%) gather 115 (0.9%) wait copy 352 (2.9%) dequant 1443 (11.9%) gemm gate/up 1803 (14.9%) gemm down 942 (7.8%) combine 271 (2.2%) ple 63 (0.5%) gdn conv+gates 116 (1.0%) gdn recurrence 686 (5.7%) gdn out proj 914 (7.5%)
[shipped] strata prefill timing: experts: the loop's host time 1642 ms over 48 layers (0 sorted by row count, 48 grouped by row-count class), 2000160 routed rows, a J tile for each group's largest expert would pad them by 23.4%
[shipped] strata prefill timing: 1658 tokens, GPU timeline 5659 ms, wall 5678 ms, host staging 10066 ms: embed+steps 6 (0.1%) hc read 246 (4.3%) gdn 826 (14.6%) qsa proj 373 (6.6%) qsa indexer 0 (0.0%) qsa select 6 (0.1%) qsa attn 149 (2.6%) router+shared 129 (2.3%) host grouping 30 (0.5%) gather 40 (0.7%) wait copy 333 (5.9%) dequant 1255 (22.2%) gemm gate/up 1012 (17.9%) gemm down 484 (8.6%) combine 155 (2.7%) ple 23 (0.4%) gdn conv+gates 41 (0.7%) gdn recurrence 250 (4.4%) gdn out proj 299 (5.3%)
[shipped] strata prefill timing: experts: the loop's host time 1384 ms over 48 layers (0 sorted by row count, 48 grouped by row-count class), 795840 routed rows, a J tile for each group's largest expert would pad them by 35.8%
[shipped] strata prefill timing: 1659 tokens, GPU timeline 5661 ms, wall 5679 ms, host staging 12206 ms: embed+steps 7 (0.1%) hc read 246 (4.3%) gdn 831 (14.7%) qsa proj 376 (6.6%) qsa indexer 0 (0.0%) qsa select 6 (0.1%) qsa attn 149 (2.6%) router+shared 129 (2.3%) host grouping 31 (0.6%) gather 40 (0.7%) wait copy 337 (6.0%) dequant 1245 (22.0%) gemm gate/up 1007 (17.8%) gemm down 483 (8.5%) combine 160 (2.8%) ple 24 (0.4%) gdn conv+gates 42 (0.7%) gdn recurrence 253 (4.5%) gdn out proj 295 (5.2%)
[shipped] strata prefill timing: experts: the loop's host time 1413 ms over 48 layers (0 sorted by row count, 48 grouped by row-count class), 796320 routed rows, a J tile for each group's largest expert would pad them by 35.5%
[shipped] strata prefill timing: 1659 tokens, GPU timeline 5660 ms, wall 5676 ms, host staging 14368 ms: embed+steps 7 (0.1%) hc read 249 (4.4%) gdn 833 (14.7%) qsa proj 373 (6.6%) qsa indexer 0 (0.0%) qsa select 6 (0.1%) qsa attn 149 (2.6%) router+shared 128 (2.3%) host grouping 30 (0.5%) gather 40 (0.7%) wait copy 335 (5.9%) dequant 1247 (22.0%) gemm gate/up 1008 (17.8%) gemm down 484 (8.5%) combine 157 (2.8%) ple 24 (0.4%) gdn conv+gates 42 (0.7%) gdn recurrence 252 (4.5%) gdn out proj 297 (5.2%)
[shipped] strata prefill timing: experts: the loop's host time 1434 ms over 48 layers (0 sorted by row count, 48 grouped by row-count class), 796320 routed rows, a J tile for each group's largest expert would pad them by 35.5%
[shipped] strata prefill timing: 1208 tokens, GPU timeline 4717 ms, wall 4731 ms, host staging 16473 ms: embed+steps 104 (2.2%) hc read 201 (4.3%) gdn 628 (13.3%) qsa proj 271 (5.8%) qsa indexer 0 (0.0%) qsa select 4 (0.1%) qsa attn 82 (1.7%) router+shared 83 (1.8%) host grouping 25 (0.5%) gather 30 (0.6%) wait copy 355 (7.5%) dequant 1152 (24.4%) gemm gate/up 843 (17.9%) gemm down 399 (8.5%) combine 103 (2.2%) ple 18 (0.4%) gdn conv+gates 30 (0.6%) gdn recurrence 181 (3.8%) gdn out proj 208 (4.4%)
[shipped] strata prefill timing: experts: the loop's host time 1425 ms over 48 layers (0 sorted by row count, 48 grouped by row-count class), 579840 routed rows, a J tile for each group's largest expert would pad them by 39.5%
texts: one-class == shipped: False
