device AMD Radeon(TM) 8060S Graphics gfx1151; groups of 16; uniform: 512 experts x J rows; layer: Zipf rows (3 seeds), classes 16..128
== gate/up IQ3_XXS (1.3 MB per expert)
   uniform, TOPS at J =    16    32    48    64    80    96   112   128   256
                          5.2   7.7   9.6  10.7  11.0  12.9  13.1   9.9  10.0
   layer:   28.28 ms =   9.6 TOPS; per class (<=16 .. >128) ms [rows]: 0.00[0] 4.88[5295] 3.76[4835] 2.05[3115] 1.30[2295] 1.05[1847] 0.78[1461] 0.89[1207] 13.82[21591]
== gate/up IQ2_S (1.0 MB per expert)
   uniform, TOPS at J =    16    32    48    64    80    96   112   128   256
                          4.6   7.2   8.5   9.6  10.2  11.0  11.8  10.5  10.8
   layer:   31.92 ms =   8.6 TOPS; per class (<=16 .. >128) ms [rows]: 0.02[0] 5.59[5295] 4.34[4835] 2.30[3115] 1.66[2295] 1.32[1847] 0.93[1461] 0.86[1207] 15.09[21591]
== gate/up IQ4_XS (1.7 MB per expert)
   uniform, TOPS at J =    16    32    48    64    80    96   112   128   256
                          7.8   6.5  11.9  13.0  13.4  13.9  14.0  14.4  15.2
   layer:   25.28 ms =  10.8 TOPS; per class (<=16 .. >128) ms [rows]: 0.01[0] 6.16[5295] 2.96[4835] 1.72[3115] 1.10[2295] 0.96[1847] 0.72[1461] 0.58[1207] 10.30[21591]
== gate/up IQ3_S (1.4 MB per expert)
   uniform, TOPS at J =    16    32    48    64    80    96   112   128   256
                          5.6   6.0   9.6  11.2  11.8  13.2  13.7  14.0  14.1
   layer:   28.52 ms =   9.6 TOPS; per class (<=16 .. >128) ms [rows]: 0.01[0] 6.80[5295] 3.90[4835] 2.05[3115] 1.36[2295] 1.10[1847] 0.82[1461] 0.66[1207] 11.83[21591]
== down IQ4_NL (0.9 MB per expert)
   uniform, TOPS at J =    16    32    48    64    80    96   112   128   256
                          6.2   6.7   9.8  10.4  11.2  11.6  11.3  11.8  11.9
   layer:   14.92 ms =   9.1 TOPS; per class (<=16 .. >128) ms [rows]: 0.01[0] 2.99[5295] 1.87[4835] 1.03[3115] 0.71[2295] 0.55[1847] 0.41[1461] 0.35[1207] 7.13[21591]
== down Q2_0 (0.5 MB per expert)
   uniform, TOPS at J =    16    32    48    64    80    96   112   128   256
                          6.5   6.8   9.6  10.4  11.0  11.8  11.7  11.5  12.2
   layer:   15.28 ms =   8.9 TOPS; per class (<=16 .. >128) ms [rows]: 0.01[0] 3.15[5295] 1.79[4835] 1.03[3115] 0.70[2295] 0.53[1847] 0.40[1461] 0.32[1207] 6.86[21591]
== down IQ4_XS (0.7 MB per expert)
   uniform, TOPS at J =    16    32    48    64    80    96   112   128   256
                          9.1   7.6  14.0  15.8  15.4  16.0  16.1  16.8  15.5
   layer:   10.72 ms =  12.7 TOPS; per class (<=16 .. >128) ms [rows]: 0.01[0] 2.59[5295] 1.26[4835] 0.72[3115] 0.49[2295] 0.39[1847] 0.29[1461] 0.23[1207] 4.97[21591]
== down Q8_0 (1.7 MB per expert)
   uniform, TOPS at J =    16    32    48    64    80    96   112   128   256
                          5.5   6.2   8.1   9.2   9.5  10.4  10.5  10.7  11.0
   layer:   15.98 ms =   8.5 TOPS; per class (<=16 .. >128) ms [rows]: 0.01[0] 3.25[5295] 2.04[4835] 1.17[3115] 0.79[2295] 0.65[1847] 0.46[1461] 0.36[1207] 7.62[21591]
