{"label": "one-class", "env": {"STRATA_PREFILL_MMQ_CLASSES": "0"}, "server_up_s": 12.2}
{"label": "one-class", "kind": "pp4096", "i": 0, "wall_s": 7.81, "cache_n": 0, "prompt_n": 4173, "prompt_per_second": 540.0}
{"label": "one-class", "kind": "pp4096", "i": 1, "wall_s": 7.55, "cache_n": 0, "prompt_n": 4173, "prompt_per_second": 558.1}
{"label": "one-class", "kind": "pp4096", "i": 2, "wall_s": 7.5, "cache_n": 0, "prompt_n": 4173, "prompt_per_second": 562.7}
{"label": "one-class", "kind": "pp1300", "i": 0, "wall_s": 3.66, "cache_n": 0, "prompt_n": 1664, "prompt_per_second": 461.8}
{"label": "one-class", "kind": "pp1300", "i": 1, "wall_s": 3.69, "cache_n": 0, "prompt_n": 1665, "prompt_per_second": 461.4}
{"label": "one-class", "kind": "pp1300", "i": 2, "wall_s": 3.68, "cache_n": 0, "prompt_n": 1665, "prompt_per_second": 460.3}
{"label": "one-class", "text_request": true, "wall_s": 4.84, "prompt_n": 1213, "prompt_per_second": 409.1, "predicted_per_second": 34.4}
[one-class] text:
We need answer user's request: "Continue this Python source file where it stops. Output only code." They provided a partial Python source file ending mid-class MockEngine:
...
    def __init__(self, tokenizer, script: str | list[str], max_context: int = 32768

[one-class] strata prefill timing: 4168 tokens, GPU timeline 7505 ms, wall 7547 ms, host staging 4 ms: embed+steps 161 (2.2%) hc read 717 (9.6%) gdn 956 (12.7%) qsa proj 480 (6.4%) qsa indexer 0 (0.0%) qsa select 43 (0.6%) qsa attn 625 (8.3%) router+shared 163 (2.2%) host grouping 31 (0.4%) gather 77 (1.0%) wait copy 29 (0.4%) dequant 481 (6.4%) gemm gate/up 1632 (21.7%) gemm down 780 (10.4%) combine 225 (3.0%) ple 31 (0.4%) gdn conv+gates 85 (1.1%) gdn recurrence 602 (8.0%) gdn out proj 386 (5.1%)
[one-class] strata prefill timing: experts: the loop's host time 70 ms over 48 layers (0 sorted by row count, 0 grouped by row-count class), 2000640 routed rows, a J tile for each group's largest expert would pad them by 46.2%
[one-class] strata prefill timing: 4168 tokens, GPU timeline 7273 ms, wall 7309 ms, host staging 10 ms: embed+steps 11 (0.1%) hc read 669 (9.2%) gdn 947 (13.0%) qsa proj 489 (6.7%) qsa indexer 0 (0.0%) qsa select 43 (0.6%) qsa attn 624 (8.6%) router+shared 161 (2.2%) host grouping 30 (0.4%) gather 76 (1.0%) wait copy 29 (0.4%) dequant 482 (6.6%) gemm gate/up 1613 (22.2%) gemm down 773 (10.6%) combine 225 (3.1%) ple 31 (0.4%) gdn conv+gates 86 (1.2%) gdn recurrence 601 (8.3%) gdn out proj 385 (5.3%)
[one-class] strata prefill timing: experts: the loop's host time 35 ms over 48 layers (0 sorted by row count, 0 grouped by row-count class), 2000640 routed rows, a J tile for each group's largest expert would pad them by 46.2%
[one-class] strata prefill timing: 4168 tokens, GPU timeline 7216 ms, wall 7251 ms, host staging 15 ms: embed+steps 10 (0.1%) hc read 670 (9.3%) gdn 937 (13.0%) qsa proj 469 (6.5%) qsa indexer 0 (0.0%) qsa select 43 (0.6%) qsa attn 623 (8.6%) router+shared 161 (2.2%) host grouping 30 (0.4%) gather 76 (1.0%) wait copy 27 (0.4%) dequant 483 (6.7%) gemm gate/up 1603 (22.2%) gemm down 765 (10.6%) combine 225 (3.1%) ple 30 (0.4%) gdn conv+gates 85 (1.2%) gdn recurrence 598 (8.3%) gdn out proj 382 (5.3%)
[one-class] strata prefill timing: experts: the loop's host time 36 ms over 48 layers (0 sorted by row count, 0 grouped by row-count class), 2000640 routed rows, a J tile for each group's largest expert would pad them by 46.2%
[one-class] strata prefill timing: 1659 tokens, GPU timeline 3438 ms, wall 3453 ms, host staging 17 ms: embed+steps 5 (0.2%) hc read 279 (8.1%) gdn 420 (12.2%) qsa proj 215 (6.3%) qsa indexer 0 (0.0%) qsa select 7 (0.2%) qsa attn 147 (4.3%) router+shared 77 (2.3%) host grouping 20 (0.6%) gather 30 (0.9%) wait copy 15 (0.4%) dequant 395 (11.5%) gemm gate/up 846 (24.6%) gemm down 401 (11.7%) combine 90 (2.6%) ple 12 (0.3%) gdn conv+gates 32 (0.9%) gdn recurrence 247 (7.2%) gdn out proj 200 (5.8%)
[one-class] strata prefill timing: experts: the loop's host time 27 ms over 48 layers (0 sorted by row count, 0 grouped by row-count class), 796320 routed rows, a J tile for each group's largest expert would pad them by 128.3%
[one-class] strata prefill timing: 1660 tokens, GPU timeline 3444 ms, wall 3460 ms, host staging 20 ms: embed+steps 6 (0.2%) hc read 277 (8.1%) gdn 420 (12.2%) qsa proj 216 (6.3%) qsa indexer 0 (0.0%) qsa select 7 (0.2%) qsa attn 149 (4.3%) router+shared 78 (2.3%) host grouping 20 (0.6%) gather 30 (0.9%) wait copy 14 (0.4%) dequant 393 (11.4%) gemm gate/up 848 (24.6%) gemm down 402 (11.7%) combine 92 (2.7%) ple 12 (0.4%) gdn conv+gates 32 (0.9%) gdn recurrence 249 (7.2%) gdn out proj 199 (5.8%)
[one-class] strata prefill timing: experts: the loop's host time 26 ms over 48 layers (0 sorted by row count, 0 grouped by row-count class), 796800 routed rows, a J tile for each group's largest expert would pad them by 127.7%
[one-class] strata prefill timing: 1660 tokens, GPU timeline 3451 ms, wall 3465 ms, host staging 23 ms: embed+steps 5 (0.2%) hc read 280 (8.1%) gdn 422 (12.2%) qsa proj 215 (6.2%) qsa indexer 0 (0.0%) qsa select 7 (0.2%) qsa attn 148 (4.3%) router+shared 79 (2.3%) host grouping 19 (0.6%) gather 30 (0.9%) wait copy 15 (0.4%) dequant 398 (11.5%) gemm gate/up 849 (24.6%) gemm down 402 (11.6%) combine 90 (2.6%) ple 12 (0.3%) gdn conv+gates 32 (0.9%) gdn recurrence 249 (7.2%) gdn out proj 199 (5.8%)
[one-class] strata prefill timing: experts: the loop's host time 26 ms over 48 layers (0 sorted by row count, 0 grouped by row-count class), 796800 routed rows, a J tile for each group's largest expert would pad them by 128.0%
[one-class] strata prefill timing: 1208 tokens, GPU timeline 2805 ms, wall 2816 ms, host staging 25 ms: embed+steps 66 (2.4%) hc read 203 (7.2%) gdn 329 (11.7%) qsa proj 163 (5.8%) qsa indexer 0 (0.0%) qsa select 5 (0.2%) qsa attn 86 (3.1%) router+shared 69 (2.4%) host grouping 19 (0.7%) gather 22 (0.8%) wait copy 10 (0.4%) dequant 381 (13.6%) gemm gate/up 689 (24.6%) gemm down 325 (11.6%) combine 66 (2.3%) ple 9 (0.3%) gdn conv+gates 23 (0.8%) gdn recurrence 181 (6.5%) gdn out proj 162 (5.8%)
[one-class] strata prefill timing: experts: the loop's host time 24 ms over 48 layers (0 sorted by row count, 0 grouped by row-count class), 579840 routed rows, a J tile for each group's largest expert would pad them by 169.0%
{"label": "shipped", "env": {}, "server_up_s": 12.2}
{"label": "shipped", "kind": "pp4096", "i": 0, "wall_s": 7.55, "cache_n": 0, "prompt_n": 4172, "prompt_per_second": 559.0}
{"label": "shipped", "kind": "pp4096", "i": 1, "wall_s": 7.37, "cache_n": 0, "prompt_n": 4170, "prompt_per_second": 571.4}
{"label": "shipped", "kind": "pp4096", "i": 2, "wall_s": 7.35, "cache_n": 0, "prompt_n": 4171, "prompt_per_second": 573.6}
{"label": "shipped", "kind": "pp1300", "i": 0, "wall_s": 3.46, "cache_n": 0, "prompt_n": 1664, "prompt_per_second": 491.8}
{"label": "shipped", "kind": "pp1300", "i": 1, "wall_s": 3.43, "cache_n": 0, "prompt_n": 1664, "prompt_per_second": 492.5}
{"label": "shipped", "kind": "pp1300", "i": 2, "wall_s": 3.43, "cache_n": 0, "prompt_n": 1664, "prompt_per_second": 494.9}
{"label": "shipped", "text_request": true, "wall_s": 4.61, "prompt_n": 1213, "prompt_per_second": 444.3, "predicted_per_second": 34.7}
[shipped] text:
We need answer user's request: "Continue this Python source file where it stops. Output only code." They provided a partial Python source file ending mid-class MockEngine:
...
    def __init__(self, tokenizer, script: str | list[str], max_context: int = 32768

[shipped] strata prefill timing: 4167 tokens, GPU timeline 7242 ms, wall 7284 ms, host staging 5 ms: embed+steps 110 (1.5%) hc read 721 (10.0%) gdn 951 (13.1%) qsa proj 488 (6.7%) qsa indexer 0 (0.0%) qsa select 43 (0.6%) qsa attn 625 (8.6%) router+shared 164 (2.3%) host grouping 31 (0.4%) gather 77 (1.1%) wait copy 30 (0.4%) dequant 506 (7.0%) gemm gate/up 1467 (20.3%) gemm down 705 (9.7%) combine 224 (3.1%) ple 31 (0.4%) gdn conv+gates 85 (1.2%) gdn recurrence 598 (8.3%) gdn out proj 385 (5.3%)
[shipped] strata prefill timing: experts: the loop's host time 71 ms over 48 layers (0 sorted by row count, 48 grouped by row-count class), 2000160 routed rows, a J tile for each group's largest expert would pad them by 19.5%
[shipped] strata prefill timing: 4165 tokens, GPU timeline 7088 ms, wall 7133 ms, host staging 10 ms: embed+steps 10 (0.1%) hc read 674 (9.5%) gdn 951 (13.4%) qsa proj 486 (6.9%) qsa indexer 0 (0.0%) qsa select 43 (0.6%) qsa attn 628 (8.9%) router+shared 163 (2.3%) host grouping 32 (0.5%) gather 75 (1.1%) wait copy 32 (0.4%) dequant 509 (7.2%) gemm gate/up 1447 (20.4%) gemm down 706 (10.0%) combine 225 (3.2%) ple 32 (0.4%) gdn conv+gates 86 (1.2%) gdn recurrence 604 (8.5%) gdn out proj 385 (5.4%)
[shipped] strata prefill timing: experts: the loop's host time 39 ms over 48 layers (0 sorted by row count, 48 grouped by row-count class), 1999200 routed rows, a J tile for each group's largest expert would pad them by 19.4%
[shipped] strata prefill timing: 4166 tokens, GPU timeline 7059 ms, wall 7097 ms, host staging 15 ms: embed+steps 10 (0.1%) hc read 674 (9.5%) gdn 941 (13.3%) qsa proj 466 (6.6%) qsa indexer 0 (0.0%) qsa select 43 (0.6%) qsa attn 626 (8.9%) router+shared 163 (2.3%) host grouping 32 (0.5%) gather 75 (1.1%) wait copy 30 (0.4%) dequant 504 (7.1%) gemm gate/up 1458 (20.7%) gemm down 705 (10.0%) combine 224 (3.2%) ple 30 (0.4%) gdn conv+gates 86 (1.2%) gdn recurrence 609 (8.6%) gdn out proj 382 (5.4%)
[shipped] strata prefill timing: experts: the loop's host time 40 ms over 48 layers (0 sorted by row count, 48 grouped by row-count class), 1999680 routed rows, a J tile for each group's largest expert would pad them by 19.5%
[shipped] strata prefill timing: 1659 tokens, GPU timeline 3219 ms, wall 3235 ms, host staging 18 ms: embed+steps 5 (0.2%) hc read 279 (8.7%) gdn 423 (13.1%) qsa proj 211 (6.5%) qsa indexer 0 (0.0%) qsa select 7 (0.2%) qsa attn 147 (4.6%) router+shared 80 (2.5%) host grouping 22 (0.7%) gather 30 (0.9%) wait copy 16 (0.5%) dequant 409 (12.7%) gemm gate/up 685 (21.3%) gemm down 326 (10.1%) combine 90 (2.8%) ple 13 (0.4%) gdn conv+gates 32 (1.0%) gdn recurrence 246 (7.7%) gdn out proj 198 (6.2%)
[shipped] strata prefill timing: experts: the loop's host time 31 ms over 48 layers (0 sorted by row count, 48 grouped by row-count class), 796320 routed rows, a J tile for each group's largest expert would pad them by 27.0%
[shipped] strata prefill timing: 1659 tokens, GPU timeline 3219 ms, wall 3235 ms, host staging 21 ms: embed+steps 6 (0.2%) hc read 278 (8.6%) gdn 421 (13.1%) qsa proj 215 (6.7%) qsa indexer 0 (0.0%) qsa select 7 (0.2%) qsa attn 146 (4.5%) router+shared 79 (2.5%) host grouping 21 (0.7%) gather 30 (0.9%) wait copy 18 (0.6%) dequant 401 (12.5%) gemm gate/up 686 (21.3%) gemm down 328 (10.2%) combine 89 (2.8%) ple 12 (0.4%) gdn conv+gates 32 (1.0%) gdn recurrence 249 (7.7%) gdn out proj 201 (6.3%)
[shipped] strata prefill timing: experts: the loop's host time 32 ms over 48 layers (0 sorted by row count, 48 grouped by row-count class), 796320 routed rows, a J tile for each group's largest expert would pad them by 26.7%
[shipped] strata prefill timing: 1659 tokens, GPU timeline 3205 ms, wall 3220 ms, host staging 25 ms: embed+steps 5 (0.2%) hc read 279 (8.7%) gdn 419 (13.1%) qsa proj 211 (6.6%) qsa indexer 0 (0.0%) qsa select 7 (0.2%) qsa attn 146 (4.5%) router+shared 78 (2.4%) host grouping 21 (0.6%) gather 30 (0.9%) wait copy 18 (0.6%) dequant 403 (12.6%) gemm gate/up 681 (21.3%) gemm down 324 (10.1%) combine 91 (2.8%) ple 12 (0.4%) gdn conv+gates 32 (1.0%) gdn recurrence 248 (7.8%) gdn out proj 200 (6.2%)
[shipped] strata prefill timing: experts: the loop's host time 28 ms over 48 layers (0 sorted by row count, 48 grouped by row-count class), 796320 routed rows, a J tile for each group's largest expert would pad them by 27.0%
[shipped] strata prefill timing: 1208 tokens, GPU timeline 2579 ms, wall 2590 ms, host staging 28 ms: embed+steps 62 (2.4%) hc read 200 (7.8%) gdn 328 (12.7%) qsa proj 160 (6.2%) qsa indexer 0 (0.0%) qsa select 4 (0.2%) qsa attn 85 (3.3%) router+shared 68 (2.6%) host grouping 20 (0.8%) gather 22 (0.8%) wait copy 14 (0.5%) dequant 380 (14.8%) gemm gate/up 538 (20.9%) gemm down 258 (10.0%) combine 66 (2.6%) ple 9 (0.4%) gdn conv+gates 23 (0.9%) gdn recurrence 178 (6.9%) gdn out proj 163 (6.3%)
[shipped] strata prefill timing: experts: the loop's host time 27 ms over 48 layers (0 sorted by row count, 48 grouped by row-count class), 579840 routed rows, a J tile for each group's largest expert would pad them by 28.5%
texts: one-class == shipped: True
