grid 10: 4x4 tile step: 2 float4 LDS loads + 16 FMAs          grid  10,  20000 reps:    0.733 ms =    36.7 ns per rep pe
grid 10: 32 dependent FMAs                                    grid  10,  20000 reps:    1.372 ms =    68.6 ns per rep pe
grid 20: 4x4 tile step: 2 float4 LDS loads + 16 FMAs          grid  20,  20000 reps:    0.700 ms =    35.0 ns per rep pe
grid 20: 32 dependent FMAs                                    grid  20,  20000 reps:    1.520 ms =    76.0 ns per rep pe
grid 40: 4x4 tile step: 2 float4 LDS loads + 16 FMAs          grid  40,  20000 reps:    0.807 ms =    40.4 ns per rep pe
grid 40: 32 dependent FMAs                                    grid  40,  20000 reps:    1.801 ms =    90.1 ns per rep pe
grid 60: 4x4 tile step: 2 float4 LDS loads + 16 FMAs          grid  60,  20000 reps:    0.912 ms =    45.6 ns per rep pe
grid 60: 32 dependent FMAs                                    grid  60,  20000 reps:    1.871 ms =    93.6 ns per rep pe
grid 80: 4x4 tile step: 2 float4 LDS loads + 16 FMAs          grid  80,  20000 reps:    1.894 ms =    94.7 ns per rep pe
grid 80: 32 dependent FMAs                                    grid  80,  20000 reps:    3.009 ms =   150.5 ns per rep pe
grid 120: 4x4 tile step: 2 float4 LDS loads + 16 FMAs          grid 120,  20000 reps:    1.989 ms =    99.5 ns per rep p
grid 120: 32 dependent FMAs                                    grid 120,  20000 reps:    3.477 ms =   173.9 ns per rep p
grid 160: 4x4 tile step: 2 float4 LDS loads + 16 FMAs          grid 160,  20000 reps:    3.071 ms =   153.6 ns per rep p
grid 160: 32 dependent FMAs                                    grid 160,  20000 reps:    4.916 ms =   245.8 ns per rep p
grid 192: 4x4 tile step: 2 float4 LDS loads + 16 FMAs          grid 192,  20000 reps:    4.195 ms =   209.8 ns per rep p
grid 192: 32 dependent FMAs                                    grid 192,  20000 reps:    6.061 ms =   303.0 ns per rep p
grid 240: 4x4 tile step: 2 float4 LDS loads + 16 FMAs          grid 240,  20000 reps:    4.424 ms =   221.2 ns per rep p
grid 240: 32 dependent FMAs                                    grid 240,  20000 reps:    6.765 ms =   338.3 ns per rep p
grid 320: 4x4 tile step: 2 float4 LDS loads + 16 FMAs          grid 320,  20000 reps:    7.110 ms =   355.5 ns per rep p
grid 320: 32 dependent FMAs                                    grid 320,  20000 reps:    9.307 ms =   465.4 ns per rep p
