{"config": "strata-coder-iq1_m.json", "load_s": 11.7}
{"test": "server: cold first request (short code prompt)", "wall_s": 11.79, "finish": "length", "cache_n": 0, "prompt_n": 314, "prompt_per_second": 224.5, "predicted_n": 400, "predicted_per_second": 38.6, "draft_n": 316, "draft_n_accepted": 273, "accept_pct": 86.4}
{"test": "server: fresh code prompt", "wall_s": 11.91, "finish": "length", "cache_n": 0, "prompt_n": 218, "prompt_per_second": 204.1, "predicted_n": 400, "predicted_per_second": 36.9, "draft_n": 300, "draft_n_accepted": 258, "accept_pct": 86.0}
{"test": "server: ~4.75K-token prompt, prefill + decode tail", "wall_s": 20.21, "finish": "length", "cache_n": 0, "prompt_n": 4749, "prompt_per_second": 573.0, "predicted_n": 400, "predicted_per_second": 33.6, "draft_n": 289, "draft_n_accepted": 234, "accept_pct": 81.0}
{"test": "server: repeated first prompt (reference only)", "wall_s": 11.44, "finish": "length", "cache_n": 0, "prompt_n": 314, "prompt_per_second": 262.9, "predicted_n": 400, "predicted_per_second": 39.1, "draft_n": 317, "draft_n_accepted": 270, "accept_pct": 85.2}
{"test": "pp4096 @ d0", "wall_s": 7.41, "finish": "length", "cache_n": 0, "prompt_n": 4085, "prompt_per_second": 557.5, "predicted_n": 1, "predicted_per_second": 22.8, "draft_n": 0, "draft_n_accepted": 0}
{"test": "tg128 @ d0", "wall_s": 5.84, "finish": "length", "cache_n": 0, "prompt_n": 68, "prompt_per_second": 55.5, "predicted_n": 128, "predicted_per_second": 27.9, "draft_n": 99, "draft_n_accepted": 57, "accept_pct": 57.6}
{"test": "depth 16384 prefix (cached for the next rows)", "wall_s": 27.77, "finish": "length", "cache_n": 0, "prompt_n": 16384, "prompt_per_second": 592.7, "predicted_n": 1, "predicted_per_second": 23.0, "draft_n": 0, "draft_n_accepted": 0}
{"test": "pp4096 @ d16384", "wall_s": 35.24, "finish": "length", "cache_n": 0, "prompt_n": 20421, "prompt_per_second": 581.7, "predicted_n": 1, "predicted_per_second": 22.8, "draft_n": 0, "draft_n_accepted": 0}
{"test": "tg128 @ d16384", "wall_s": 32.56, "finish": "length", "cache_n": 0, "prompt_n": 16401, "prompt_per_second": 587.1, "predicted_n": 128, "predicted_per_second": 28.1, "draft_n": 101, "draft_n_accepted": 64, "accept_pct": 63.4}
{"config": "strata-unsloth-ud-iq4_xs.json", "load_s": 36.1}
{"test": "server: cold first request (short code prompt)", "wall_s": 16.02, "finish": "length", "cache_n": 0, "prompt_n": 314, "prompt_per_second": 128.1, "predicted_n": 400, "predicted_per_second": 29.5, "draft_n": 303, "draft_n_accepted": 280, "accept_pct": 92.4}
{"test": "server: fresh code prompt", "wall_s": 16.73, "finish": "length", "cache_n": 0, "prompt_n": 218, "prompt_per_second": 137.9, "predicted_n": 400, "predicted_per_second": 26.5, "draft_n": 293, "draft_n_accepted": 253, "accept_pct": 86.3}
{"test": "server: ~4.75K-token prompt, prefill + decode tail", "wall_s": 31.88, "finish": "length", "cache_n": 0, "prompt_n": 4749, "prompt_per_second": 341.3, "predicted_n": 400, "predicted_per_second": 22.3, "draft_n": 286, "draft_n_accepted": 214, "accept_pct": 74.8}
{"test": "server: repeated first prompt (reference only)", "wall_s": 14.97, "finish": "length", "cache_n": 0, "prompt_n": 314, "prompt_per_second": 173.6, "predicted_n": 400, "predicted_per_second": 30.4, "draft_n": 316, "draft_n_accepted": 289, "accept_pct": 91.5}
{"test": "pp4096 @ d0", "wall_s": 12.29, "finish": "length", "cache_n": 0, "prompt_n": 4085, "prompt_per_second": 335.0, "predicted_n": 1, "predicted_per_second": 15.7, "draft_n": 0, "draft_n_accepted": 0}
{"test": "tg128 @ d0", "wall_s": 7.72, "finish": "length", "cache_n": 0, "prompt_n": 68, "prompt_per_second": 41.5, "predicted_n": 128, "predicted_per_second": 21.1, "draft_n": 95, "draft_n_accepted": 62, "accept_pct": 65.3}
{"test": "depth 16384 prefix (cached for the next rows)", "wall_s": 46.13, "finish": "length", "cache_n": 0, "prompt_n": 16384, "prompt_per_second": 356.2, "predicted_n": 1, "predicted_per_second": 15.3, "draft_n": 0, "draft_n_accepted": 0}
{"test": "pp4096 @ d16384", "wall_s": 58.3, "finish": "length", "cache_n": 0, "prompt_n": 20421, "prompt_per_second": 351.2, "predicted_n": 1, "predicted_per_second": 17.0, "draft_n": 0, "draft_n_accepted": 0}
{"test": "tg128 @ d16384", "wall_s": 53.11, "finish": "length", "cache_n": 0, "prompt_n": 16401, "prompt_per_second": 354.1, "predicted_n": 128, "predicted_per_second": 19.1, "draft_n": 96, "draft_n_accepted": 56, "accept_pct": 58.3}
