{"config": "strata-coder-iq1_m.json", "load_s": 11.2}
{"test": "server: cold first request (short code prompt)", "wall_s": 12.04, "finish": "length", "cache_n": 0, "prompt_n": 314, "prompt_per_second": 226.1, "predicted_n": 400, "predicted_per_second": 37.7, "draft_n": 318, "draft_n_accepted": 273, "accept_pct": 85.8}
{"test": "server: fresh code prompt", "wall_s": 11.86, "finish": "length", "cache_n": 0, "prompt_n": 218, "prompt_per_second": 203.1, "predicted_n": 400, "predicted_per_second": 37.2, "draft_n": 297, "draft_n_accepted": 259, "accept_pct": 87.2}
{"test": "server: ~4.75K-token prompt, prefill + decode tail", "wall_s": 20.74, "finish": "length", "cache_n": 0, "prompt_n": 4749, "prompt_per_second": 564.7, "predicted_n": 400, "predicted_per_second": 32.5, "draft_n": 291, "draft_n_accepted": 234, "accept_pct": 80.4}
{"test": "server: repeated first prompt (reference only)", "wall_s": 11.71, "finish": "length", "cache_n": 0, "prompt_n": 314, "prompt_per_second": 261.1, "predicted_n": 400, "predicted_per_second": 38.1, "draft_n": 317, "draft_n_accepted": 270, "accept_pct": 85.2}
{"test": "pp4096 @ d0", "wall_s": 7.16, "finish": "length", "cache_n": 0, "prompt_n": 4085, "prompt_per_second": 577.4, "predicted_n": 1, "predicted_per_second": 23.4, "draft_n": 0, "draft_n_accepted": 0}
{"test": "tg128 @ d0", "wall_s": 5.8, "finish": "length", "cache_n": 0, "prompt_n": 68, "prompt_per_second": 56.4, "predicted_n": 128, "predicted_per_second": 27.9, "draft_n": 99, "draft_n_accepted": 57, "accept_pct": 57.6}
{"test": "depth 16384 prefix (cached for the next rows)", "wall_s": 27.74, "finish": "length", "cache_n": 0, "prompt_n": 16384, "prompt_per_second": 593.4, "predicted_n": 1, "predicted_per_second": 22.7, "draft_n": 0, "draft_n_accepted": 0}
{"test": "pp4096 @ d16384", "wall_s": 34.45, "finish": "length", "cache_n": 0, "prompt_n": 20421, "prompt_per_second": 595.2, "predicted_n": 1, "predicted_per_second": 23.3, "draft_n": 0, "draft_n_accepted": 0}
{"test": "tg128 @ d16384", "wall_s": 32.23, "finish": "length", "cache_n": 0, "prompt_n": 16401, "prompt_per_second": 594.7, "predicted_n": 128, "predicted_per_second": 28.0, "draft_n": 99, "draft_n_accepted": 64, "accept_pct": 64.6}
{"config": "strata-unsloth-ud-iq4_xs.json", "load_s": 36.2}
{"test": "server: cold first request (short code prompt)", "wall_s": 15.4, "finish": "length", "cache_n": 0, "prompt_n": 314, "prompt_per_second": 138.5, "predicted_n": 400, "predicted_per_second": 30.6, "draft_n": 314, "draft_n_accepted": 290, "accept_pct": 92.4}
{"test": "server: fresh code prompt", "wall_s": 16.87, "finish": "length", "cache_n": 0, "prompt_n": 218, "prompt_per_second": 150.7, "predicted_n": 400, "predicted_per_second": 25.9, "draft_n": 303, "draft_n_accepted": 248, "accept_pct": 81.8}
{"test": "server: ~4.75K-token prompt, prefill + decode tail", "wall_s": 31.34, "finish": "length", "cache_n": 0, "prompt_n": 4749, "prompt_per_second": 351.7, "predicted_n": 400, "predicted_per_second": 22.5, "draft_n": 291, "draft_n_accepted": 217, "accept_pct": 74.6}
{"test": "server: repeated first prompt (reference only)", "wall_s": 14.69, "finish": "length", "cache_n": 0, "prompt_n": 314, "prompt_per_second": 181.5, "predicted_n": 400, "predicted_per_second": 30.9, "draft_n": 315, "draft_n_accepted": 293, "accept_pct": 93.0}
{"test": "pp4096 @ d0", "wall_s": 11.77, "finish": "length", "cache_n": 0, "prompt_n": 4085, "prompt_per_second": 349.4, "predicted_n": 1, "predicted_per_second": 16.4, "draft_n": 0, "draft_n_accepted": 0}
{"test": "tg128 @ d0", "wall_s": 7.73, "finish": "length", "cache_n": 0, "prompt_n": 68, "prompt_per_second": 41.4, "predicted_n": 128, "predicted_per_second": 21.0, "draft_n": 90, "draft_n_accepted": 60, "accept_pct": 66.7}
{"test": "depth 16384 prefix (cached for the next rows)", "wall_s": 46.09, "finish": "length", "cache_n": 0, "prompt_n": 16384, "prompt_per_second": 356.7, "predicted_n": 1, "predicted_per_second": 15.5, "draft_n": 0, "draft_n_accepted": 0}
{"test": "pp4096 @ d16384", "wall_s": 58.14, "finish": "length", "cache_n": 0, "prompt_n": 20421, "prompt_per_second": 352.1, "predicted_n": 1, "predicted_per_second": 16.2, "draft_n": 0, "draft_n_accepted": 0}
{"test": "tg128 @ d16384", "wall_s": 52.7, "finish": "length", "cache_n": 0, "prompt_n": 16401, "prompt_per_second": 356.9, "predicted_n": 128, "predicted_per_second": 19.2, "draft_n": 103, "draft_n_accepted": 57, "accept_pct": 55.3}
