T=1 serial output hash bd8b1a7ed7ba699c
T=1: the chunked path declined (expected below 11)
T=7 serial output hash a1135e099fd87298
T=7: the chunked path declined (expected below 11)
T=63 serial output hash ccad62f205eee169
T=63 chunked vs serial: y rel_l2 4.43e-04 max_abs 4.87e-03, state rel_l2 2.97e-04 max_abs 5.19e-04, fp16 y differing 210230 of 387072 (54.31%)
        against double: serial y 1.84e-07 state 7.13e-08 | chunked y 4.43e-04 state 2.97e-04
T=64 serial output hash dceb39331450f90b
T=64 chunked vs serial: y rel_l2 4.53e-04 max_abs 6.67e-03, state rel_l2 2.97e-04 max_abs 4.40e-04, fp16 y differing 214641 of 393216 (54.59%)
        against double: serial y 1.88e-07 state 7.36e-08 | chunked y 4.53e-04 state 2.97e-04
T=65 serial output hash d6e32f406015a470
T=65 chunked vs serial: y rel_l2 4.40e-04 max_abs 4.37e-03, state rel_l2 2.96e-04 max_abs 5.26e-04, fp16 y differing 215786 of 399360 (54.03%)
        against double: serial y 1.85e-07 state 7.47e-08 | chunked y 4.40e-04 state 2.96e-04
T=130 serial output hash 9fbd7d8426f7d225
T=130 chunked vs serial: y rel_l2 4.33e-04 max_abs 5.08e-03, state rel_l2 2.92e-04 max_abs 5.02e-04, fp16 y differing 433892 of 798720 (54.32%)
        against double: serial y 1.83e-07 state 7.25e-08 | chunked y 4.33e-04 state 2.92e-04
T=333 serial output hash 4572aaec74708973
T=333 chunked vs serial: y rel_l2 4.40e-04 max_abs 6.83e-03, state rel_l2 2.93e-04 max_abs 3.97e-04, fp16 y differing 1115856 of 2045952 (54.54%)
        against double: serial y 1.85e-07 state 7.44e-08 | chunked y 4.40e-04 state 2.93e-04
T=1024 serial output hash c9902ffd19ea94ff
T=1024 chunked vs serial: y rel_l2 4.46e-04 max_abs 8.92e-03, state rel_l2 2.97e-04 max_abs 4.00e-04, fp16 y differing 3429052 of 6291456 (54.50%)
T=4165 serial output hash 643cf67f1c13bfb8
T=4165 chunked vs serial: y rel_l2 4.48e-04 max_abs 1.15e-02, state rel_l2 2.94e-04 max_abs 4.91e-04, fp16 y differing 13960011 of 25589760 (54.55%)
T=1024: serial 4.1 ms, chunked 5.2 ms (0.8x)
T=4165: serial 17.1 ms, chunked 23.3 ms (0.7x)
T=8192: serial 32.3 ms, chunked 41.2 ms (0.8x)
PASSED
