# 2026-10-06-3060m-mmq-tiles.cu on the RTX 3060 Laptop GPU (sm_86, driver 580.142, CUDA 13.0), build/ of branch 3060M, GPU idle otherwise.
# Run 1:
device NVIDIA GeForce RTX 3060 Laptop GPU sm_86; groups of 16; uniform: 512 experts x J rows; layer: Zipf rows (3 seeds), classes 16..128
== gate/up IQ3_XXS (1.3 MB per expert)
   uniform, TOPS at J =    16    32    48    64    80    96   112   128   256
                          7.9  13.9  18.9  25.8  27.8  30.1  32.1  33.7  33.6
   layer:   12.11 ms =  22.5 TOPS; per class (<=16 .. >128) ms [rows]: 0.00[0] 2.70[5295] 1.83[4835] 0.93[3115] 0.61[2295] 0.46[1847] 0.32[1461] 0.26[1207] 4.84[21591]
== gate/up IQ2_S (1.0 MB per expert)
   uniform, TOPS at J =    16    32    48    64    80    96   112   128   256
                         10.2  14.0  18.7  21.4  24.6  25.9  27.2  28.2  28.5
   layer:   13.88 ms =  19.7 TOPS; per class (<=16 .. >128) ms [rows]: 0.00[0] 2.85[5295] 2.06[4835] 1.15[3115] 0.71[2295] 0.54[1847] 0.40[1461] 0.32[1207] 5.72[21591]
== gate/up IQ4_XS (1.7 MB per expert)
   uniform, TOPS at J =    16    32    48    64    80    96   112   128   256
                         12.1  18.8  24.9  28.3  30.8  33.4  34.5  35.8  36.8
   layer:   10.86 ms =  25.1 TOPS; per class (<=16 .. >128) ms [rows]: 0.00[0] 2.37[5295] 1.55[4835] 0.84[3115] 0.55[2295] 0.42[1847] 0.30[1461] 0.24[1207] 4.40[21591]
== gate/up IQ3_S (1.4 MB per expert)
   uniform, TOPS at J =    16    32    48    64    80    96   112   128   256
                          9.6  14.4  20.6  24.2  26.7  29.4  31.0  32.7  32.6
   layer:   12.62 ms =  21.6 TOPS; per class (<=16 .. >128) ms [rows]: 0.00[0] 2.91[5295] 1.89[4835] 0.98[3115] 0.63[2295] 0.47[1847] 0.34[1461] 0.27[1207] 4.96[21591]
== down IQ4_NL (0.9 MB per expert)
   uniform, TOPS at J =    16    32    48    64    80    96   112   128   256
                         10.0  15.2  16.3  19.5  20.9  24.2  25.1  25.9  26.5
   layer:    7.48 ms =  18.2 TOPS; per class (<=16 .. >128) ms [rows]: 0.00[0] 1.42[5295] 1.12[4835] 0.61[3115] 0.40[2295] 0.30[1847] 0.21[1461] 0.17[1207] 3.19[21591]
== down Q2_0 (0.5 MB per expert)
   uniform, TOPS at J =    16    32    48    64    80    96   112   128   256
                         13.7  19.2  23.5  19.9  22.5  24.8  26.0  27.2  27.6
   layer:    6.72 ms =  20.3 TOPS; per class (<=16 .. >128) ms [rows]: 0.00[0] 1.15[5295] 0.80[4835] 0.57[3115] 0.37[2295] 0.29[1847] 0.21[1461] 0.17[1207] 3.15[21591]
== down IQ4_XS (0.7 MB per expert)
   uniform, TOPS at J =    16    32    48    64    80    96   112   128   256
                         15.1  23.3  25.2  27.1  29.4  32.4  32.9  35.6  37.2
   layer:    5.28 ms =  25.9 TOPS; per class (<=16 .. >128) ms [rows]: 0.00[0] 0.97[5295] 0.80[4835] 0.44[3115] 0.28[2295] 0.22[1847] 0.16[1461] 0.13[1207] 2.26[21591]
== down Q8_0 (1.7 MB per expert)
   uniform, TOPS at J =    16    32    48    64    80    96   112   128   256
                          6.0  11.3  14.2  17.0  18.3  21.3  22.2  23.1  25.2
   layer:    8.44 ms =  16.2 TOPS; per class (<=16 .. >128) ms [rows]: 0.00[0] 1.88[5295] 1.36[4835] 0.71[3115] 0.46[2295] 0.33[1847] 0.23[1461] 0.18[1207] 3.13[21591]
# Run 2 (nvidia-smi every 200 ms: SM clock 1582-1762 MHz, mean 1656; 35 W mean, 38.6 W max; memory 7001 MHz):
device NVIDIA GeForce RTX 3060 Laptop GPU sm_86; groups of 16; uniform: 512 experts x J rows; layer: Zipf rows (3 seeds), classes 16..128
== gate/up IQ3_XXS (1.3 MB per expert)
   uniform, TOPS at J =    16    32    48    64    80    96   112   128   256
                          7.9  16.3  21.6  25.8  27.5  29.9  32.1  33.5  33.5
   layer:   12.15 ms =  22.5 TOPS; per class (<=16 .. >128) ms [rows]: 0.00[0] 2.71[5295] 1.83[4835] 0.93[3115] 0.61[2295] 0.46[1847] 0.32[1461] 0.26[1207] 4.81[21591]
== gate/up IQ2_S (1.0 MB per expert)
   uniform, TOPS at J =    16    32    48    64    80    96   112   128   256
                         10.0  14.1  18.7  21.4  24.7  25.8  27.2  28.2  28.5
   layer:   13.92 ms =  19.6 TOPS; per class (<=16 .. >128) ms [rows]: 0.00[0] 2.86[5295] 2.07[4835] 1.15[3115] 0.71[2295] 0.54[1847] 0.40[1461] 0.32[1207] 5.76[21591]
== gate/up IQ4_XS (1.7 MB per expert)
   uniform, TOPS at J =    16    32    48    64    80    96   112   128   256
                         12.1  18.9  25.0  28.1  30.8  33.3  34.6  35.8  36.7
   layer:   10.89 ms =  25.1 TOPS; per class (<=16 .. >128) ms [rows]: 0.00[0] 2.37[5295] 1.56[4835] 0.84[3115] 0.55[2295] 0.42[1847] 0.30[1461] 0.25[1207] 4.41[21591]
== gate/up IQ3_S (1.4 MB per expert)
   uniform, TOPS at J =    16    32    48    64    80    96   112   128   256
                          9.5  14.4  20.6  24.2  26.7  29.3  31.0  32.7  32.6
   layer:   12.60 ms =  21.7 TOPS; per class (<=16 .. >128) ms [rows]: 0.00[0] 2.92[5295] 1.89[4835] 0.98[3115] 0.63[2295] 0.47[1847] 0.34[1461] 0.27[1207] 4.97[21591]
== down IQ4_NL (0.9 MB per expert)
   uniform, TOPS at J =    16    32    48    64    80    96   112   128   256
                         10.0  15.3  16.9  19.9  21.0  24.2  25.0  25.8  26.4
   layer:    7.51 ms =  18.2 TOPS; per class (<=16 .. >128) ms [rows]: 0.00[0] 1.43[5295] 1.12[4835] 0.61[3115] 0.40[2295] 0.30[1847] 0.21[1461] 0.17[1207] 3.20[21591]
== down Q2_0 (0.5 MB per expert)
   uniform, TOPS at J =    16    32    48    64    80    96   112   128   256
                         13.6  19.1  23.6  20.2  22.5  24.8  25.9  27.2  27.4
   layer:    6.74 ms =  20.2 TOPS; per class (<=16 .. >128) ms [rows]: 0.00[0] 1.15[5295] 0.80[4835] 0.57[3115] 0.37[2295] 0.29[1847] 0.21[1461] 0.17[1207] 3.15[21591]
== down IQ4_XS (0.7 MB per expert)
   uniform, TOPS at J =    16    32    48    64    80    96   112   128   256
                         15.0  23.1  24.1  27.4  29.6  32.5  32.8  35.6  37.1
   layer:    5.30 ms =  25.7 TOPS; per class (<=16 .. >128) ms [rows]: 0.00[0] 0.97[5295] 0.80[4835] 0.44[3115] 0.28[2295] 0.22[1847] 0.16[1461] 0.13[1207] 2.27[21591]
== down Q8_0 (1.7 MB per expert)
   uniform, TOPS at J =    16    32    48    64    80    96   112   128   256
                          6.0  11.3  14.2  17.0  18.3  21.2  22.3  23.1  25.2
   layer:    8.50 ms =  16.1 TOPS; per class (<=16 .. >128) ms [rows]: 0.00[0] 1.89[5295] 1.36[4835] 0.71[3115] 0.46[2295] 0.33[1847] 0.23[1461] 0.18[1207] 3.17[21591]
