device AMD Radeon(TM) 8060S Graphics gfx1151; groups of 16; uniform: 512 experts x J rows; layer: Zipf rows (3 seeds), classes 16..128
== gate/up IQ3_XXS (1.3 MB per expert)
   uniform, TOPS at J =    16    32    48    64    80    96   112   128   256
                          5.2   7.1   9.4  10.6  10.9  12.7  12.2  12.7  13.5
   layer:   25.96 ms =  10.5 TOPS; per class (<=16 .. >128) ms [rows]: 0.02[0] 4.50[5295] 3.61[4835] 2.01[3115] 1.29[2295] 1.06[1847] 0.77[1461] 0.67[1207] 11.59[21591]
== gate/up IQ2_S (1.0 MB per expert)
   uniform, TOPS at J =    16    32    48    64    80    96   112   128   256
                          4.6   7.4   8.3   9.5  10.5  11.3  11.8  11.6  11.8
   layer:   30.29 ms =   9.0 TOPS; per class (<=16 .. >128) ms [rows]: 0.02[0] 5.08[5295] 4.23[4835] 2.30[3115] 1.55[2295] 1.29[1847] 0.88[1461] 0.81[1207] 13.74[21591]
== gate/up IQ4_XS (1.7 MB per expert)
   uniform, TOPS at J =    16    32    48    64    80    96   112   128   256
                          7.9   9.6  12.5  13.4  13.9  14.5  14.7  14.4  15.6
   layer:   22.42 ms =  12.2 TOPS; per class (<=16 .. >128) ms [rows]: 0.01[0] 3.95[5295] 3.00[4835] 1.64[3115] 1.14[2295] 0.94[1847] 0.70[1461] 0.65[1207] 10.43[21591]
== gate/up IQ3_S (1.4 MB per expert)
   uniform, TOPS at J =    16    32    48    64    80    96   112   128   256
                          5.3   8.4  10.0  11.2  11.8  12.5  12.6  12.5  13.1
   layer:   26.69 ms =  10.2 TOPS; per class (<=16 .. >128) ms [rows]: 0.02[0] 4.63[5295] 3.72[4835] 2.09[3115] 1.33[2295] 1.07[1847] 0.82[1461] 0.69[1207] 12.17[21591]
== down IQ4_NL (0.9 MB per expert)
   uniform, TOPS at J =    16    32    48    64    80    96   112   128   256
                          6.0   8.3   9.8  10.4  10.6  11.3  11.4  11.6  11.5
   layer:   14.21 ms =   9.6 TOPS; per class (<=16 .. >128) ms [rows]: 0.01[0] 2.11[5295] 1.89[4835] 1.05[3115] 0.72[2295] 0.59[1847] 0.40[1461] 0.33[1207] 7.08[21591]
== down Q2_0 (0.5 MB per expert)
   uniform, TOPS at J =    16    32    48    64    80    96   112   128   256
                          6.2   8.9   9.1  10.2  10.8  11.3  11.1  11.6  11.8
   layer:   14.42 ms =   9.5 TOPS; per class (<=16 .. >128) ms [rows]: 0.01[0] 2.20[5295] 1.96[4835] 1.02[3115] 0.69[2295] 0.54[1847] 0.40[1461] 0.33[1207] 7.10[21591]
== down IQ4_XS (0.7 MB per expert)
   uniform, TOPS at J =    16    32    48    64    80    96   112   128   256
                          9.2  11.3  13.8  14.2  14.5  15.1  15.3  15.9  15.7
   layer:   10.73 ms =  12.7 TOPS; per class (<=16 .. >128) ms [rows]: 0.00[0] 1.84[5295] 1.39[4835] 0.78[3115] 0.52[2295] 0.41[1847] 0.30[1461] 0.25[1207] 5.06[21591]
== down Q8_0 (1.7 MB per expert)
   uniform, TOPS at J =    16    32    48    64    80    96   112   128   256
                          5.4   7.4   8.2   8.8   9.1   9.4  10.1  10.4  11.5
   layer:   15.82 ms =   8.6 TOPS; per class (<=16 .. >128) ms [rows]: 0.01[0] 2.48[5295] 2.22[4835] 1.22[3115] 0.84[2295] 0.68[1847] 0.49[1461] 0.37[1207] 7.41[21591]
