{"config": "tmp-coder-todo2a-engine.json", "load_s": 15.4}
{"test": "server: cold first request (short code prompt)", "wall_s": 12.55, "finish": "length", "cache_n": 0, "prompt_n": 314, "prompt_per_second": 194.3, "predicted_n": 400, "predicted_per_second": 36.6, "draft_n": 316, "draft_n_accepted": 273, "accept_pct": 86.4}
{"test": "server: fresh code prompt", "wall_s": 11.73, "finish": "length", "cache_n": 0, "prompt_n": 218, "prompt_per_second": 196.7, "predicted_n": 400, "predicted_per_second": 37.8, "draft_n": 292, "draft_n_accepted": 258, "accept_pct": 88.4}
{"test": "server: ~4.75K-token prompt, prefill + decode tail", "wall_s": 20.16, "finish": "length", "cache_n": 0, "prompt_n": 4749, "prompt_per_second": 577.6, "predicted_n": 400, "predicted_per_second": 33.6, "draft_n": 291, "draft_n_accepted": 234, "accept_pct": 80.4}
{"test": "server: repeated first prompt (reference only)", "wall_s": 11.5, "finish": "length", "cache_n": 0, "prompt_n": 314, "prompt_per_second": 260.8, "predicted_n": 400, "predicted_per_second": 38.9, "draft_n": 317, "draft_n_accepted": 270, "accept_pct": 85.2}
{"test": "pp4096 @ d0", "wall_s": 7.27, "finish": "length", "cache_n": 0, "prompt_n": 4085, "prompt_per_second": 568.0, "predicted_n": 1, "predicted_per_second": 23.4, "draft_n": 0, "draft_n_accepted": 0}
{"test": "tg128 @ d0", "wall_s": 5.85, "finish": "length", "cache_n": 0, "prompt_n": 68, "prompt_per_second": 54.3, "predicted_n": 128, "predicted_per_second": 28.0, "draft_n": 99, "draft_n_accepted": 57, "accept_pct": 57.6}
{"test": "depth 16384 prefix (cached for the next rows)", "wall_s": 27.7, "finish": "length", "cache_n": 0, "prompt_n": 16384, "prompt_per_second": 594.2, "predicted_n": 1, "predicted_per_second": 23.0, "draft_n": 0, "draft_n_accepted": 0}
{"test": "pp4096 @ d16384", "wall_s": 34.88, "finish": "length", "cache_n": 0, "prompt_n": 20421, "prompt_per_second": 588.0, "predicted_n": 1, "predicted_per_second": 23.0, "draft_n": 0, "draft_n_accepted": 0}
{"test": "tg128 @ d16384", "wall_s": 32.5, "finish": "length", "cache_n": 0, "prompt_n": 16401, "prompt_per_second": 589.4, "predicted_n": 128, "predicted_per_second": 27.9, "draft_n": 101, "draft_n_accepted": 64, "accept_pct": 63.4}
{"config": "strata-coder-iq1_m.json", "load_s": 11.6}
{"test": "server: cold first request (short code prompt)", "wall_s": 11.86, "finish": "length", "cache_n": 0, "prompt_n": 314, "prompt_per_second": 211.5, "predicted_n": 400, "predicted_per_second": 38.6, "draft_n": 318, "draft_n_accepted": 273, "accept_pct": 85.8}
{"test": "server: fresh code prompt", "wall_s": 11.69, "finish": "length", "cache_n": 0, "prompt_n": 218, "prompt_per_second": 203.8, "predicted_n": 400, "predicted_per_second": 37.7, "draft_n": 295, "draft_n_accepted": 259, "accept_pct": 87.8}
{"test": "server: ~4.75K-token prompt, prefill + decode tail", "wall_s": 20.2, "finish": "length", "cache_n": 0, "prompt_n": 4749, "prompt_per_second": 582.6, "predicted_n": 400, "predicted_per_second": 33.3, "draft_n": 291, "draft_n_accepted": 234, "accept_pct": 80.4}
{"test": "server: repeated first prompt (reference only)", "wall_s": 11.51, "finish": "length", "cache_n": 0, "prompt_n": 314, "prompt_per_second": 261.6, "predicted_n": 400, "predicted_per_second": 38.9, "draft_n": 317, "draft_n_accepted": 270, "accept_pct": 85.2}
{"test": "pp4096 @ d0", "wall_s": 7.17, "finish": "length", "cache_n": 0, "prompt_n": 4085, "prompt_per_second": 576.0, "predicted_n": 1, "predicted_per_second": 23.6, "draft_n": 0, "draft_n_accepted": 0}
{"test": "tg128 @ d0", "wall_s": 5.88, "finish": "length", "cache_n": 0, "prompt_n": 68, "prompt_per_second": 54.1, "predicted_n": 128, "predicted_per_second": 27.9, "draft_n": 99, "draft_n_accepted": 57, "accept_pct": 57.6}
{"test": "depth 16384 prefix (cached for the next rows)", "wall_s": 27.35, "finish": "length", "cache_n": 0, "prompt_n": 16384, "prompt_per_second": 602.0, "predicted_n": 1, "predicted_per_second": 23.1, "draft_n": 0, "draft_n_accepted": 0}
{"test": "pp4096 @ d16384", "wall_s": 34.5, "finish": "length", "cache_n": 0, "prompt_n": 20421, "prompt_per_second": 594.3, "predicted_n": 1, "predicted_per_second": 23.1, "draft_n": 0, "draft_n_accepted": 0}
{"test": "tg128 @ d16384", "wall_s": 32.23, "finish": "length", "cache_n": 0, "prompt_n": 16401, "prompt_per_second": 595.5, "predicted_n": 128, "predicted_per_second": 27.7, "draft_n": 101, "draft_n_accepted": 64, "accept_pct": 63.4}
{"config": "tmp-coder-todo2a-engine.json", "load_s": 11.7}
{"test": "server: cold first request (short code prompt)", "wall_s": 11.76, "finish": "length", "cache_n": 0, "prompt_n": 314, "prompt_per_second": 223.7, "predicted_n": 400, "predicted_per_second": 38.8, "draft_n": 318, "draft_n_accepted": 273, "accept_pct": 85.8}
{"test": "server: fresh code prompt", "wall_s": 11.67, "finish": "length", "cache_n": 0, "prompt_n": 218, "prompt_per_second": 201.3, "predicted_n": 400, "predicted_per_second": 37.8, "draft_n": 295, "draft_n_accepted": 259, "accept_pct": 87.8}
{"test": "server: ~4.75K-token prompt, prefill + decode tail", "wall_s": 20.18, "finish": "length", "cache_n": 0, "prompt_n": 4749, "prompt_per_second": 577.5, "predicted_n": 400, "predicted_per_second": 33.6, "draft_n": 291, "draft_n_accepted": 234, "accept_pct": 80.4}
{"test": "server: repeated first prompt (reference only)", "wall_s": 11.51, "finish": "length", "cache_n": 0, "prompt_n": 314, "prompt_per_second": 254.4, "predicted_n": 400, "predicted_per_second": 39.0, "draft_n": 317, "draft_n_accepted": 270, "accept_pct": 85.2}
{"test": "pp4096 @ d0", "wall_s": 7.23, "finish": "length", "cache_n": 0, "prompt_n": 4085, "prompt_per_second": 571.1, "predicted_n": 1, "predicted_per_second": 23.3, "draft_n": 0, "draft_n_accepted": 0}
{"test": "tg128 @ d0", "wall_s": 5.94, "finish": "length", "cache_n": 0, "prompt_n": 68, "prompt_per_second": 53.3, "predicted_n": 128, "predicted_per_second": 27.6, "draft_n": 99, "draft_n_accepted": 57, "accept_pct": 57.6}
{"test": "depth 16384 prefix (cached for the next rows)", "wall_s": 27.68, "finish": "length", "cache_n": 0, "prompt_n": 16384, "prompt_per_second": 594.2, "predicted_n": 1, "predicted_per_second": 23.4, "draft_n": 0, "draft_n_accepted": 0}
{"test": "pp4096 @ d16384", "wall_s": 34.98, "finish": "length", "cache_n": 0, "prompt_n": 20421, "prompt_per_second": 586.1, "predicted_n": 1, "predicted_per_second": 23.0, "draft_n": 0, "draft_n_accepted": 0}
{"test": "tg128 @ d16384", "wall_s": 32.4, "finish": "length", "cache_n": 0, "prompt_n": 16401, "prompt_per_second": 589.8, "predicted_n": 128, "predicted_per_second": 28.4, "draft_n": 99, "draft_n_accepted": 64, "accept_pct": 64.6}
{"config": "strata-coder-iq1_m.json", "load_s": 11.7}
{"test": "server: cold first request (short code prompt)", "wall_s": 11.74, "finish": "length", "cache_n": 0, "prompt_n": 314, "prompt_per_second": 226.9, "predicted_n": 400, "predicted_per_second": 38.8, "draft_n": 318, "draft_n_accepted": 273, "accept_pct": 85.8}
{"test": "server: fresh code prompt", "wall_s": 11.73, "finish": "length", "cache_n": 0, "prompt_n": 218, "prompt_per_second": 204.0, "predicted_n": 400, "predicted_per_second": 37.6, "draft_n": 297, "draft_n_accepted": 259, "accept_pct": 87.2}
{"test": "server: ~4.75K-token prompt, prefill + decode tail", "wall_s": 20.02, "finish": "length", "cache_n": 0, "prompt_n": 4749, "prompt_per_second": 583.1, "predicted_n": 400, "predicted_per_second": 33.8, "draft_n": 287, "draft_n_accepted": 236, "accept_pct": 82.2}
{"test": "server: repeated first prompt (reference only)", "wall_s": 11.64, "finish": "length", "cache_n": 0, "prompt_n": 314, "prompt_per_second": 263.5, "predicted_n": 400, "predicted_per_second": 38.4, "draft_n": 314, "draft_n_accepted": 272, "accept_pct": 86.6}
{"test": "pp4096 @ d0", "wall_s": 7.32, "finish": "length", "cache_n": 0, "prompt_n": 4085, "prompt_per_second": 564.3, "predicted_n": 1, "predicted_per_second": 23.3, "draft_n": 0, "draft_n_accepted": 0}
{"test": "tg128 @ d0", "wall_s": 5.87, "finish": "length", "cache_n": 0, "prompt_n": 68, "prompt_per_second": 52.9, "predicted_n": 128, "predicted_per_second": 28.0, "draft_n": 98, "draft_n_accepted": 58, "accept_pct": 59.2}
{"test": "depth 16384 prefix (cached for the next rows)", "wall_s": 27.31, "finish": "length", "cache_n": 0, "prompt_n": 16384, "prompt_per_second": 602.9, "predicted_n": 1, "predicted_per_second": 23.3, "draft_n": 0, "draft_n_accepted": 0}
{"test": "pp4096 @ d16384", "wall_s": 34.38, "finish": "length", "cache_n": 0, "prompt_n": 20421, "prompt_per_second": 596.4, "predicted_n": 1, "predicted_per_second": 23.0, "draft_n": 0, "draft_n_accepted": 0}
{"test": "tg128 @ d16384", "wall_s": 32.28, "finish": "length", "cache_n": 0, "prompt_n": 16401, "prompt_per_second": 594.6, "predicted_n": 128, "predicted_per_second": 27.7, "draft_n": 101, "draft_n_accepted": 64, "accept_pct": 63.4}
{"config": "tmp-coder-todo2a-engine.json", "load_s": 12.7}
{"test": "server: cold first request (short code prompt)", "wall_s": 12.08, "finish": "length", "cache_n": 0, "prompt_n": 314, "prompt_per_second": 209.5, "predicted_n": 400, "predicted_per_second": 38.0, "draft_n": 318, "draft_n_accepted": 273, "accept_pct": 85.8}
{"test": "server: fresh code prompt", "wall_s": 11.59, "finish": "length", "cache_n": 0, "prompt_n": 218, "prompt_per_second": 199.3, "predicted_n": 400, "predicted_per_second": 38.2, "draft_n": 297, "draft_n_accepted": 259, "accept_pct": 87.2}
{"test": "server: ~4.75K-token prompt, prefill + decode tail", "wall_s": 19.9, "finish": "length", "cache_n": 0, "prompt_n": 4749, "prompt_per_second": 589.3, "predicted_n": 400, "predicted_per_second": 33.8, "draft_n": 291, "draft_n_accepted": 234, "accept_pct": 80.4}
{"test": "server: repeated first prompt (reference only)", "wall_s": 11.27, "finish": "length", "cache_n": 0, "prompt_n": 314, "prompt_per_second": 261.6, "predicted_n": 400, "predicted_per_second": 39.8, "draft_n": 316, "draft_n_accepted": 270, "accept_pct": 85.4}
{"test": "pp4096 @ d0", "wall_s": 7.18, "finish": "length", "cache_n": 0, "prompt_n": 4085, "prompt_per_second": 573.8, "predicted_n": 1, "predicted_per_second": 23.6, "draft_n": 0, "draft_n_accepted": 0}
{"test": "tg128 @ d0", "wall_s": 5.76, "finish": "length", "cache_n": 0, "prompt_n": 68, "prompt_per_second": 56.2, "predicted_n": 128, "predicted_per_second": 28.2, "draft_n": 99, "draft_n_accepted": 57, "accept_pct": 57.6}
{"test": "depth 16384 prefix (cached for the next rows)", "wall_s": 27.52, "finish": "length", "cache_n": 0, "prompt_n": 16384, "prompt_per_second": 598.1, "predicted_n": 1, "predicted_per_second": 23.6, "draft_n": 0, "draft_n_accepted": 0}
{"test": "pp4096 @ d16384", "wall_s": 34.58, "finish": "length", "cache_n": 0, "prompt_n": 20421, "prompt_per_second": 592.5, "predicted_n": 1, "predicted_per_second": 23.5, "draft_n": 0, "draft_n_accepted": 0}
{"test": "tg128 @ d16384", "wall_s": 32.31, "finish": "length", "cache_n": 0, "prompt_n": 16401, "prompt_per_second": 591.5, "predicted_n": 128, "predicted_per_second": 28.5, "draft_n": 101, "draft_n_accepted": 64, "accept_pct": 63.4}
{"config": "strata-coder-iq1_m.json", "load_s": 11.2}
{"test": "server: cold first request (short code prompt)", "wall_s": 11.56, "finish": "length", "cache_n": 0, "prompt_n": 314, "prompt_per_second": 230.5, "predicted_n": 400, "predicted_per_second": 39.3, "draft_n": 318, "draft_n_accepted": 273, "accept_pct": 85.8}
{"test": "server: fresh code prompt", "wall_s": 11.49, "finish": "length", "cache_n": 0, "prompt_n": 218, "prompt_per_second": 209.0, "predicted_n": 400, "predicted_per_second": 38.3, "draft_n": 297, "draft_n_accepted": 259, "accept_pct": 87.2}
{"test": "server: ~4.75K-token prompt, prefill + decode tail", "wall_s": 19.83, "finish": "length", "cache_n": 0, "prompt_n": 4749, "prompt_per_second": 590.5, "predicted_n": 400, "predicted_per_second": 34.0, "draft_n": 291, "draft_n_accepted": 234, "accept_pct": 80.4}
{"test": "server: repeated first prompt (reference only)", "wall_s": 11.44, "finish": "length", "cache_n": 0, "prompt_n": 314, "prompt_per_second": 270.1, "predicted_n": 400, "predicted_per_second": 39.0, "draft_n": 316, "draft_n_accepted": 270, "accept_pct": 85.4}
{"test": "pp4096 @ d0", "wall_s": 7.16, "finish": "length", "cache_n": 0, "prompt_n": 4085, "prompt_per_second": 577.1, "predicted_n": 1, "predicted_per_second": 23.5, "draft_n": 0, "draft_n_accepted": 0}
{"test": "tg128 @ d0", "wall_s": 5.78, "finish": "length", "cache_n": 0, "prompt_n": 68, "prompt_per_second": 56.3, "predicted_n": 128, "predicted_per_second": 28.1, "draft_n": 99, "draft_n_accepted": 57, "accept_pct": 57.6}
{"test": "depth 16384 prefix (cached for the next rows)", "wall_s": 27.23, "finish": "length", "cache_n": 0, "prompt_n": 16384, "prompt_per_second": 604.2, "predicted_n": 1, "predicted_per_second": 23.8, "draft_n": 0, "draft_n_accepted": 0}
{"test": "pp4096 @ d16384", "wall_s": 34.26, "finish": "length", "cache_n": 0, "prompt_n": 20421, "prompt_per_second": 598.5, "predicted_n": 1, "predicted_per_second": 23.5, "draft_n": 0, "draft_n_accepted": 0}
{"test": "tg128 @ d16384", "wall_s": 31.97, "finish": "length", "cache_n": 0, "prompt_n": 16401, "prompt_per_second": 598.7, "predicted_n": 128, "predicted_per_second": 28.4, "draft_n": 99, "draft_n_accepted": 64, "accept_pct": 64.6}
{"config": "tmp-coder-todo2a-engine.json", "load_s": 11.7}
{"test": "server: cold first request (short code prompt)", "wall_s": 11.58, "finish": "length", "cache_n": 0, "prompt_n": 314, "prompt_per_second": 227.0, "predicted_n": 400, "predicted_per_second": 39.3, "draft_n": 316, "draft_n_accepted": 273, "accept_pct": 86.4}
{"test": "server: fresh code prompt", "wall_s": 11.62, "finish": "length", "cache_n": 0, "prompt_n": 218, "prompt_per_second": 202.8, "predicted_n": 400, "predicted_per_second": 38.0, "draft_n": 300, "draft_n_accepted": 258, "accept_pct": 86.0}
{"test": "server: ~4.75K-token prompt, prefill + decode tail", "wall_s": 20.01, "finish": "length", "cache_n": 0, "prompt_n": 4749, "prompt_per_second": 583.8, "predicted_n": 400, "predicted_per_second": 33.8, "draft_n": 291, "draft_n_accepted": 234, "accept_pct": 80.4}
{"test": "server: repeated first prompt (reference only)", "wall_s": 11.43, "finish": "length", "cache_n": 0, "prompt_n": 314, "prompt_per_second": 259.6, "predicted_n": 400, "predicted_per_second": 39.2, "draft_n": 317, "draft_n_accepted": 270, "accept_pct": 85.2}
{"test": "pp4096 @ d0", "wall_s": 7.2, "finish": "length", "cache_n": 0, "prompt_n": 4085, "prompt_per_second": 572.0, "predicted_n": 1, "predicted_per_second": 23.1, "draft_n": 0, "draft_n_accepted": 0}
{"test": "tg128 @ d0", "wall_s": 5.75, "finish": "length", "cache_n": 0, "prompt_n": 68, "prompt_per_second": 55.9, "predicted_n": 128, "predicted_per_second": 28.3, "draft_n": 99, "draft_n_accepted": 57, "accept_pct": 57.6}
{"test": "depth 16384 prefix (cached for the next rows)", "wall_s": 27.5, "finish": "length", "cache_n": 0, "prompt_n": 16384, "prompt_per_second": 598.7, "predicted_n": 1, "predicted_per_second": 22.5, "draft_n": 0, "draft_n_accepted": 0}
{"test": "pp4096 @ d16384", "wall_s": 34.42, "finish": "length", "cache_n": 0, "prompt_n": 20421, "prompt_per_second": 595.8, "predicted_n": 1, "predicted_per_second": 23.2, "draft_n": 0, "draft_n_accepted": 0}
{"test": "tg128 @ d16384", "wall_s": 32.05, "finish": "length", "cache_n": 0, "prompt_n": 16401, "prompt_per_second": 597.2, "predicted_n": 128, "predicted_per_second": 28.5, "draft_n": 99, "draft_n_accepted": 64, "accept_pct": 64.6}
{"config": "strata-coder-iq1_m.json", "load_s": 11.7}
{"test": "server: cold first request (short code prompt)", "wall_s": 12.3, "finish": "length", "cache_n": 0, "prompt_n": 314, "prompt_per_second": 229.3, "predicted_n": 400, "predicted_per_second": 36.7, "draft_n": 299, "draft_n_accepted": 253, "accept_pct": 84.6}
{"test": "server: fresh code prompt", "wall_s": 12.07, "finish": "length", "cache_n": 0, "prompt_n": 218, "prompt_per_second": 207.9, "predicted_n": 400, "predicted_per_second": 36.3, "draft_n": 284, "draft_n_accepted": 246, "accept_pct": 86.6}
{"test": "server: ~4.75K-token prompt, prefill + decode tail", "wall_s": 19.89, "finish": "length", "cache_n": 0, "prompt_n": 4749, "prompt_per_second": 591.5, "predicted_n": 400, "predicted_per_second": 33.8, "draft_n": 278, "draft_n_accepted": 234, "accept_pct": 84.2}
{"test": "server: repeated first prompt (reference only)", "wall_s": 11.88, "finish": "length", "cache_n": 0, "prompt_n": 314, "prompt_per_second": 271.1, "predicted_n": 400, "predicted_per_second": 37.4, "draft_n": 293, "draft_n_accepted": 252, "accept_pct": 86.0}
{"test": "pp4096 @ d0", "wall_s": 7.03, "finish": "length", "cache_n": 0, "prompt_n": 4085, "prompt_per_second": 589.0, "predicted_n": 1, "predicted_per_second": 20.8, "draft_n": 0, "draft_n_accepted": 0}
{"test": "tg128 @ d0", "wall_s": 5.86, "finish": "length", "cache_n": 0, "prompt_n": 68, "prompt_per_second": 54.8, "predicted_n": 128, "predicted_per_second": 27.8, "draft_n": 97, "draft_n_accepted": 57, "accept_pct": 58.8}
{"test": "depth 16384 prefix (cached for the next rows)", "wall_s": 26.95, "finish": "length", "cache_n": 0, "prompt_n": 16384, "prompt_per_second": 610.5, "predicted_n": 1, "predicted_per_second": 22.5, "draft_n": 0, "draft_n_accepted": 0}
{"test": "pp4096 @ d16384", "wall_s": 33.83, "finish": "length", "cache_n": 0, "prompt_n": 20421, "prompt_per_second": 606.1, "predicted_n": 1, "predicted_per_second": 23.4, "draft_n": 0, "draft_n_accepted": 0}
{"test": "tg128 @ d16384", "wall_s": 31.88, "finish": "length", "cache_n": 0, "prompt_n": 16401, "prompt_per_second": 603.9, "predicted_n": 128, "predicted_per_second": 27.6, "draft_n": 96, "draft_n_accepted": 64, "accept_pct": 66.7}
{"config": "tmp-coder-todo2a-engine.json", "load_s": 11.7}
{"test": "server: cold first request (short code prompt)", "wall_s": 11.72, "finish": "length", "cache_n": 0, "prompt_n": 314, "prompt_per_second": 227.2, "predicted_n": 400, "predicted_per_second": 38.8, "draft_n": 318, "draft_n_accepted": 273, "accept_pct": 85.8}
{"test": "server: fresh code prompt", "wall_s": 11.63, "finish": "length", "cache_n": 0, "prompt_n": 218, "prompt_per_second": 201.8, "predicted_n": 400, "predicted_per_second": 38.1, "draft_n": 295, "draft_n_accepted": 259, "accept_pct": 87.8}
{"test": "server: ~4.75K-token prompt, prefill + decode tail", "wall_s": 19.94, "finish": "length", "cache_n": 0, "prompt_n": 4749, "prompt_per_second": 593.2, "predicted_n": 400, "predicted_per_second": 33.6, "draft_n": 291, "draft_n_accepted": 234, "accept_pct": 80.4}
{"test": "server: repeated first prompt (reference only)", "wall_s": 11.47, "finish": "length", "cache_n": 0, "prompt_n": 314, "prompt_per_second": 265.3, "predicted_n": 400, "predicted_per_second": 39.0, "draft_n": 317, "draft_n_accepted": 270, "accept_pct": 85.2}
{"test": "pp4096 @ d0", "wall_s": 7.08, "finish": "length", "cache_n": 0, "prompt_n": 4085, "prompt_per_second": 582.2, "predicted_n": 1, "predicted_per_second": 23.1, "draft_n": 0, "draft_n_accepted": 0}
{"test": "tg128 @ d0", "wall_s": 5.83, "finish": "length", "cache_n": 0, "prompt_n": 68, "prompt_per_second": 55.3, "predicted_n": 128, "predicted_per_second": 28.0, "draft_n": 99, "draft_n_accepted": 57, "accept_pct": 57.6}
{"test": "depth 16384 prefix (cached for the next rows)", "wall_s": 27.4, "finish": "length", "cache_n": 0, "prompt_n": 16384, "prompt_per_second": 600.8, "predicted_n": 1, "predicted_per_second": 23.1, "draft_n": 0, "draft_n_accepted": 0}
{"test": "pp4096 @ d16384", "wall_s": 34.47, "finish": "length", "cache_n": 0, "prompt_n": 20421, "prompt_per_second": 594.5, "predicted_n": 1, "predicted_per_second": 23.3, "draft_n": 0, "draft_n_accepted": 0}
{"test": "tg128 @ d16384", "wall_s": 32.21, "finish": "length", "cache_n": 0, "prompt_n": 16401, "prompt_per_second": 595.3, "predicted_n": 128, "predicted_per_second": 28.1, "draft_n": 101, "draft_n_accepted": 64, "accept_pct": 63.4}
{"config": "strata-coder-iq1_m.json", "load_s": 11.6}
{"test": "server: cold first request (short code prompt)", "wall_s": 11.71, "finish": "length", "cache_n": 0, "prompt_n": 314, "prompt_per_second": 229.2, "predicted_n": 400, "predicted_per_second": 38.8, "draft_n": 318, "draft_n_accepted": 273, "accept_pct": 85.8}
{"test": "server: fresh code prompt", "wall_s": 11.66, "finish": "length", "cache_n": 0, "prompt_n": 218, "prompt_per_second": 203.7, "predicted_n": 400, "predicted_per_second": 37.8, "draft_n": 296, "draft_n_accepted": 259, "accept_pct": 87.5}
{"test": "server: ~4.75K-token prompt, prefill + decode tail", "wall_s": 19.98, "finish": "length", "cache_n": 0, "prompt_n": 4749, "prompt_per_second": 598.0, "predicted_n": 400, "predicted_per_second": 33.3, "draft_n": 291, "draft_n_accepted": 234, "accept_pct": 80.4}
{"test": "server: repeated first prompt (reference only)", "wall_s": 11.4, "finish": "length", "cache_n": 0, "prompt_n": 314, "prompt_per_second": 272.2, "predicted_n": 400, "predicted_per_second": 39.1, "draft_n": 317, "draft_n_accepted": 270, "accept_pct": 85.2}
{"test": "pp4096 @ d0", "wall_s": 7.04, "finish": "length", "cache_n": 0, "prompt_n": 4085, "prompt_per_second": 586.8, "predicted_n": 1, "predicted_per_second": 23.3, "draft_n": 0, "draft_n_accepted": 0}
{"test": "tg128 @ d0", "wall_s": 5.86, "finish": "length", "cache_n": 0, "prompt_n": 68, "prompt_per_second": 55.9, "predicted_n": 128, "predicted_per_second": 27.7, "draft_n": 99, "draft_n_accepted": 57, "accept_pct": 57.6}
{"test": "depth 16384 prefix (cached for the next rows)", "wall_s": 26.84, "finish": "length", "cache_n": 0, "prompt_n": 16384, "prompt_per_second": 613.3, "predicted_n": 1, "predicted_per_second": 22.8, "draft_n": 0, "draft_n_accepted": 0}
{"test": "pp4096 @ d16384", "wall_s": 33.95, "finish": "length", "cache_n": 0, "prompt_n": 20421, "prompt_per_second": 604.2, "predicted_n": 1, "predicted_per_second": 23.3, "draft_n": 0, "draft_n_accepted": 0}
{"test": "tg128 @ d16384", "wall_s": 31.79, "finish": "length", "cache_n": 0, "prompt_n": 16401, "prompt_per_second": 605.1, "predicted_n": 128, "predicted_per_second": 27.9, "draft_n": 101, "draft_n_accepted": 64, "accept_pct": 63.4}
{"config": "tmp-coder-todo2a-engine.json", "load_s": 11.7}
{"test": "server: cold first request (short code prompt)", "wall_s": 11.73, "finish": "length", "cache_n": 0, "prompt_n": 314, "prompt_per_second": 225.0, "predicted_n": 400, "predicted_per_second": 38.8, "draft_n": 318, "draft_n_accepted": 273, "accept_pct": 85.8}
{"test": "server: fresh code prompt", "wall_s": 11.67, "finish": "length", "cache_n": 0, "prompt_n": 218, "prompt_per_second": 204.1, "predicted_n": 400, "predicted_per_second": 37.8, "draft_n": 297, "draft_n_accepted": 259, "accept_pct": 87.2}
{"test": "server: ~4.75K-token prompt, prefill + decode tail", "wall_s": 20.03, "finish": "length", "cache_n": 0, "prompt_n": 4749, "prompt_per_second": 586.1, "predicted_n": 400, "predicted_per_second": 33.6, "draft_n": 289, "draft_n_accepted": 234, "accept_pct": 81.0}
{"test": "server: repeated first prompt (reference only)", "wall_s": 11.5, "finish": "length", "cache_n": 0, "prompt_n": 314, "prompt_per_second": 266.0, "predicted_n": 400, "predicted_per_second": 38.8, "draft_n": 317, "draft_n_accepted": 270, "accept_pct": 85.2}
{"test": "pp4096 @ d0", "wall_s": 7.07, "finish": "length", "cache_n": 0, "prompt_n": 4085, "prompt_per_second": 584.7, "predicted_n": 1, "predicted_per_second": 23.1, "draft_n": 0, "draft_n_accepted": 0}
{"test": "tg128 @ d0", "wall_s": 5.83, "finish": "length", "cache_n": 0, "prompt_n": 68, "prompt_per_second": 55.7, "predicted_n": 128, "predicted_per_second": 27.9, "draft_n": 99, "draft_n_accepted": 57, "accept_pct": 57.6}
{"test": "depth 16384 prefix (cached for the next rows)", "wall_s": 27.32, "finish": "length", "cache_n": 0, "prompt_n": 16384, "prompt_per_second": 602.5, "predicted_n": 1, "predicted_per_second": 23.3, "draft_n": 0, "draft_n_accepted": 0}
{"test": "pp4096 @ d16384", "wall_s": 34.24, "finish": "length", "cache_n": 0, "prompt_n": 20421, "prompt_per_second": 598.8, "predicted_n": 1, "predicted_per_second": 23.0, "draft_n": 0, "draft_n_accepted": 0}
{"test": "tg128 @ d16384", "wall_s": 31.98, "finish": "length", "cache_n": 0, "prompt_n": 16401, "prompt_per_second": 599.8, "predicted_n": 128, "predicted_per_second": 28.1, "draft_n": 101, "draft_n_accepted": 64, "accept_pct": 63.4}
{"config": "strata-coder-iq1_m.json", "load_s": 11.7}
{"test": "server: cold first request (short code prompt)", "wall_s": 11.74, "finish": "length", "cache_n": 0, "prompt_n": 314, "prompt_per_second": 228.0, "predicted_n": 400, "predicted_per_second": 38.7, "draft_n": 318, "draft_n_accepted": 273, "accept_pct": 85.8}
{"test": "server: fresh code prompt", "wall_s": 11.68, "finish": "length", "cache_n": 0, "prompt_n": 218, "prompt_per_second": 205.2, "predicted_n": 400, "predicted_per_second": 37.7, "draft_n": 297, "draft_n_accepted": 259, "accept_pct": 87.2}
{"test": "server: ~4.75K-token prompt, prefill + decode tail", "wall_s": 19.92, "finish": "length", "cache_n": 0, "prompt_n": 4749, "prompt_per_second": 600.3, "predicted_n": 400, "predicted_per_second": 33.4, "draft_n": 291, "draft_n_accepted": 234, "accept_pct": 80.4}
{"test": "server: repeated first prompt (reference only)", "wall_s": 11.59, "finish": "length", "cache_n": 0, "prompt_n": 314, "prompt_per_second": 262.2, "predicted_n": 400, "predicted_per_second": 38.6, "draft_n": 317, "draft_n_accepted": 270, "accept_pct": 85.2}
{"test": "pp4096 @ d0", "wall_s": 7.09, "finish": "length", "cache_n": 0, "prompt_n": 4085, "prompt_per_second": 582.5, "predicted_n": 1, "predicted_per_second": 23.4, "draft_n": 0, "draft_n_accepted": 0}
{"test": "tg128 @ d0", "wall_s": 5.85, "finish": "length", "cache_n": 0, "prompt_n": 68, "prompt_per_second": 55.6, "predicted_n": 128, "predicted_per_second": 27.8, "draft_n": 99, "draft_n_accepted": 57, "accept_pct": 57.6}
{"test": "depth 16384 prefix (cached for the next rows)", "wall_s": 27.01, "finish": "length", "cache_n": 0, "prompt_n": 16384, "prompt_per_second": 609.5, "predicted_n": 1, "predicted_per_second": 23.4, "draft_n": 0, "draft_n_accepted": 0}
{"test": "pp4096 @ d16384", "wall_s": 34.07, "finish": "length", "cache_n": 0, "prompt_n": 20421, "prompt_per_second": 601.8, "predicted_n": 1, "predicted_per_second": 22.9, "draft_n": 0, "draft_n_accepted": 0}
{"test": "tg128 @ d16384", "wall_s": 31.95, "finish": "length", "cache_n": 0, "prompt_n": 16401, "prompt_per_second": 600.3, "predicted_n": 128, "predicted_per_second": 28.1, "draft_n": 101, "draft_n_accepted": 64, "accept_pct": 63.4}
